Parse tree from /dev/fd/63:
Number(9999)
  Sign(9999)
    TOKEN_1(9999): "-", line: 1, col: 1
  Digits(9999)
    Digit(9999)
      TOKEN_4(9999): "1", line: 1, col: 2
  TOKEN_2(9999): ".", line: 1, col: 3
  Digits(9999)
    Digit(9999)
      TOKEN_5(9999): "2", line: 1, col: 4
    Digit(9999)
      TOKEN_6(9999): "3", line: 1, col: 5
  Exponent(9999)
    TOKEN_14(9999): "e", line: 1, col: 6
    Digits(9999)
      Digit(9999)
        TOKEN_4(9999): "1", line: 1, col: 7
      Digit(9999)
        TOKEN_5(9999): "2", line: 1, col: 8
Parse tree from /dev/fd/63:
Number(9999)
  Sign(9999)
    TOKEN_1(9999): "-", line: 1, col: 1
  Digits(9999)
    Digit(9999)
      TOKEN_4(9999): "1", line: 1, col: 2
  TOKEN_2(9999): ".", line: 1, col: 3
  Digits(9999)
    Digit(9999)
      TOKEN_5(9999): "2", line: 1, col: 4
    Digit(9999)
      TOKEN_6(9999): "3", line: 1, col: 5
  Exponent(9999)
    TOKEN_13(9999): "E", line: 1, col: 6
    Digits(9999)
      Digit(9999)
        TOKEN_4(9999): "1", line: 1, col: 7
      Digit(9999)
        TOKEN_5(9999): "2", line: 1, col: 8
Parse tree from /dev/fd/63:
Number(9999)
  Sign(9999)
    TOKEN_1(9999): "-", line: 1, col: 1
  TOKEN_2(9999): ".", line: 1, col: 2
  Digits(9999)
    Digit(9999)
      TOKEN_5(9999): "2", line: 1, col: 3
    Digit(9999)
      TOKEN_6(9999): "3", line: 1, col: 4
  Exponent(9999)
    TOKEN_14(9999): "e", line: 1, col: 5
    Digits(9999)
      Digit(9999)
        TOKEN_4(9999): "1", line: 1, col: 6
      Digit(9999)
        TOKEN_5(9999): "2", line: 1, col: 7
Parse tree from /dev/fd/63:
Number(9999)
  Sign(9999)
    TOKEN_1(9999): "-", line: 1, col: 1
  TOKEN_2(9999): ".", line: 1, col: 2
  Digits(9999)
    Digit(9999)
      TOKEN_5(9999): "2", line: 1, col: 3
    Digit(9999)
      TOKEN_6(9999): "3", line: 1, col: 4
  Exponent(9999)
    TOKEN_13(9999): "E", line: 1, col: 5
    Digits(9999)
      Digit(9999)
        TOKEN_4(9999): "1", line: 1, col: 6
      Digit(9999)
        TOKEN_5(9999): "2", line: 1, col: 7
Parse tree from /dev/fd/63:
Number(9999)
  Sign(9999)
    TOKEN_1(9999): "-", line: 1, col: 1
  Digits(9999)
    Digit(9999)
      TOKEN_4(9999): "1", line: 1, col: 2
    Digit(9999)
      TOKEN_4(9999): "1", line: 1, col: 3
    Digit(9999)
      TOKEN_4(9999): "1", line: 1, col: 4
Parse tree from /dev/fd/63:
Number(9999)
  Sign(9999)
    TOKEN_1(9999): "-", line: 1, col: 1
  Digits(9999)
    Digit(9999)
      TOKEN_4(9999): "1", line: 1, col: 2
    Digit(9999)
      TOKEN_5(9999): "2", line: 1, col: 3
Parse tree from /dev/fd/63:
Number(9999)
  Sign(9999)
    TOKEN_1(9999): "-", line: 1, col: 1
  Digits(9999)
    Digit(9999)
      TOKEN_4(9999): "1", line: 1, col: 2
    Digit(9999)
      TOKEN_4(9999): "1", line: 1, col: 3
  TOKEN_2(9999): ".", line: 1, col: 4
  Digits(9999)
    Digit(9999)
      TOKEN_4(9999): "1", line: 1, col: 5
Parse tree from /dev/fd/63:
Number(9999)
  Sign(9999)
    TOKEN_1(9999): "-", line: 1, col: 1
  Digits(9999)
    Digit(9999)
      TOKEN_4(9999): "1", line: 1, col: 2
  Exponent(9999)
    TOKEN_14(9999): "e", line: 1, col: 3
    Digits(9999)
      Digit(9999)
        TOKEN_4(9999): "1", line: 1, col: 4
Parse tree from /dev/fd/63:
Number(9999)
  Sign(9999)
    TOKEN_1(9999): "-", line: 1, col: 1
  Digits(9999)
    Digit(9999)
      TOKEN_4(9999): "1", line: 1, col: 2
  Exponent(9999)
    TOKEN_13(9999): "E", line: 1, col: 3
    Digits(9999)
      Digit(9999)
        TOKEN_4(9999): "1", line: 1, col: 4
Parse tree from /dev/fd/63:
Number(9999)
  Sign(9999)
    TOKEN_1(9999): "-", line: 1, col: 1
  Digits(9999)
    Digit(9999)
      TOKEN_4(9999): "1", line: 1, col: 2
  TOKEN_2(9999): ".", line: 1, col: 3
  Digits(9999)
    Digit(9999)
      TOKEN_5(9999): "2", line: 1, col: 4
    Digit(9999)
      TOKEN_6(9999): "3", line: 1, col: 5
Parse tree from /dev/fd/63:
Number(9999)
  Sign(9999)
    TOKEN_1(9999): "-", line: 1, col: 1
  Digits(9999)
    Digit(9999)
      TOKEN_4(9999): "1", line: 1, col: 2
Parse tree from /dev/fd/63:
Number(9999)
  Sign(9999)
    TOKEN_1(9999): "-", line: 1, col: 1
  Digits(9999)
    Digit(9999)
      TOKEN_4(9999): "1", line: 1, col: 2
  TOKEN_2(9999): ".", line: 1, col: 3
Parse tree from /dev/fd/63:
Number(9999)
  Sign(9999)
    TOKEN_1(9999): "-", line: 1, col: 1
  TOKEN_2(9999): ".", line: 1, col: 2
  Digits(9999)
    Digit(9999)
      TOKEN_4(9999): "1", line: 1, col: 3
  Exponent(9999)
    TOKEN_14(9999): "e", line: 1, col: 4
    Digits(9999)
      Digit(9999)
        TOKEN_4(9999): "1", line: 1, col: 5
Parse tree from /dev/fd/63:
Number(9999)
  Sign(9999)
    TOKEN_1(9999): "-", line: 1, col: 1
  TOKEN_2(9999): ".", line: 1, col: 2
  Digits(9999)
    Digit(9999)
      TOKEN_4(9999): "1", line: 1, col: 3
  Exponent(9999)
    TOKEN_13(9999): "E", line: 1, col: 4
    Digits(9999)
      Digit(9999)
        TOKEN_4(9999): "1", line: 1, col: 5
Parse tree from /dev/fd/63:
Number(9999)
  Sign(9999)
    TOKEN_1(9999): "-", line: 1, col: 1
  TOKEN_2(9999): ".", line: 1, col: 2
  Digits(9999)
    Digit(9999)
      TOKEN_5(9999): "2", line: 1, col: 3
    Digit(9999)
      TOKEN_6(9999): "3", line: 1, col: 4
Parse tree from /dev/fd/63:
Number(9999)
  Sign(9999)
    TOKEN_1(9999): "-", line: 1, col: 1
  TOKEN_2(9999): ".", line: 1, col: 2
  Digits(9999)
    Digit(9999)
      TOKEN_4(9999): "1", line: 1, col: 3
Parse tree from /dev/fd/63:
Number(9999)
  Sign(9999)
    TOKEN_1(9999): "-", line: 1, col: 1
  Digits(9999)
    Digit(9999)
      TOKEN_4(9999): "1", line: 1, col: 2
  TOKEN_2(9999): ".", line: 1, col: 3
  Digits(9999)
    Digit(9999)
      TOKEN_5(9999): "2", line: 1, col: 4
    Digit(9999)
      TOKEN_6(9999): "3", line: 1, col: 5
  Exponent(9999)
    TOKEN_14(9999): "e", line: 1, col: 6
    Sign(9999)
      TOKEN_1(9999): "-", line: 1, col: 7
    Digits(9999)
      Digit(9999)
        TOKEN_4(9999): "1", line: 1, col: 8
      Digit(9999)
        TOKEN_5(9999): "2", line: 1, col: 9
Parse tree from /dev/fd/63:
Number(9999)
  Sign(9999)
    TOKEN_1(9999): "-", line: 1, col: 1
  Digits(9999)
    Digit(9999)
      TOKEN_4(9999): "1", line: 1, col: 2
  TOKEN_2(9999): ".", line: 1, col: 3
  Digits(9999)
    Digit(9999)
      TOKEN_5(9999): "2", line: 1, col: 4
    Digit(9999)
      TOKEN_6(9999): "3", line: 1, col: 5
  Exponent(9999)
    TOKEN_13(9999): "E", line: 1, col: 6
    Sign(9999)
      TOKEN_1(9999): "-", line: 1, col: 7
    Digits(9999)
      Digit(9999)
        TOKEN_4(9999): "1", line: 1, col: 8
      Digit(9999)
        TOKEN_5(9999): "2", line: 1, col: 9
Parse tree from /dev/fd/63:
Number(9999)
  Sign(9999)
    TOKEN_1(9999): "-", line: 1, col: 1
  TOKEN_2(9999): ".", line: 1, col: 2
  Digits(9999)
    Digit(9999)
      TOKEN_5(9999): "2", line: 1, col: 3
    Digit(9999)
      TOKEN_6(9999): "3", line: 1, col: 4
  Exponent(9999)
    TOKEN_14(9999): "e", line: 1, col: 5
    Sign(9999)
      TOKEN_1(9999): "-", line: 1, col: 6
    Digits(9999)
      Digit(9999)
        TOKEN_4(9999): "1", line: 1, col: 7
      Digit(9999)
        TOKEN_5(9999): "2", line: 1, col: 8
Parse tree from /dev/fd/63:
Number(9999)
  Sign(9999)
    TOKEN_1(9999): "-", line: 1, col: 1
  TOKEN_2(9999): ".", line: 1, col: 2
  Digits(9999)
    Digit(9999)
      TOKEN_5(9999): "2", line: 1, col: 3
    Digit(9999)
      TOKEN_6(9999): "3", line: 1, col: 4
  Exponent(9999)
    TOKEN_13(9999): "E", line: 1, col: 5
    Sign(9999)
      TOKEN_1(9999): "-", line: 1, col: 6
    Digits(9999)
      Digit(9999)
        TOKEN_4(9999): "1", line: 1, col: 7
      Digit(9999)
        TOKEN_5(9999): "2", line: 1, col: 8
Parse tree from /dev/fd/63:
Number(9999)
  Sign(9999)
    TOKEN_1(9999): "-", line: 1, col: 1
  TOKEN_2(9999): ".", line: 1, col: 2
  Digits(9999)
    Digit(9999)
      TOKEN_3(9999): "0", line: 1, col: 3
Parse tree from /dev/fd/63:
Number(9999)
  TOKEN_2(9999): ".", line: 1, col: 1
  Digits(9999)
    Digit(9999)
      TOKEN_3(9999): "0", line: 1, col: 2
Parse tree from /dev/fd/63:
Number(9999)
  Sign(9999)
    TOKEN_0(9999): "+", line: 1, col: 1
  TOKEN_2(9999): ".", line: 1, col: 2
  Digits(9999)
    Digit(9999)
      TOKEN_3(9999): "0", line: 1, col: 3
Parse tree from /dev/fd/63:
Number(9999)
  Digits(9999)
    Digit(9999)
      TOKEN_3(9999): "0", line: 1, col: 1
  TOKEN_2(9999): ".", line: 1, col: 2
  Digits(9999)
    Digit(9999)
      TOKEN_5(9999): "2", line: 1, col: 3
    Digit(9999)
      TOKEN_6(9999): "3", line: 1, col: 4
  Exponent(9999)
    TOKEN_14(9999): "e", line: 1, col: 5
    Sign(9999)
      TOKEN_1(9999): "-", line: 1, col: 6
    Digits(9999)
      Digit(9999)
        TOKEN_4(9999): "1", line: 1, col: 7
      Digit(9999)
        TOKEN_5(9999): "2", line: 1, col: 8
Parse tree from /dev/fd/63:
Number(9999)
  Digits(9999)
    Digit(9999)
      TOKEN_3(9999): "0", line: 1, col: 1
  TOKEN_2(9999): ".", line: 1, col: 2
  Digits(9999)
    Digit(9999)
      TOKEN_5(9999): "2", line: 1, col: 3
    Digit(9999)
      TOKEN_6(9999): "3", line: 1, col: 4
  Exponent(9999)
    TOKEN_13(9999): "E", line: 1, col: 5
    Sign(9999)
      TOKEN_1(9999): "-", line: 1, col: 6
    Digits(9999)
      Digit(9999)
        TOKEN_4(9999): "1", line: 1, col: 7
      Digit(9999)
        TOKEN_5(9999): "2", line: 1, col: 8
Parse tree from /dev/fd/63:
Number(9999)
  TOKEN_2(9999): ".", line: 1, col: 1
  Digits(9999)
    Digit(9999)
      TOKEN_5(9999): "2", line: 1, col: 2
    Digit(9999)
      TOKEN_6(9999): "3", line: 1, col: 3
  Exponent(9999)
    TOKEN_14(9999): "e", line: 1, col: 4
    Sign(9999)
      TOKEN_1(9999): "-", line: 1, col: 5
    Digits(9999)
      Digit(9999)
        TOKEN_4(9999): "1", line: 1, col: 6
      Digit(9999)
        TOKEN_5(9999): "2", line: 1, col: 7
Parse tree from /dev/fd/63:
Number(9999)
  Sign(9999)
    TOKEN_0(9999): "+", line: 1, col: 1
  TOKEN_2(9999): ".", line: 1, col: 2
  Digits(9999)
    Digit(9999)
      TOKEN_5(9999): "2", line: 1, col: 3
    Digit(9999)
      TOKEN_6(9999): "3", line: 1, col: 4
  Exponent(9999)
    TOKEN_14(9999): "e", line: 1, col: 5
    Sign(9999)
      TOKEN_1(9999): "-", line: 1, col: 6
    Digits(9999)
      Digit(9999)
        TOKEN_4(9999): "1", line: 1, col: 7
      Digit(9999)
        TOKEN_5(9999): "2", line: 1, col: 8
Parse tree from /dev/fd/63:
Number(9999)
  TOKEN_2(9999): ".", line: 1, col: 1
  Digits(9999)
    Digit(9999)
      TOKEN_5(9999): "2", line: 1, col: 2
    Digit(9999)
      TOKEN_6(9999): "3", line: 1, col: 3
  Exponent(9999)
    TOKEN_13(9999): "E", line: 1, col: 4
    Sign(9999)
      TOKEN_1(9999): "-", line: 1, col: 5
    Digits(9999)
      Digit(9999)
        TOKEN_4(9999): "1", line: 1, col: 6
      Digit(9999)
        TOKEN_5(9999): "2", line: 1, col: 7
Parse tree from /dev/fd/63:
Number(9999)
  Sign(9999)
    TOKEN_0(9999): "+", line: 1, col: 1
  TOKEN_2(9999): ".", line: 1, col: 2
  Digits(9999)
    Digit(9999)
      TOKEN_5(9999): "2", line: 1, col: 3
    Digit(9999)
      TOKEN_6(9999): "3", line: 1, col: 4
  Exponent(9999)
    TOKEN_13(9999): "E", line: 1, col: 5
    Sign(9999)
      TOKEN_1(9999): "-", line: 1, col: 6
    Digits(9999)
      Digit(9999)
        TOKEN_4(9999): "1", line: 1, col: 7
      Digit(9999)
        TOKEN_5(9999): "2", line: 1, col: 8
Parse tree from /dev/fd/63:
Number(9999)
  Digits(9999)
    Digit(9999)
      TOKEN_4(9999): "1", line: 1, col: 1
  TOKEN_2(9999): ".", line: 1, col: 2
  Exponent(9999)
    TOKEN_14(9999): "e", line: 1, col: 3
    Sign(9999)
      TOKEN_1(9999): "-", line: 1, col: 4
    Digits(9999)
      Digit(9999)
        TOKEN_4(9999): "1", line: 1, col: 5
      Digit(9999)
        TOKEN_5(9999): "2", line: 1, col: 6
Parse tree from /dev/fd/63:
Number(9999)
  Digits(9999)
    Digit(9999)
      TOKEN_4(9999): "1", line: 1, col: 1
  TOKEN_2(9999): ".", line: 1, col: 2
  Exponent(9999)
    TOKEN_13(9999): "E", line: 1, col: 3
    Sign(9999)
      TOKEN_1(9999): "-", line: 1, col: 4
    Digits(9999)
      Digit(9999)
        TOKEN_4(9999): "1", line: 1, col: 5
      Digit(9999)
        TOKEN_5(9999): "2", line: 1, col: 6
Parse tree from /dev/fd/63:
Number(9999)
  Sign(9999)
    TOKEN_0(9999): "+", line: 1, col: 1
  Digits(9999)
    Digit(9999)
      TOKEN_4(9999): "1", line: 1, col: 2
  TOKEN_2(9999): ".", line: 1, col: 3
  Digits(9999)
    Digit(9999)
      TOKEN_5(9999): "2", line: 1, col: 4
    Digit(9999)
      TOKEN_6(9999): "3", line: 1, col: 5
  Exponent(9999)
    TOKEN_14(9999): "e", line: 1, col: 6
    Sign(9999)
      TOKEN_1(9999): "-", line: 1, col: 7
    Digits(9999)
      Digit(9999)
        TOKEN_4(9999): "1", line: 1, col: 8
      Digit(9999)
        TOKEN_5(9999): "2", line: 1, col: 9
Parse tree from /dev/fd/63:
Number(9999)
  Sign(9999)
    TOKEN_0(9999): "+", line: 1, col: 1
  Digits(9999)
    Digit(9999)
      TOKEN_4(9999): "1", line: 1, col: 2
  TOKEN_2(9999): ".", line: 1, col: 3
  Digits(9999)
    Digit(9999)
      TOKEN_5(9999): "2", line: 1, col: 4
    Digit(9999)
      TOKEN_6(9999): "3", line: 1, col: 5
  Exponent(9999)
    TOKEN_13(9999): "E", line: 1, col: 6
    Sign(9999)
      TOKEN_1(9999): "-", line: 1, col: 7
    Digits(9999)
      Digit(9999)
        TOKEN_4(9999): "1", line: 1, col: 8
      Digit(9999)
        TOKEN_5(9999): "2", line: 1, col: 9
Parse tree from /dev/fd/63:
Number(9999)
  TOKEN_2(9999): ".", line: 1, col: 1
  Digits(9999)
    Digit(9999)
      TOKEN_4(9999): "1", line: 1, col: 2
    Digit(9999)
      TOKEN_5(9999): "2", line: 1, col: 3
    Digit(9999)
      TOKEN_6(9999): "3", line: 1, col: 4
Parse tree from /dev/fd/63:
Number(9999)
  Digits(9999)
    Digit(9999)
      TOKEN_3(9999): "0", line: 1, col: 1
  TOKEN_2(9999): ".", line: 1, col: 2
  Digits(9999)
    Digit(9999)
      TOKEN_5(9999): "2", line: 1, col: 3
    Digit(9999)
      TOKEN_6(9999): "3", line: 1, col: 4
Parse tree from /dev/fd/63:
Number(9999)
  TOKEN_2(9999): ".", line: 1, col: 1
  Digits(9999)
    Digit(9999)
      TOKEN_5(9999): "2", line: 1, col: 2
    Digit(9999)
      TOKEN_6(9999): "3", line: 1, col: 3
Parse tree from /dev/fd/63:
Number(9999)
  Sign(9999)
    TOKEN_0(9999): "+", line: 1, col: 1
  TOKEN_2(9999): ".", line: 1, col: 2
  Digits(9999)
    Digit(9999)
      TOKEN_5(9999): "2", line: 1, col: 3
    Digit(9999)
      TOKEN_6(9999): "3", line: 1, col: 4
Parse tree from /dev/fd/63:
Number(9999)
  Digits(9999)
    Digit(9999)
      TOKEN_4(9999): "1", line: 1, col: 1
Parse tree from /dev/fd/63:
Number(9999)
  Sign(9999)
    TOKEN_0(9999): "+", line: 1, col: 1
  Digits(9999)
    Digit(9999)
      TOKEN_4(9999): "1", line: 1, col: 2
Parse tree from /dev/fd/63:
Number(9999)
  Digits(9999)
    Digit(9999)
      TOKEN_4(9999): "1", line: 1, col: 1
  TOKEN_2(9999): ".", line: 1, col: 2
Parse tree from /dev/fd/63:
Number(9999)
  TOKEN_2(9999): ".", line: 1, col: 1
  Digits(9999)
    Digit(9999)
      TOKEN_4(9999): "1", line: 1, col: 2
  Exponent(9999)
    TOKEN_14(9999): "e", line: 1, col: 3
    Digits(9999)
      Digit(9999)
        TOKEN_4(9999): "1", line: 1, col: 4
Parse tree from /dev/fd/63:
Number(9999)
  TOKEN_2(9999): ".", line: 1, col: 1
  Digits(9999)
    Digit(9999)
      TOKEN_4(9999): "1", line: 1, col: 2
  Exponent(9999)
    TOKEN_13(9999): "E", line: 1, col: 3
    Digits(9999)
      Digit(9999)
        TOKEN_4(9999): "1", line: 1, col: 4
Parse tree from /dev/fd/63:
Number(9999)
  Digits(9999)
    Digit(9999)
      TOKEN_4(9999): "1", line: 1, col: 1
  TOKEN_2(9999): ".", line: 1, col: 2
  Digits(9999)
    Digit(9999)
      TOKEN_4(9999): "1", line: 1, col: 3
Parse tree from /dev/fd/63:
Number(9999)
  Digits(9999)
    Digit(9999)
      TOKEN_4(9999): "1", line: 1, col: 1
  TOKEN_2(9999): ".", line: 1, col: 2
  Digits(9999)
    Digit(9999)
      TOKEN_5(9999): "2", line: 1, col: 3
Parse tree from /dev/fd/63:
Number(9999)
  Sign(9999)
    TOKEN_0(9999): "+", line: 1, col: 1
  Digits(9999)
    Digit(9999)
      TOKEN_4(9999): "1", line: 1, col: 2
  TOKEN_2(9999): ".", line: 1, col: 3
  Digits(9999)
    Digit(9999)
      TOKEN_5(9999): "2", line: 1, col: 4
    Digit(9999)
      TOKEN_6(9999): "3", line: 1, col: 5
Parse tree from /dev/fd/63:
Number(9999)
  Digits(9999)
    Digit(9999)
      TOKEN_4(9999): "1", line: 1, col: 1
  TOKEN_2(9999): ".", line: 1, col: 2
  Digits(9999)
    Digit(9999)
      TOKEN_5(9999): "2", line: 1, col: 3
    Digit(9999)
      TOKEN_6(9999): "3", line: 1, col: 4
Parse tree from /dev/fd/63:
Number(9999)
  Digits(9999)
    Digit(9999)
      TOKEN_4(9999): "1", line: 1, col: 1
  TOKEN_2(9999): ".", line: 1, col: 2
  Digits(9999)
    Digit(9999)
      TOKEN_5(9999): "2", line: 1, col: 3
    Digit(9999)
      TOKEN_6(9999): "3", line: 1, col: 4
    Digit(9999)
      TOKEN_7(9999): "4", line: 1, col: 5
Parse tree from /dev/fd/63:
Number(9999)
  Digits(9999)
    Digit(9999)
      TOKEN_5(9999): "2", line: 1, col: 1
Parse tree from /dev/fd/63:
Number(9999)
  Sign(9999)
    TOKEN_0(9999): "+", line: 1, col: 1
  Digits(9999)
    Digit(9999)
      TOKEN_5(9999): "2", line: 1, col: 2
  TOKEN_2(9999): ".", line: 1, col: 3
  Digits(9999)
    Digit(9999)
      TOKEN_5(9999): "2", line: 1, col: 4
Parse tree from /dev/fd/63:
Number(9999)
  Digits(9999)
    Digit(9999)
      TOKEN_6(9999): "3", line: 1, col: 1
Parse tree from /dev/fd/63:
Number(9999)
  Digits(9999)
    Digit(9999)
      TOKEN_7(9999): "4", line: 1, col: 1
Parse tree from /dev/fd/63:
Number(9999)
  Digits(9999)
    Digit(9999)
      TOKEN_8(9999): "5", line: 1, col: 1
Parse tree from /dev/fd/63:
Number(9999)
  Digits(9999)
    Digit(9999)
      TOKEN_9(9999): "6", line: 1, col: 1
Parse tree from /dev/fd/63:
Number(9999)
  Digits(9999)
    Digit(9999)
      TOKEN_4(9999): "1", line: 1, col: 1
  Exponent(9999)
    TOKEN_14(9999): "e", line: 1, col: 2
    Digits(9999)
      Digit(9999)
        TOKEN_4(9999): "1", line: 1, col: 3
Parse tree from /dev/fd/63:
Number(9999)
  Sign(9999)
    TOKEN_0(9999): "+", line: 1, col: 1
  Digits(9999)
    Digit(9999)
      TOKEN_4(9999): "1", line: 1, col: 2
  TOKEN_2(9999): ".", line: 1, col: 3
  Exponent(9999)
    TOKEN_14(9999): "e", line: 1, col: 4
    Digits(9999)
      Digit(9999)
        TOKEN_4(9999): "1", line: 1, col: 5
Parse tree from /dev/fd/63:
Number(9999)
  Digits(9999)
    Digit(9999)
      TOKEN_4(9999): "1", line: 1, col: 1
  TOKEN_2(9999): ".", line: 1, col: 2
  Exponent(9999)
    TOKEN_14(9999): "e", line: 1, col: 3
    Digits(9999)
      Digit(9999)
        TOKEN_4(9999): "1", line: 1, col: 4
Parse tree from /dev/fd/63:
Number(9999)
  Digits(9999)
    Digit(9999)
      TOKEN_4(9999): "1", line: 1, col: 1
  Exponent(9999)
    TOKEN_13(9999): "E", line: 1, col: 2
    Digits(9999)
      Digit(9999)
        TOKEN_4(9999): "1", line: 1, col: 3
Parse tree from /dev/fd/63:
Number(9999)
  Sign(9999)
    TOKEN_0(9999): "+", line: 1, col: 1
  Digits(9999)
    Digit(9999)
      TOKEN_4(9999): "1", line: 1, col: 2
  TOKEN_2(9999): ".", line: 1, col: 3
  Exponent(9999)
    TOKEN_13(9999): "E", line: 1, col: 4
    Digits(9999)
      Digit(9999)
        TOKEN_4(9999): "1", line: 1, col: 5
Parse tree from /dev/fd/63:
Number(9999)
  Digits(9999)
    Digit(9999)
      TOKEN_4(9999): "1", line: 1, col: 1
  TOKEN_2(9999): ".", line: 1, col: 2
  Exponent(9999)
    TOKEN_13(9999): "E", line: 1, col: 3
    Digits(9999)
      Digit(9999)
        TOKEN_4(9999): "1", line: 1, col: 4
Parse tree from /dev/fd/63:
Number(9999)
  Digits(9999)
    Digit(9999)
      TOKEN_4(9999): "1", line: 1, col: 1
    Digit(9999)
      TOKEN_4(9999): "1", line: 1, col: 2
  TOKEN_2(9999): ".", line: 1, col: 3
  Digits(9999)
    Digit(9999)
      TOKEN_4(9999): "1", line: 1, col: 4
Parse tree from /dev/fd/63:
Number(9999)
  Digits(9999)
    Digit(9999)
      TOKEN_4(9999): "1", line: 1, col: 1
    Digit(9999)
      TOKEN_5(9999): "2", line: 1, col: 2
Parse tree from /dev/fd/63:
Number(9999)
  Digits(9999)
    Digit(9999)
      TOKEN_5(9999): "2", line: 1, col: 1
    Digit(9999)
      TOKEN_4(9999): "1", line: 1, col: 2
Parse tree from /dev/fd/63:
Number(9999)
  Digits(9999)
    Digit(9999)
      TOKEN_5(9999): "2", line: 1, col: 1
    Digit(9999)
      TOKEN_6(9999): "3", line: 1, col: 2
Parse tree from /dev/fd/63:
Number(9999)
  Sign(9999)
    TOKEN_0(9999): "+", line: 1, col: 1
  TOKEN_2(9999): ".", line: 1, col: 2
  Digits(9999)
    Digit(9999)
      TOKEN_5(9999): "2", line: 1, col: 3
    Digit(9999)
      TOKEN_6(9999): "3", line: 1, col: 4
  Exponent(9999)
    TOKEN_14(9999): "e", line: 1, col: 5
    Digits(9999)
      Digit(9999)
        TOKEN_5(9999): "2", line: 1, col: 6
Parse tree from /dev/fd/63:
Number(9999)
  Sign(9999)
    TOKEN_0(9999): "+", line: 1, col: 1
  TOKEN_2(9999): ".", line: 1, col: 2
  Digits(9999)
    Digit(9999)
      TOKEN_5(9999): "2", line: 1, col: 3
    Digit(9999)
      TOKEN_6(9999): "3", line: 1, col: 4
  Exponent(9999)
    TOKEN_13(9999): "E", line: 1, col: 5
    Digits(9999)
      Digit(9999)
        TOKEN_5(9999): "2", line: 1, col: 6
Parse tree from /dev/fd/63:
Number(9999)
  Digits(9999)
    Digit(9999)
      TOKEN_6(9999): "3", line: 1, col: 1
    Digit(9999)
      TOKEN_6(9999): "3", line: 1, col: 2
Parse tree from /dev/fd/63:
Number(9999)
  Digits(9999)
    Digit(9999)
      TOKEN_4(9999): "1", line: 1, col: 1
    Digit(9999)
      TOKEN_4(9999): "1", line: 1, col: 2
    Digit(9999)
      TOKEN_4(9999): "1", line: 1, col: 3
Parse tree from /dev/fd/63:
Number(9999)
  Sign(9999)
    TOKEN_0(9999): "+", line: 1, col: 1
  Digits(9999)
    Digit(9999)
      TOKEN_4(9999): "1", line: 1, col: 2
    Digit(9999)
      TOKEN_4(9999): "1", line: 1, col: 3
    Digit(9999)
      TOKEN_4(9999): "1", line: 1, col: 4
Parse tree from /dev/fd/63:
Number(9999)
  Digits(9999)
    Digit(9999)
      TOKEN_4(9999): "1", line: 1, col: 1
    Digit(9999)
      TOKEN_4(9999): "1", line: 1, col: 2
    Digit(9999)
      TOKEN_6(9999): "3", line: 1, col: 3
Parse tree from /dev/fd/63:
Number(9999)
  Digits(9999)
    Digit(9999)
      TOKEN_4(9999): "1", line: 1, col: 1
    Digit(9999)
      TOKEN_5(9999): "2", line: 1, col: 2
    Digit(9999)
      TOKEN_6(9999): "3", line: 1, col: 3
Parse tree from /dev/fd/63:
Number(9999)
  Digits(9999)
    Digit(9999)
      TOKEN_5(9999): "2", line: 1, col: 1
  TOKEN_2(9999): ".", line: 1, col: 2
  Digits(9999)
    Digit(9999)
      TOKEN_6(9999): "3", line: 1, col: 3
    Digit(9999)
      TOKEN_7(9999): "4", line: 1, col: 4
  Exponent(9999)
    TOKEN_14(9999): "e", line: 1, col: 5
    Digits(9999)
      Digit(9999)
        TOKEN_7(9999): "4", line: 1, col: 6
Parse tree from /dev/fd/63:
Number(9999)
  Digits(9999)
    Digit(9999)
      TOKEN_5(9999): "2", line: 1, col: 1
  TOKEN_2(9999): ".", line: 1, col: 2
  Digits(9999)
    Digit(9999)
      TOKEN_6(9999): "3", line: 1, col: 3
    Digit(9999)
      TOKEN_7(9999): "4", line: 1, col: 4
  Exponent(9999)
    TOKEN_13(9999): "E", line: 1, col: 5
    Digits(9999)
      Digit(9999)
        TOKEN_7(9999): "4", line: 1, col: 6
Parse tree from /dev/fd/63:
Number(9999)
  Sign(9999)
    TOKEN_0(9999): "+", line: 1, col: 1
  Digits(9999)
    Digit(9999)
      TOKEN_4(9999): "1", line: 1, col: 2
    Digit(9999)
      TOKEN_3(9999): "0", line: 1, col: 3
    Digit(9999)
      TOKEN_3(9999): "0", line: 1, col: 4
    Digit(9999)
      TOKEN_3(9999): "0", line: 1, col: 5
    Digit(9999)
      TOKEN_3(9999): "0", line: 1, col: 6
    Digit(9999)
      TOKEN_3(9999): "0", line: 1, col: 7
    Digit(9999)
      TOKEN_3(9999): "0", line: 1, col: 8
    Digit(9999)
      TOKEN_3(9999): "0", line: 1, col: 9
Parse tree from /dev/fd/63:
Number(9999)
  Sign(9999)
    TOKEN_0(9999): "+", line: 1, col: 1
  Digits(9999)
    Digit(9999)
      TOKEN_4(9999): "1", line: 1, col: 2
    Digit(9999)
      TOKEN_3(9999): "0", line: 1, col: 3
    Digit(9999)
      TOKEN_3(9999): "0", line: 1, col: 4
    Digit(9999)
      TOKEN_3(9999): "0", line: 1, col: 5
    Digit(9999)
      TOKEN_3(9999): "0", line: 1, col: 6
    Digit(9999)
      TOKEN_3(9999): "0", line: 1, col: 7
    Digit(9999)
      TOKEN_3(9999): "0", line: 1, col: 8
    Digit(9999)
      TOKEN_3(9999): "0", line: 1, col: 9
  TOKEN_2(9999): ".", line: 1, col: 10
Parse tree from /dev/fd/63:
Number(9999)
  Digits(9999)
    Digit(9999)
      TOKEN_3(9999): "0", line: 1, col: 1
  TOKEN_2(9999): ".", line: 1, col: 2
  Digits(9999)
    Digit(9999)
      TOKEN_5(9999): "2", line: 1, col: 3
    Digit(9999)
      TOKEN_6(9999): "3", line: 1, col: 4
  Exponent(9999)
    TOKEN_14(9999): "e", line: 1, col: 5
    Digits(9999)
      Digit(9999)
        TOKEN_4(9999): "1", line: 1, col: 6
      Digit(9999)
        TOKEN_5(9999): "2", line: 1, col: 7
Parse tree from /dev/fd/63:
Number(9999)
  Digits(9999)
    Digit(9999)
      TOKEN_3(9999): "0", line: 1, col: 1
  TOKEN_2(9999): ".", line: 1, col: 2
  Digits(9999)
    Digit(9999)
      TOKEN_5(9999): "2", line: 1, col: 3
    Digit(9999)
      TOKEN_6(9999): "3", line: 1, col: 4
  Exponent(9999)
    TOKEN_13(9999): "E", line: 1, col: 5
    Digits(9999)
      Digit(9999)
        TOKEN_4(9999): "1", line: 1, col: 6
      Digit(9999)
        TOKEN_5(9999): "2", line: 1, col: 7
Parse tree from /dev/fd/63:
Number(9999)
  TOKEN_2(9999): ".", line: 1, col: 1
  Digits(9999)
    Digit(9999)
      TOKEN_5(9999): "2", line: 1, col: 2
    Digit(9999)
      TOKEN_6(9999): "3", line: 1, col: 3
  Exponent(9999)
    TOKEN_14(9999): "e", line: 1, col: 4
    Digits(9999)
      Digit(9999)
        TOKEN_4(9999): "1", line: 1, col: 5
      Digit(9999)
        TOKEN_5(9999): "2", line: 1, col: 6
Parse tree from /dev/fd/63:
Number(9999)
  TOKEN_2(9999): ".", line: 1, col: 1
  Digits(9999)
    Digit(9999)
      TOKEN_5(9999): "2", line: 1, col: 2
    Digit(9999)
      TOKEN_6(9999): "3", line: 1, col: 3
  Exponent(9999)
    TOKEN_13(9999): "E", line: 1, col: 4
    Digits(9999)
      Digit(9999)
        TOKEN_4(9999): "1", line: 1, col: 5
      Digit(9999)
        TOKEN_5(9999): "2", line: 1, col: 6
Parse tree from /dev/fd/63:
Number(9999)
  Digits(9999)
    Digit(9999)
      TOKEN_4(9999): "1", line: 1, col: 1
  TOKEN_2(9999): ".", line: 1, col: 2
  Exponent(9999)
    TOKEN_14(9999): "e", line: 1, col: 3
    Digits(9999)
      Digit(9999)
        TOKEN_4(9999): "1", line: 1, col: 4
      Digit(9999)
        TOKEN_5(9999): "2", line: 1, col: 5
Parse tree from /dev/fd/63:
Number(9999)
  Digits(9999)
    Digit(9999)
      TOKEN_4(9999): "1", line: 1, col: 1
  TOKEN_2(9999): ".", line: 1, col: 2
  Exponent(9999)
    TOKEN_13(9999): "E", line: 1, col: 3
    Digits(9999)
      Digit(9999)
        TOKEN_4(9999): "1", line: 1, col: 4
      Digit(9999)
        TOKEN_5(9999): "2", line: 1, col: 5
Parse tree from /dev/fd/63:
Number(9999)
  Digits(9999)
    Digit(9999)
      TOKEN_4(9999): "1", line: 1, col: 1
  TOKEN_2(9999): ".", line: 1, col: 2
  Digits(9999)
    Digit(9999)
      TOKEN_4(9999): "1", line: 1, col: 3
  Exponent(9999)
    TOKEN_14(9999): "e", line: 1, col: 4
    Digits(9999)
      Digit(9999)
        TOKEN_4(9999): "1", line: 1, col: 5
      Digit(9999)
        TOKEN_5(9999): "2", line: 1, col: 6
Parse tree from /dev/fd/63:
Number(9999)
  Digits(9999)
    Digit(9999)
      TOKEN_4(9999): "1", line: 1, col: 1
  TOKEN_2(9999): ".", line: 1, col: 2
  Digits(9999)
    Digit(9999)
      TOKEN_4(9999): "1", line: 1, col: 3
  Exponent(9999)
    TOKEN_13(9999): "E", line: 1, col: 4
    Digits(9999)
      Digit(9999)
        TOKEN_4(9999): "1", line: 1, col: 5
      Digit(9999)
        TOKEN_5(9999): "2", line: 1, col: 6
Parse tree from /dev/fd/63:
Number(9999)
  Sign(9999)
    TOKEN_0(9999): "+", line: 1, col: 1
  Digits(9999)
    Digit(9999)
      TOKEN_4(9999): "1", line: 1, col: 2
  TOKEN_2(9999): ".", line: 1, col: 3
  Digits(9999)
    Digit(9999)
      TOKEN_5(9999): "2", line: 1, col: 4
    Digit(9999)
      TOKEN_6(9999): "3", line: 1, col: 5
  Exponent(9999)
    TOKEN_14(9999): "e", line: 1, col: 6
    Digits(9999)
      Digit(9999)
        TOKEN_4(9999): "1", line: 1, col: 7
      Digit(9999)
        TOKEN_5(9999): "2", line: 1, col: 8
Parse tree from /dev/fd/63:
Number(9999)
  Sign(9999)
    TOKEN_0(9999): "+", line: 1, col: 1
  Digits(9999)
    Digit(9999)
      TOKEN_4(9999): "1", line: 1, col: 2
  TOKEN_2(9999): ".", line: 1, col: 3
  Digits(9999)
    Digit(9999)
      TOKEN_5(9999): "2", line: 1, col: 4
    Digit(9999)
      TOKEN_6(9999): "3", line: 1, col: 5
  Exponent(9999)
    TOKEN_13(9999): "E", line: 1, col: 6
    Digits(9999)
      Digit(9999)
        TOKEN_4(9999): "1", line: 1, col: 7
      Digit(9999)
        TOKEN_5(9999): "2", line: 1, col: 8
Parse tree from /dev/fd/63:
Number(9999)
  Digits(9999)
    Digit(9999)
      TOKEN_4(9999): "1", line: 1, col: 1
  TOKEN_2(9999): ".", line: 1, col: 2
  Digits(9999)
    Digit(9999)
      TOKEN_5(9999): "2", line: 1, col: 3
    Digit(9999)
      TOKEN_6(9999): "3", line: 1, col: 4
    Digit(9999)
      TOKEN_7(9999): "4", line: 1, col: 5
  Exponent(9999)
    TOKEN_14(9999): "e", line: 1, col: 6
    Digits(9999)
      Digit(9999)
        TOKEN_4(9999): "1", line: 1, col: 7
      Digit(9999)
        TOKEN_5(9999): "2", line: 1, col: 8
Parse tree from /dev/fd/63:
Number(9999)
  Digits(9999)
    Digit(9999)
      TOKEN_4(9999): "1", line: 1, col: 1
  TOKEN_2(9999): ".", line: 1, col: 2
  Digits(9999)
    Digit(9999)
      TOKEN_5(9999): "2", line: 1, col: 3
    Digit(9999)
      TOKEN_6(9999): "3", line: 1, col: 4
    Digit(9999)
      TOKEN_7(9999): "4", line: 1, col: 5
  Exponent(9999)
    TOKEN_13(9999): "E", line: 1, col: 6
    Digits(9999)
      Digit(9999)
        TOKEN_4(9999): "1", line: 1, col: 7
      Digit(9999)
        TOKEN_5(9999): "2", line: 1, col: 8
Parse tree from /dev/fd/63:
Number(9999)
  Digits(9999)
    Digit(9999)
      TOKEN_4(9999): "1", line: 1, col: 1
    Digit(9999)
      TOKEN_3(9999): "0", line: 1, col: 2
    Digit(9999)
      TOKEN_3(9999): "0", line: 1, col: 3
    Digit(9999)
      TOKEN_3(9999): "0", line: 1, col: 4
    Digit(9999)
      TOKEN_3(9999): "0", line: 1, col: 5
    Digit(9999)
      TOKEN_3(9999): "0", line: 1, col: 6
    Digit(9999)
      TOKEN_3(9999): "0", line: 1, col: 7
    Digit(9999)
      TOKEN_3(9999): "0", line: 1, col: 8
    Digit(9999)
      TOKEN_3(9999): "0", line: 1, col: 9
    Digit(9999)
      TOKEN_3(9999): "0", line: 1, col: 10
  TOKEN_2(9999): ".", line: 1, col: 11
  Exponent(9999)
    TOKEN_14(9999): "e", line: 1, col: 12
    Digits(9999)
      Digit(9999)
        TOKEN_4(9999): "1", line: 1, col: 13
      Digit(9999)
        TOKEN_3(9999): "0", line: 1, col: 14
      Digit(9999)
        TOKEN_3(9999): "0", line: 1, col: 15
      Digit(9999)
        TOKEN_3(9999): "0", line: 1, col: 16
      Digit(9999)
        TOKEN_3(9999): "0", line: 1, col: 17
      Digit(9999)
        TOKEN_3(9999): "0", line: 1, col: 18
      Digit(9999)
        TOKEN_3(9999): "0", line: 1, col: 19
      Digit(9999)
        TOKEN_3(9999): "0", line: 1, col: 20
      Digit(9999)
        TOKEN_3(9999): "0", line: 1, col: 21
      Digit(9999)
        TOKEN_3(9999): "0", line: 1, col: 22
Parse tree from /dev/fd/63:
Number(9999)
  Digits(9999)
    Digit(9999)
      TOKEN_4(9999): "1", line: 1, col: 1
    Digit(9999)
      TOKEN_3(9999): "0", line: 1, col: 2
    Digit(9999)
      TOKEN_3(9999): "0", line: 1, col: 3
    Digit(9999)
      TOKEN_3(9999): "0", line: 1, col: 4
    Digit(9999)
      TOKEN_3(9999): "0", line: 1, col: 5
    Digit(9999)
      TOKEN_3(9999): "0", line: 1, col: 6
    Digit(9999)
      TOKEN_3(9999): "0", line: 1, col: 7
    Digit(9999)
      TOKEN_3(9999): "0", line: 1, col: 8
    Digit(9999)
      TOKEN_3(9999): "0", line: 1, col: 9
    Digit(9999)
      TOKEN_3(9999): "0", line: 1, col: 10
  TOKEN_2(9999): ".", line: 1, col: 11
  Exponent(9999)
    TOKEN_13(9999): "E", line: 1, col: 12
    Digits(9999)
      Digit(9999)
        TOKEN_4(9999): "1", line: 1, col: 13
      Digit(9999)
        TOKEN_3(9999): "0", line: 1, col: 14
      Digit(9999)
        TOKEN_3(9999): "0", line: 1, col: 15
      Digit(9999)
        TOKEN_3(9999): "0", line: 1, col: 16
      Digit(9999)
        TOKEN_3(9999): "0", line: 1, col: 17
      Digit(9999)
        TOKEN_3(9999): "0", line: 1, col: 18
      Digit(9999)
        TOKEN_3(9999): "0", line: 1, col: 19
      Digit(9999)
        TOKEN_3(9999): "0", line: 1, col: 20
      Digit(9999)
        TOKEN_3(9999): "0", line: 1, col: 21
      Digit(9999)
        TOKEN_3(9999): "0", line: 1, col: 22
