++1.23E-12(3)
--11.1
11.1A
1A.X
1.23E+++
1,123(23)
1...0
.123.E12
1.234E12(1.2)
1.234D12((12)))
1.234D12((12))
1.234D12(+-12)
+++
---
.
...
+
+1E
+1EE1
--1E1
-1-E1
1.1E12(-1)
?
AAA
(12)
-.
+.
.E1
-.E1
+.E2
-.1E(1)
+2.2E(2)
'1.1'
"2.34E4(3)"
