Parse tree from /dev/fd/63:
Filter(9999)
  Keyword(9999)
    TOKEN_4(9999): "filter=", line: 1, col: 1
  Expression(9999)
    AndExpression(9999)
      Term(9999)
        TOKEN_12(9999): "(", line: 1, col: 8
        Expression(9999)
          AndExpression(9999)
            Term(9999)
              TOKEN_12(9999): "(", line: 1, col: 9
              Expression(9999)
                AndExpression(9999)
                  Term(9999)
                    NOT(9999)
                      TOKEN_2(9999): "NOT", line: 1, col: 10
                    Spaces(9999)
                      Space(9999)
                        TOKEN_5(9999): " ", line: 1, col: 13
                    Term(9999)
                      TOKEN_12(9999): "(", line: 1, col: 14
                      Expression(9999)
                        AndExpression(9999)
                          Term(9999)
                            Comparison(9999)
                              Value(9999)
                                Identifier(9999)
                                  Letter(9999)
                                    TOKEN_70(9999): "a", line: 1, col: 15
                              Operator(9999)
                                TOKEN_34(9999): ">", line: 1, col: 16
                              Value(9999)
                                Identifier(9999)
                                  Letter(9999)
                                    TOKEN_71(9999): "b", line: 1, col: 17
                      TOKEN_13(9999): ")", line: 1, col: 18
              TOKEN_13(9999): ")", line: 1, col: 19
            Spaces(9999)
              Space(9999)
                TOKEN_5(9999): " ", line: 1, col: 20
            AND(9999)
              TOKEN_1(9999): "AND", line: 1, col: 21
            Spaces(9999)
              Space(9999)
                TOKEN_5(9999): " ", line: 1, col: 24
            AndExpression(9999)
              Term(9999)
                Comparison(9999)
                  Value(9999)
                    Identifier(9999)
                      Letter(9999)
                        TOKEN_93(9999): "x", line: 1, col: 25
                  Operator(9999)
                    TOKEN_34(9999): ">", line: 1, col: 26
                  Value(9999)
                    Number(9999)
                      Digits(9999)
                        Digit(9999)
                          TOKEN_20(9999): "0", line: 1, col: 27
        TOKEN_13(9999): ")", line: 1, col: 28
