Parse tree from tests/cases/Filter_081.inp:
Filter(9999)
  Expression(9999)
    ExpressionClause(9999)
      ExpressionPhrase(9999)
        Comparison(9999)
          PropertyFirstComparison(9999)
            Property(9999)
              Identifier(9999)
                LowercaseLetter(9999)
                  TOKEN_101(9999): "t", line: 1, col: 1
                LowercaseLetter(9999)
                  TOKEN_90(9999): "i", line: 1, col: 2
                LowercaseLetter(9999)
                  TOKEN_101(9999): "t", line: 1, col: 3
                LowercaseLetter(9999)
                  TOKEN_93(9999): "l", line: 1, col: 4
                LowercaseLetter(9999)
                  TOKEN_86(9999): "e", line: 1, col: 5
                Spaces(9999)
                  Space(9999)
                    TOKEN_1(9999): " ", line: 1, col: 6
            SetOpRhs(9999)
              HAS(9999)
                TOKEN_47(9999): "HAS", line: 1, col: 7
                Spaces(9999)
                  Space(9999)
                    TOKEN_1(9999): " ", line: 1, col: 10
              FuzzyStringOpRhs(9999)
                ENDS(9999)
                  TOKEN_42(9999): "ENDS", line: 1, col: 11
                  Spaces(9999)
                    Space(9999)
                      TOKEN_1(9999): " ", line: 1, col: 15
                WITH(9999)
                  TOKEN_72(9999): "WITH", line: 1, col: 16
                  Spaces(9999)
                    Space(9999)
                      TOKEN_1(9999): " ", line: 1, col: 20
                Value(9999)
                  OrderedValue(9999)
                    OrderedConstant(9999)
                      String(9999)
                        TOKEN_3(9999): """, line: 1, col: 21
                        EscapedChar(9999)
                          UnescapedChar(9999)
                            Letter(9999)
                              UppercaseLetter(9999)
                                TOKEN_55(9999): "M", line: 1, col: 22
                        EscapedChar(9999)
                          UnescapedChar(9999)
                            Letter(9999)
                              UppercaseLetter(9999)
                                TOKEN_58(9999): "O", line: 1, col: 23
                        EscapedChar(9999)
                          UnescapedChar(9999)
                            Letter(9999)
                              UppercaseLetter(9999)
                                TOKEN_43(9999): "F", line: 1, col: 24
                        TOKEN_3(9999): """, line: 1, col: 25
                        Spaces(9999)
                          Space(9999)
                            nl(9999)
                              SPECIAL_1(9999): "(...)", line: 1, col: 26
