Parse tree from tests/cases/Filter_055.inp:
Filter(9999)
  Expression(9999)
    ExpressionClause(9999)
      ExpressionPhrase(9999)
        Comparison(9999)
          PropertyFirstComparison(9999)
            Property(9999)
              Identifier(9999)
                LowercaseLetter(9999)
                  TOKEN_84(9999): "e", line: 1, col: 1
                LowercaseLetter(9999)
                  TOKEN_91(9999): "l", line: 1, col: 2
                LowercaseLetter(9999)
                  TOKEN_84(9999): "e", line: 1, col: 3
                LowercaseLetter(9999)
                  TOKEN_92(9999): "m", line: 1, col: 4
                LowercaseLetter(9999)
                  TOKEN_84(9999): "e", line: 1, col: 5
                LowercaseLetter(9999)
                  TOKEN_93(9999): "n", line: 1, col: 6
                LowercaseLetter(9999)
                  TOKEN_99(9999): "t", line: 1, col: 7
                LowercaseLetter(9999)
                  TOKEN_98(9999): "s", line: 1, col: 8
            SetZipOpRhs(9999)
              PropertyZipAddon(9999)
                Colon(9999)
                  TOKEN_26(9999): ":", line: 1, col: 9
                Property(9999)
                  Identifier(9999)
                    LowercaseLetter(9999)
                      TOKEN_78(9999): "_", line: 1, col: 10
                    LowercaseLetter(9999)
                      TOKEN_84(9999): "e", line: 1, col: 11
                    LowercaseLetter(9999)
                      TOKEN_103(9999): "x", line: 1, col: 12
                    LowercaseLetter(9999)
                      TOKEN_92(9999): "m", line: 1, col: 13
                    LowercaseLetter(9999)
                      TOKEN_95(9999): "p", line: 1, col: 14
                    LowercaseLetter(9999)
                      TOKEN_91(9999): "l", line: 1, col: 15
                    LowercaseLetter(9999)
                      TOKEN_78(9999): "_", line: 1, col: 16
                    LowercaseLetter(9999)
                      TOKEN_84(9999): "e", line: 1, col: 17
                    LowercaseLetter(9999)
                      TOKEN_91(9999): "l", line: 1, col: 18
                    LowercaseLetter(9999)
                      TOKEN_84(9999): "e", line: 1, col: 19
                    LowercaseLetter(9999)
                      TOKEN_92(9999): "m", line: 1, col: 20
                    LowercaseLetter(9999)
                      TOKEN_84(9999): "e", line: 1, col: 21
                    LowercaseLetter(9999)
                      TOKEN_93(9999): "n", line: 1, col: 22
                    LowercaseLetter(9999)
                      TOKEN_99(9999): "t", line: 1, col: 23
                    LowercaseLetter(9999)
                      TOKEN_78(9999): "_", line: 1, col: 24
                    LowercaseLetter(9999)
                      TOKEN_82(9999): "c", line: 1, col: 25
                    LowercaseLetter(9999)
                      TOKEN_94(9999): "o", line: 1, col: 26
                    LowercaseLetter(9999)
                      TOKEN_100(9999): "u", line: 1, col: 27
                    LowercaseLetter(9999)
                      TOKEN_93(9999): "n", line: 1, col: 28
                    LowercaseLetter(9999)
                      TOKEN_99(9999): "t", line: 1, col: 29
                    LowercaseLetter(9999)
                      TOKEN_98(9999): "s", line: 1, col: 30
                    Spaces(9999)
                      Space(9999)
                        TOKEN_1(9999): " ", line: 1, col: 31
              HAS(9999)
                TOKEN_46(9999): "HAS", line: 1, col: 32
                Spaces(9999)
                  Space(9999)
                    TOKEN_1(9999): " ", line: 1, col: 35
              ValueZip(9999)
                Value(9999)
                  String(9999)
                    TOKEN_3(9999): """, line: 1, col: 36
                    EscapedChar(9999)
                      UnescapedChar(9999)
                        Letter(9999)
                          UppercaseLetter(9999)
                            TOKEN_45(9999): "H", line: 1, col: 37
                    TOKEN_3(9999): """, line: 1, col: 38
                Colon(9999)
                  TOKEN_26(9999): ":", line: 1, col: 39
                Value(9999)
                  Number(9999)
                    Digits(9999)
                      Digit(9999)
                        TOKEN_22(9999): "6", line: 1, col: 40
                    Spaces(9999)
                      Space(9999)
                        TOKEN_1(9999): " ", line: 1, col: 41
      AND(9999)
        TOKEN_35(9999): "AND", line: 1, col: 42
        Spaces(9999)
          Space(9999)
            TOKEN_1(9999): " ", line: 1, col: 45
      ExpressionClause(9999)
        ExpressionPhrase(9999)
          Comparison(9999)
            PropertyFirstComparison(9999)
              Property(9999)
                Identifier(9999)
                  LowercaseLetter(9999)
                    TOKEN_84(9999): "e", line: 1, col: 46
                  LowercaseLetter(9999)
                    TOKEN_91(9999): "l", line: 1, col: 47
                  LowercaseLetter(9999)
                    TOKEN_84(9999): "e", line: 1, col: 48
                  LowercaseLetter(9999)
                    TOKEN_92(9999): "m", line: 1, col: 49
                  LowercaseLetter(9999)
                    TOKEN_84(9999): "e", line: 1, col: 50
                  LowercaseLetter(9999)
                    TOKEN_93(9999): "n", line: 1, col: 51
                  LowercaseLetter(9999)
                    TOKEN_99(9999): "t", line: 1, col: 52
                  LowercaseLetter(9999)
                    TOKEN_98(9999): "s", line: 1, col: 53
              SetZipOpRhs(9999)
                PropertyZipAddon(9999)
                  Colon(9999)
                    TOKEN_26(9999): ":", line: 1, col: 54
                  Property(9999)
                    Identifier(9999)
                      LowercaseLetter(9999)
                        TOKEN_78(9999): "_", line: 1, col: 55
                      LowercaseLetter(9999)
                        TOKEN_84(9999): "e", line: 1, col: 56
                      LowercaseLetter(9999)
                        TOKEN_103(9999): "x", line: 1, col: 57
                      LowercaseLetter(9999)
                        TOKEN_92(9999): "m", line: 1, col: 58
                      LowercaseLetter(9999)
                        TOKEN_95(9999): "p", line: 1, col: 59
                      LowercaseLetter(9999)
                        TOKEN_91(9999): "l", line: 1, col: 60
                      LowercaseLetter(9999)
                        TOKEN_78(9999): "_", line: 1, col: 61
                      LowercaseLetter(9999)
                        TOKEN_84(9999): "e", line: 1, col: 62
                      LowercaseLetter(9999)
                        TOKEN_91(9999): "l", line: 1, col: 63
                      LowercaseLetter(9999)
                        TOKEN_84(9999): "e", line: 1, col: 64
                      LowercaseLetter(9999)
                        TOKEN_92(9999): "m", line: 1, col: 65
                      LowercaseLetter(9999)
                        TOKEN_84(9999): "e", line: 1, col: 66
                      LowercaseLetter(9999)
                        TOKEN_93(9999): "n", line: 1, col: 67
                      LowercaseLetter(9999)
                        TOKEN_99(9999): "t", line: 1, col: 68
                      LowercaseLetter(9999)
                        TOKEN_78(9999): "_", line: 1, col: 69
                      LowercaseLetter(9999)
                        TOKEN_82(9999): "c", line: 1, col: 70
                      LowercaseLetter(9999)
                        TOKEN_94(9999): "o", line: 1, col: 71
                      LowercaseLetter(9999)
                        TOKEN_100(9999): "u", line: 1, col: 72
                      LowercaseLetter(9999)
                        TOKEN_93(9999): "n", line: 1, col: 73
                      LowercaseLetter(9999)
                        TOKEN_99(9999): "t", line: 1, col: 74
                      LowercaseLetter(9999)
                        TOKEN_98(9999): "s", line: 1, col: 75
                      Spaces(9999)
                        Space(9999)
                          TOKEN_1(9999): " ", line: 1, col: 76
                HAS(9999)
                  TOKEN_46(9999): "HAS", line: 1, col: 77
                  Spaces(9999)
                    Space(9999)
                      TOKEN_1(9999): " ", line: 1, col: 80
                ALL(9999)
                  TOKEN_34(9999): "ALL", line: 1, col: 81
                  Spaces(9999)
                    Space(9999)
                      TOKEN_1(9999): " ", line: 1, col: 84
                ValueZipList(9999)
                  ValueZip(9999)
                    Value(9999)
                      String(9999)
                        TOKEN_3(9999): """, line: 1, col: 85
                        EscapedChar(9999)
                          UnescapedChar(9999)
                            Letter(9999)
                              UppercaseLetter(9999)
                                TOKEN_45(9999): "H", line: 1, col: 86
                        TOKEN_3(9999): """, line: 1, col: 87
                    Colon(9999)
                      TOKEN_26(9999): ":", line: 1, col: 88
                    Value(9999)
                      Number(9999)
                        Digits(9999)
                          Digit(9999)
                            TOKEN_22(9999): "6", line: 1, col: 89
                  Comma(9999)
                    TOKEN_12(9999): ",", line: 1, col: 90
                  ValueZip(9999)
                    Value(9999)
                      String(9999)
                        TOKEN_3(9999): """, line: 1, col: 91
                        EscapedChar(9999)
                          UnescapedChar(9999)
                            Letter(9999)
                              UppercaseLetter(9999)
                                TOKEN_45(9999): "H", line: 1, col: 92
                        EscapedChar(9999)
                          UnescapedChar(9999)
                            Letter(9999)
                              LowercaseLetter(9999)
                                TOKEN_84(9999): "e", line: 1, col: 93
                        TOKEN_3(9999): """, line: 1, col: 94
                    Colon(9999)
                      TOKEN_26(9999): ":", line: 1, col: 95
                    Value(9999)
                      Number(9999)
                        Digits(9999)
                          Digit(9999)
                            TOKEN_23(9999): "7", line: 1, col: 96
                        Spaces(9999)
                          Space(9999)
                            TOKEN_1(9999): " ", line: 1, col: 97
        AND(9999)
          TOKEN_35(9999): "AND", line: 1, col: 98
          Spaces(9999)
            Space(9999)
              TOKEN_1(9999): " ", line: 1, col: 101
        ExpressionClause(9999)
          ExpressionPhrase(9999)
            Comparison(9999)
              PropertyFirstComparison(9999)
                Property(9999)
                  Identifier(9999)
                    LowercaseLetter(9999)
                      TOKEN_84(9999): "e", line: 1, col: 102
                    LowercaseLetter(9999)
                      TOKEN_91(9999): "l", line: 1, col: 103
                    LowercaseLetter(9999)
                      TOKEN_84(9999): "e", line: 1, col: 104
                    LowercaseLetter(9999)
                      TOKEN_92(9999): "m", line: 1, col: 105
                    LowercaseLetter(9999)
                      TOKEN_84(9999): "e", line: 1, col: 106
                    LowercaseLetter(9999)
                      TOKEN_93(9999): "n", line: 1, col: 107
                    LowercaseLetter(9999)
                      TOKEN_99(9999): "t", line: 1, col: 108
                    LowercaseLetter(9999)
                      TOKEN_98(9999): "s", line: 1, col: 109
                SetZipOpRhs(9999)
                  PropertyZipAddon(9999)
                    Colon(9999)
                      TOKEN_26(9999): ":", line: 1, col: 110
                    Property(9999)
                      Identifier(9999)
                        LowercaseLetter(9999)
                          TOKEN_78(9999): "_", line: 1, col: 111
                        LowercaseLetter(9999)
                          TOKEN_84(9999): "e", line: 1, col: 112
                        LowercaseLetter(9999)
                          TOKEN_103(9999): "x", line: 1, col: 113
                        LowercaseLetter(9999)
                          TOKEN_92(9999): "m", line: 1, col: 114
                        LowercaseLetter(9999)
                          TOKEN_95(9999): "p", line: 1, col: 115
                        LowercaseLetter(9999)
                          TOKEN_91(9999): "l", line: 1, col: 116
                        LowercaseLetter(9999)
                          TOKEN_78(9999): "_", line: 1, col: 117
                        LowercaseLetter(9999)
                          TOKEN_84(9999): "e", line: 1, col: 118
                        LowercaseLetter(9999)
                          TOKEN_91(9999): "l", line: 1, col: 119
                        LowercaseLetter(9999)
                          TOKEN_84(9999): "e", line: 1, col: 120
                        LowercaseLetter(9999)
                          TOKEN_92(9999): "m", line: 1, col: 121
                        LowercaseLetter(9999)
                          TOKEN_84(9999): "e", line: 1, col: 122
                        LowercaseLetter(9999)
                          TOKEN_93(9999): "n", line: 1, col: 123
                        LowercaseLetter(9999)
                          TOKEN_99(9999): "t", line: 1, col: 124
                        LowercaseLetter(9999)
                          TOKEN_78(9999): "_", line: 1, col: 125
                        LowercaseLetter(9999)
                          TOKEN_82(9999): "c", line: 1, col: 126
                        LowercaseLetter(9999)
                          TOKEN_94(9999): "o", line: 1, col: 127
                        LowercaseLetter(9999)
                          TOKEN_100(9999): "u", line: 1, col: 128
                        LowercaseLetter(9999)
                          TOKEN_93(9999): "n", line: 1, col: 129
                        LowercaseLetter(9999)
                          TOKEN_99(9999): "t", line: 1, col: 130
                        LowercaseLetter(9999)
                          TOKEN_98(9999): "s", line: 1, col: 131
                        Spaces(9999)
                          Space(9999)
                            TOKEN_1(9999): " ", line: 1, col: 132
                  HAS(9999)
                    TOKEN_46(9999): "HAS", line: 1, col: 133
                    Spaces(9999)
                      Space(9999)
                        TOKEN_1(9999): " ", line: 1, col: 136
                  ONLY(9999)
                    TOKEN_58(9999): "ONLY", line: 1, col: 137
                    Spaces(9999)
                      Space(9999)
                        TOKEN_1(9999): " ", line: 1, col: 141
                  ValueZipList(9999)
                    ValueZip(9999)
                      Value(9999)
                        String(9999)
                          TOKEN_3(9999): """, line: 1, col: 142
                          EscapedChar(9999)
                            UnescapedChar(9999)
                              Letter(9999)
                                UppercaseLetter(9999)
                                  TOKEN_45(9999): "H", line: 1, col: 143
                          TOKEN_3(9999): """, line: 1, col: 144
                      Colon(9999)
                        TOKEN_26(9999): ":", line: 1, col: 145
                      Value(9999)
                        Number(9999)
                          Digits(9999)
                            Digit(9999)
                              TOKEN_22(9999): "6", line: 1, col: 146
                          Spaces(9999)
                            Space(9999)
                              TOKEN_1(9999): " ", line: 1, col: 147
          AND(9999)
            TOKEN_35(9999): "AND", line: 1, col: 148
            Spaces(9999)
              Space(9999)
                TOKEN_1(9999): " ", line: 1, col: 151
          ExpressionClause(9999)
            ExpressionPhrase(9999)
              Comparison(9999)
                PropertyFirstComparison(9999)
                  Property(9999)
                    Identifier(9999)
                      LowercaseLetter(9999)
                        TOKEN_84(9999): "e", line: 1, col: 152
                      LowercaseLetter(9999)
                        TOKEN_91(9999): "l", line: 1, col: 153
                      LowercaseLetter(9999)
                        TOKEN_84(9999): "e", line: 1, col: 154
                      LowercaseLetter(9999)
                        TOKEN_92(9999): "m", line: 1, col: 155
                      LowercaseLetter(9999)
                        TOKEN_84(9999): "e", line: 1, col: 156
                      LowercaseLetter(9999)
                        TOKEN_93(9999): "n", line: 1, col: 157
                      LowercaseLetter(9999)
                        TOKEN_99(9999): "t", line: 1, col: 158
                      LowercaseLetter(9999)
                        TOKEN_98(9999): "s", line: 1, col: 159
                  SetZipOpRhs(9999)
                    PropertyZipAddon(9999)
                      Colon(9999)
                        TOKEN_26(9999): ":", line: 1, col: 160
                      Property(9999)
                        Identifier(9999)
                          LowercaseLetter(9999)
                            TOKEN_78(9999): "_", line: 1, col: 161
                          LowercaseLetter(9999)
                            TOKEN_84(9999): "e", line: 1, col: 162
                          LowercaseLetter(9999)
                            TOKEN_103(9999): "x", line: 1, col: 163
                          LowercaseLetter(9999)
                            TOKEN_92(9999): "m", line: 1, col: 164
                          LowercaseLetter(9999)
                            TOKEN_95(9999): "p", line: 1, col: 165
                          LowercaseLetter(9999)
                            TOKEN_91(9999): "l", line: 1, col: 166
                          LowercaseLetter(9999)
                            TOKEN_78(9999): "_", line: 1, col: 167
                          LowercaseLetter(9999)
                            TOKEN_84(9999): "e", line: 1, col: 168
                          LowercaseLetter(9999)
                            TOKEN_91(9999): "l", line: 1, col: 169
                          LowercaseLetter(9999)
                            TOKEN_84(9999): "e", line: 1, col: 170
                          LowercaseLetter(9999)
                            TOKEN_92(9999): "m", line: 1, col: 171
                          LowercaseLetter(9999)
                            TOKEN_84(9999): "e", line: 1, col: 172
                          LowercaseLetter(9999)
                            TOKEN_93(9999): "n", line: 1, col: 173
                          LowercaseLetter(9999)
                            TOKEN_99(9999): "t", line: 1, col: 174
                          LowercaseLetter(9999)
                            TOKEN_78(9999): "_", line: 1, col: 175
                          LowercaseLetter(9999)
                            TOKEN_82(9999): "c", line: 1, col: 176
                          LowercaseLetter(9999)
                            TOKEN_94(9999): "o", line: 1, col: 177
                          LowercaseLetter(9999)
                            TOKEN_100(9999): "u", line: 1, col: 178
                          LowercaseLetter(9999)
                            TOKEN_93(9999): "n", line: 1, col: 179
                          LowercaseLetter(9999)
                            TOKEN_99(9999): "t", line: 1, col: 180
                          LowercaseLetter(9999)
                            TOKEN_98(9999): "s", line: 1, col: 181
                          Spaces(9999)
                            Space(9999)
                              TOKEN_1(9999): " ", line: 1, col: 182
                    HAS(9999)
                      TOKEN_46(9999): "HAS", line: 1, col: 183
                      Spaces(9999)
                        Space(9999)
                          TOKEN_1(9999): " ", line: 1, col: 186
                    ANY(9999)
                      TOKEN_36(9999): "ANY", line: 1, col: 187
                      Spaces(9999)
                        Space(9999)
                          TOKEN_1(9999): " ", line: 1, col: 190
                    ValueZipList(9999)
                      ValueZip(9999)
                        Value(9999)
                          String(9999)
                            TOKEN_3(9999): """, line: 1, col: 191
                            EscapedChar(9999)
                              UnescapedChar(9999)
                                Letter(9999)
                                  UppercaseLetter(9999)
                                    TOKEN_45(9999): "H", line: 1, col: 192
                            TOKEN_3(9999): """, line: 1, col: 193
                        Colon(9999)
                          TOKEN_26(9999): ":", line: 1, col: 194
                        Value(9999)
                          Number(9999)
                            Digits(9999)
                              Digit(9999)
                                TOKEN_22(9999): "6", line: 1, col: 195
                      Comma(9999)
                        TOKEN_12(9999): ",", line: 1, col: 196
                      ValueZip(9999)
                        Value(9999)
                          String(9999)
                            TOKEN_3(9999): """, line: 1, col: 197
                            EscapedChar(9999)
                              UnescapedChar(9999)
                                Letter(9999)
                                  UppercaseLetter(9999)
                                    TOKEN_45(9999): "H", line: 1, col: 198
                            EscapedChar(9999)
                              UnescapedChar(9999)
                                Letter(9999)
                                  LowercaseLetter(9999)
                                    TOKEN_84(9999): "e", line: 1, col: 199
                            TOKEN_3(9999): """, line: 1, col: 200
                        Colon(9999)
                          TOKEN_26(9999): ":", line: 1, col: 201
                        Value(9999)
                          Number(9999)
                            Digits(9999)
                              Digit(9999)
                                TOKEN_23(9999): "7", line: 1, col: 202
                            Spaces(9999)
                              Space(9999)
                                TOKEN_1(9999): " ", line: 1, col: 203
            AND(9999)
              TOKEN_35(9999): "AND", line: 1, col: 204
              Spaces(9999)
                Space(9999)
                  TOKEN_1(9999): " ", line: 1, col: 207
            ExpressionClause(9999)
              ExpressionPhrase(9999)
                Comparison(9999)
                  PropertyFirstComparison(9999)
                    Property(9999)
                      Identifier(9999)
                        LowercaseLetter(9999)
                          TOKEN_84(9999): "e", line: 1, col: 208
                        LowercaseLetter(9999)
                          TOKEN_91(9999): "l", line: 1, col: 209
                        LowercaseLetter(9999)
                          TOKEN_84(9999): "e", line: 1, col: 210
                        LowercaseLetter(9999)
                          TOKEN_92(9999): "m", line: 1, col: 211
                        LowercaseLetter(9999)
                          TOKEN_84(9999): "e", line: 1, col: 212
                        LowercaseLetter(9999)
                          TOKEN_93(9999): "n", line: 1, col: 213
                        LowercaseLetter(9999)
                          TOKEN_99(9999): "t", line: 1, col: 214
                        LowercaseLetter(9999)
                          TOKEN_98(9999): "s", line: 1, col: 215
                    SetZipOpRhs(9999)
                      PropertyZipAddon(9999)
                        Colon(9999)
                          TOKEN_26(9999): ":", line: 1, col: 216
                        Property(9999)
                          Identifier(9999)
                            LowercaseLetter(9999)
                              TOKEN_78(9999): "_", line: 1, col: 217
                            LowercaseLetter(9999)
                              TOKEN_84(9999): "e", line: 1, col: 218
                            LowercaseLetter(9999)
                              TOKEN_103(9999): "x", line: 1, col: 219
                            LowercaseLetter(9999)
                              TOKEN_92(9999): "m", line: 1, col: 220
                            LowercaseLetter(9999)
                              TOKEN_95(9999): "p", line: 1, col: 221
                            LowercaseLetter(9999)
                              TOKEN_91(9999): "l", line: 1, col: 222
                            LowercaseLetter(9999)
                              TOKEN_78(9999): "_", line: 1, col: 223
                            LowercaseLetter(9999)
                              TOKEN_84(9999): "e", line: 1, col: 224
                            LowercaseLetter(9999)
                              TOKEN_91(9999): "l", line: 1, col: 225
                            LowercaseLetter(9999)
                              TOKEN_84(9999): "e", line: 1, col: 226
                            LowercaseLetter(9999)
                              TOKEN_92(9999): "m", line: 1, col: 227
                            LowercaseLetter(9999)
                              TOKEN_84(9999): "e", line: 1, col: 228
                            LowercaseLetter(9999)
                              TOKEN_93(9999): "n", line: 1, col: 229
                            LowercaseLetter(9999)
                              TOKEN_99(9999): "t", line: 1, col: 230
                            LowercaseLetter(9999)
                              TOKEN_78(9999): "_", line: 1, col: 231
                            LowercaseLetter(9999)
                              TOKEN_82(9999): "c", line: 1, col: 232
                            LowercaseLetter(9999)
                              TOKEN_94(9999): "o", line: 1, col: 233
                            LowercaseLetter(9999)
                              TOKEN_100(9999): "u", line: 1, col: 234
                            LowercaseLetter(9999)
                              TOKEN_93(9999): "n", line: 1, col: 235
                            LowercaseLetter(9999)
                              TOKEN_99(9999): "t", line: 1, col: 236
                            LowercaseLetter(9999)
                              TOKEN_98(9999): "s", line: 1, col: 237
                            Spaces(9999)
                              Space(9999)
                                TOKEN_1(9999): " ", line: 1, col: 238
                      HAS(9999)
                        TOKEN_46(9999): "HAS", line: 1, col: 239
                        Spaces(9999)
                          Space(9999)
                            TOKEN_1(9999): " ", line: 1, col: 242
                      ONLY(9999)
                        TOKEN_58(9999): "ONLY", line: 1, col: 243
                        Spaces(9999)
                          Space(9999)
                            TOKEN_1(9999): " ", line: 1, col: 247
                      ValueZipList(9999)
                        ValueZip(9999)
                          Value(9999)
                            String(9999)
                              TOKEN_3(9999): """, line: 1, col: 248
                              EscapedChar(9999)
                                UnescapedChar(9999)
                                  Letter(9999)
                                    UppercaseLetter(9999)
                                      TOKEN_45(9999): "H", line: 1, col: 249
                              TOKEN_3(9999): """, line: 1, col: 250
                          Colon(9999)
                            TOKEN_26(9999): ":", line: 1, col: 251
                          Value(9999)
                            Number(9999)
                              Digits(9999)
                                Digit(9999)
                                  TOKEN_22(9999): "6", line: 1, col: 252
                        Comma(9999)
                          TOKEN_12(9999): ",", line: 1, col: 253
                        ValueZip(9999)
                          Value(9999)
                            String(9999)
                              TOKEN_3(9999): """, line: 1, col: 254
                              EscapedChar(9999)
                                UnescapedChar(9999)
                                  Letter(9999)
                                    UppercaseLetter(9999)
                                      TOKEN_45(9999): "H", line: 1, col: 255
                              EscapedChar(9999)
                                UnescapedChar(9999)
                                  Letter(9999)
                                    LowercaseLetter(9999)
                                      TOKEN_84(9999): "e", line: 1, col: 256
                              TOKEN_3(9999): """, line: 1, col: 257
                          Colon(9999)
                            TOKEN_26(9999): ":", line: 1, col: 258
                          Value(9999)
                            Number(9999)
                              Digits(9999)
                                Digit(9999)
                                  TOKEN_23(9999): "7", line: 1, col: 259
