Parse tree from tests/cases/Filter_054.inp:
Filter(9999)
  Expression(9999)
    ExpressionClause(9999)
      ExpressionPhrase(9999)
        Comparison(9999)
          PropertyFirstComparison(9999)
            Property(9999)
              Identifier(9999)
                LowercaseLetter(9999)
                  TOKEN_84(9999): "e", line: 1, col: 1
                LowercaseLetter(9999)
                  TOKEN_91(9999): "l", line: 1, col: 2
                LowercaseLetter(9999)
                  TOKEN_84(9999): "e", line: 1, col: 3
                LowercaseLetter(9999)
                  TOKEN_92(9999): "m", line: 1, col: 4
                LowercaseLetter(9999)
                  TOKEN_84(9999): "e", line: 1, col: 5
                LowercaseLetter(9999)
                  TOKEN_93(9999): "n", line: 1, col: 6
                LowercaseLetter(9999)
                  TOKEN_99(9999): "t", line: 1, col: 7
                LowercaseLetter(9999)
                  TOKEN_98(9999): "s", line: 1, col: 8
                Spaces(9999)
                  Space(9999)
                    TOKEN_1(9999): " ", line: 1, col: 9
            SetOpRhs(9999)
              HAS(9999)
                TOKEN_46(9999): "HAS", line: 1, col: 10
                Spaces(9999)
                  Space(9999)
                    TOKEN_1(9999): " ", line: 1, col: 13
              Value(9999)
                String(9999)
                  TOKEN_3(9999): """, line: 1, col: 14
                  EscapedChar(9999)
                    UnescapedChar(9999)
                      Letter(9999)
                        UppercaseLetter(9999)
                          TOKEN_45(9999): "H", line: 1, col: 15
                  TOKEN_3(9999): """, line: 1, col: 16
                  Spaces(9999)
                    Space(9999)
                      TOKEN_1(9999): " ", line: 1, col: 17
      AND(9999)
        TOKEN_35(9999): "AND", line: 1, col: 18
        Spaces(9999)
          Space(9999)
            TOKEN_1(9999): " ", line: 1, col: 21
      ExpressionClause(9999)
        ExpressionPhrase(9999)
          Comparison(9999)
            PropertyFirstComparison(9999)
              Property(9999)
                Identifier(9999)
                  LowercaseLetter(9999)
                    TOKEN_84(9999): "e", line: 1, col: 22
                  LowercaseLetter(9999)
                    TOKEN_91(9999): "l", line: 1, col: 23
                  LowercaseLetter(9999)
                    TOKEN_84(9999): "e", line: 1, col: 24
                  LowercaseLetter(9999)
                    TOKEN_92(9999): "m", line: 1, col: 25
                  LowercaseLetter(9999)
                    TOKEN_84(9999): "e", line: 1, col: 26
                  LowercaseLetter(9999)
                    TOKEN_93(9999): "n", line: 1, col: 27
                  LowercaseLetter(9999)
                    TOKEN_99(9999): "t", line: 1, col: 28
                  LowercaseLetter(9999)
                    TOKEN_98(9999): "s", line: 1, col: 29
                  Spaces(9999)
                    Space(9999)
                      TOKEN_1(9999): " ", line: 1, col: 30
              SetOpRhs(9999)
                HAS(9999)
                  TOKEN_46(9999): "HAS", line: 1, col: 31
                  Spaces(9999)
                    Space(9999)
                      TOKEN_1(9999): " ", line: 1, col: 34
                ALL(9999)
                  TOKEN_34(9999): "ALL", line: 1, col: 35
                  Spaces(9999)
                    Space(9999)
                      TOKEN_1(9999): " ", line: 1, col: 38
                ValueList(9999)
                  Value(9999)
                    String(9999)
                      TOKEN_3(9999): """, line: 1, col: 39
                      EscapedChar(9999)
                        UnescapedChar(9999)
                          Letter(9999)
                            UppercaseLetter(9999)
                              TOKEN_45(9999): "H", line: 1, col: 40
                      TOKEN_3(9999): """, line: 1, col: 41
                  Comma(9999)
                    TOKEN_12(9999): ",", line: 1, col: 42
                  Value(9999)
                    String(9999)
                      TOKEN_3(9999): """, line: 1, col: 43
                      EscapedChar(9999)
                        UnescapedChar(9999)
                          Letter(9999)
                            UppercaseLetter(9999)
                              TOKEN_45(9999): "H", line: 1, col: 44
                      EscapedChar(9999)
                        UnescapedChar(9999)
                          Letter(9999)
                            LowercaseLetter(9999)
                              TOKEN_84(9999): "e", line: 1, col: 45
                      TOKEN_3(9999): """, line: 1, col: 46
                  Comma(9999)
                    TOKEN_12(9999): ",", line: 1, col: 47
                  Value(9999)
                    String(9999)
                      TOKEN_3(9999): """, line: 1, col: 48
                      EscapedChar(9999)
                        UnescapedChar(9999)
                          Letter(9999)
                            UppercaseLetter(9999)
                              TOKEN_44(9999): "G", line: 1, col: 49
                      EscapedChar(9999)
                        UnescapedChar(9999)
                          Letter(9999)
                            LowercaseLetter(9999)
                              TOKEN_80(9999): "a", line: 1, col: 50
                      TOKEN_3(9999): """, line: 1, col: 51
                  Comma(9999)
                    TOKEN_12(9999): ",", line: 1, col: 52
                  Value(9999)
                    String(9999)
                      TOKEN_3(9999): """, line: 1, col: 53
                      EscapedChar(9999)
                        UnescapedChar(9999)
                          Letter(9999)
                            UppercaseLetter(9999)
                              TOKEN_65(9999): "T", line: 1, col: 54
                      EscapedChar(9999)
                        UnescapedChar(9999)
                          Letter(9999)
                            LowercaseLetter(9999)
                              TOKEN_80(9999): "a", line: 1, col: 55
                      TOKEN_3(9999): """, line: 1, col: 56
                      Spaces(9999)
                        Space(9999)
                          TOKEN_1(9999): " ", line: 1, col: 57
        AND(9999)
          TOKEN_35(9999): "AND", line: 1, col: 58
          Spaces(9999)
            Space(9999)
              TOKEN_1(9999): " ", line: 1, col: 61
        ExpressionClause(9999)
          ExpressionPhrase(9999)
            Comparison(9999)
              PropertyFirstComparison(9999)
                Property(9999)
                  Identifier(9999)
                    LowercaseLetter(9999)
                      TOKEN_84(9999): "e", line: 1, col: 62
                    LowercaseLetter(9999)
                      TOKEN_91(9999): "l", line: 1, col: 63
                    LowercaseLetter(9999)
                      TOKEN_84(9999): "e", line: 1, col: 64
                    LowercaseLetter(9999)
                      TOKEN_92(9999): "m", line: 1, col: 65
                    LowercaseLetter(9999)
                      TOKEN_84(9999): "e", line: 1, col: 66
                    LowercaseLetter(9999)
                      TOKEN_93(9999): "n", line: 1, col: 67
                    LowercaseLetter(9999)
                      TOKEN_99(9999): "t", line: 1, col: 68
                    LowercaseLetter(9999)
                      TOKEN_98(9999): "s", line: 1, col: 69
                    Spaces(9999)
                      Space(9999)
                        TOKEN_1(9999): " ", line: 1, col: 70
                SetOpRhs(9999)
                  HAS(9999)
                    TOKEN_46(9999): "HAS", line: 1, col: 71
                    Spaces(9999)
                      Space(9999)
                        TOKEN_1(9999): " ", line: 1, col: 74
                  ONLY(9999)
                    TOKEN_58(9999): "ONLY", line: 1, col: 75
                    Spaces(9999)
                      Space(9999)
                        TOKEN_1(9999): " ", line: 1, col: 79
                  ValueList(9999)
                    Value(9999)
                      String(9999)
                        TOKEN_3(9999): """, line: 1, col: 80
                        EscapedChar(9999)
                          UnescapedChar(9999)
                            Letter(9999)
                              UppercaseLetter(9999)
                                TOKEN_45(9999): "H", line: 1, col: 81
                        TOKEN_3(9999): """, line: 1, col: 82
                    Comma(9999)
                      TOKEN_12(9999): ",", line: 1, col: 83
                    Value(9999)
                      String(9999)
                        TOKEN_3(9999): """, line: 1, col: 84
                        EscapedChar(9999)
                          UnescapedChar(9999)
                            Letter(9999)
                              UppercaseLetter(9999)
                                TOKEN_45(9999): "H", line: 1, col: 85
                        EscapedChar(9999)
                          UnescapedChar(9999)
                            Letter(9999)
                              LowercaseLetter(9999)
                                TOKEN_84(9999): "e", line: 1, col: 86
                        TOKEN_3(9999): """, line: 1, col: 87
                    Comma(9999)
                      TOKEN_12(9999): ",", line: 1, col: 88
                    Value(9999)
                      String(9999)
                        TOKEN_3(9999): """, line: 1, col: 89
                        EscapedChar(9999)
                          UnescapedChar(9999)
                            Letter(9999)
                              UppercaseLetter(9999)
                                TOKEN_44(9999): "G", line: 1, col: 90
                        EscapedChar(9999)
                          UnescapedChar(9999)
                            Letter(9999)
                              LowercaseLetter(9999)
                                TOKEN_80(9999): "a", line: 1, col: 91
                        TOKEN_3(9999): """, line: 1, col: 92
                    Comma(9999)
                      TOKEN_12(9999): ",", line: 1, col: 93
                    Value(9999)
                      String(9999)
                        TOKEN_3(9999): """, line: 1, col: 94
                        EscapedChar(9999)
                          UnescapedChar(9999)
                            Letter(9999)
                              UppercaseLetter(9999)
                                TOKEN_65(9999): "T", line: 1, col: 95
                        EscapedChar(9999)
                          UnescapedChar(9999)
                            Letter(9999)
                              LowercaseLetter(9999)
                                TOKEN_80(9999): "a", line: 1, col: 96
                        TOKEN_3(9999): """, line: 1, col: 97
                        Spaces(9999)
                          Space(9999)
                            TOKEN_1(9999): " ", line: 1, col: 98
          AND(9999)
            TOKEN_35(9999): "AND", line: 1, col: 99
            Spaces(9999)
              Space(9999)
                TOKEN_1(9999): " ", line: 1, col: 102
          ExpressionClause(9999)
            ExpressionPhrase(9999)
              Comparison(9999)
                PropertyFirstComparison(9999)
                  Property(9999)
                    Identifier(9999)
                      LowercaseLetter(9999)
                        TOKEN_84(9999): "e", line: 1, col: 103
                      LowercaseLetter(9999)
                        TOKEN_91(9999): "l", line: 1, col: 104
                      LowercaseLetter(9999)
                        TOKEN_84(9999): "e", line: 1, col: 105
                      LowercaseLetter(9999)
                        TOKEN_92(9999): "m", line: 1, col: 106
                      LowercaseLetter(9999)
                        TOKEN_84(9999): "e", line: 1, col: 107
                      LowercaseLetter(9999)
                        TOKEN_93(9999): "n", line: 1, col: 108
                      LowercaseLetter(9999)
                        TOKEN_99(9999): "t", line: 1, col: 109
                      LowercaseLetter(9999)
                        TOKEN_98(9999): "s", line: 1, col: 110
                      Spaces(9999)
                        Space(9999)
                          TOKEN_1(9999): " ", line: 1, col: 111
                  SetOpRhs(9999)
                    HAS(9999)
                      TOKEN_46(9999): "HAS", line: 1, col: 112
                      Spaces(9999)
                        Space(9999)
                          TOKEN_1(9999): " ", line: 1, col: 115
                    ANY(9999)
                      TOKEN_36(9999): "ANY", line: 1, col: 116
                      Spaces(9999)
                        Space(9999)
                          TOKEN_1(9999): " ", line: 1, col: 119
                    ValueList(9999)
                      Value(9999)
                        String(9999)
                          TOKEN_3(9999): """, line: 1, col: 120
                          EscapedChar(9999)
                            UnescapedChar(9999)
                              Letter(9999)
                                UppercaseLetter(9999)
                                  TOKEN_45(9999): "H", line: 1, col: 121
                          TOKEN_3(9999): """, line: 1, col: 122
                      Comma(9999)
                        TOKEN_12(9999): ",", line: 1, col: 123
                        Spaces(9999)
                          Space(9999)
                            TOKEN_1(9999): " ", line: 1, col: 124
                      Value(9999)
                        String(9999)
                          TOKEN_3(9999): """, line: 1, col: 125
                          EscapedChar(9999)
                            UnescapedChar(9999)
                              Letter(9999)
                                UppercaseLetter(9999)
                                  TOKEN_45(9999): "H", line: 1, col: 126
                          EscapedChar(9999)
                            UnescapedChar(9999)
                              Letter(9999)
                                LowercaseLetter(9999)
                                  TOKEN_84(9999): "e", line: 1, col: 127
                          TOKEN_3(9999): """, line: 1, col: 128
                      Comma(9999)
                        TOKEN_12(9999): ",", line: 1, col: 129
                        Spaces(9999)
                          Space(9999)
                            TOKEN_1(9999): " ", line: 1, col: 130
                      Value(9999)
                        String(9999)
                          TOKEN_3(9999): """, line: 1, col: 131
                          EscapedChar(9999)
                            UnescapedChar(9999)
                              Letter(9999)
                                UppercaseLetter(9999)
                                  TOKEN_44(9999): "G", line: 1, col: 132
                          EscapedChar(9999)
                            UnescapedChar(9999)
                              Letter(9999)
                                LowercaseLetter(9999)
                                  TOKEN_80(9999): "a", line: 1, col: 133
                          TOKEN_3(9999): """, line: 1, col: 134
                      Comma(9999)
                        TOKEN_12(9999): ",", line: 1, col: 135
                        Spaces(9999)
                          Space(9999)
                            TOKEN_1(9999): " ", line: 1, col: 136
                      Value(9999)
                        String(9999)
                          TOKEN_3(9999): """, line: 1, col: 137
                          EscapedChar(9999)
                            UnescapedChar(9999)
                              Letter(9999)
                                UppercaseLetter(9999)
                                  TOKEN_65(9999): "T", line: 1, col: 138
                          EscapedChar(9999)
                            UnescapedChar(9999)
                              Letter(9999)
                                LowercaseLetter(9999)
                                  TOKEN_80(9999): "a", line: 1, col: 139
                          TOKEN_3(9999): """, line: 1, col: 140
