Parse tree from /dev/fd/63:
Filter(9999)
  Keyword(9999)
    TOKEN_4(9999): "filter=", line: 1, col: 1
  Expression(9999)
    AndExpression(9999)
      Term(9999)
        Comparison(9999)
          Value(9999)
            Identifier(9999)
              Letter(9999)
                TOKEN_70(9999): "a", line: 1, col: 8
          Operator(9999)
            TOKEN_34(9999): ">", line: 1, col: 9
          Value(9999)
            Number(9999)
              Digits(9999)
                Digit(9999)
                  TOKEN_21(9999): "1", line: 1, col: 10
      Spaces(9999)
        Space(9999)
          TOKEN_5(9999): " ", line: 1, col: 11
      AND(9999)
        TOKEN_1(9999): "AND", line: 1, col: 12
      Spaces(9999)
        Space(9999)
          TOKEN_5(9999): " ", line: 1, col: 15
      AndExpression(9999)
        Term(9999)
          TOKEN_12(9999): "(", line: 1, col: 16
          Expression(9999)
            AndExpression(9999)
              Term(9999)
                Comparison(9999)
                  Value(9999)
                    Identifier(9999)
                      Letter(9999)
                        TOKEN_71(9999): "b", line: 1, col: 17
                  Operator(9999)
                    TOKEN_32(9999): "<", line: 1, col: 18
                  Value(9999)
                    Number(9999)
                      Digits(9999)
                        Digit(9999)
                          TOKEN_21(9999): "1", line: 1, col: 19
                        Digit(9999)
                          TOKEN_20(9999): "0", line: 1, col: 20
              Spaces(9999)
                Space(9999)
                  TOKEN_5(9999): " ", line: 1, col: 21
            OR(9999)
              TOKEN_3(9999): "OR", line: 1, col: 22
            Spaces(9999)
              Space(9999)
                TOKEN_5(9999): " ", line: 1, col: 24
            Expression(9999)
              AndExpression(9999)
                Term(9999)
                  Comparison(9999)
                    Value(9999)
                      Identifier(9999)
                        Letter(9999)
                          TOKEN_72(9999): "c", line: 1, col: 25
                    Operator(9999)
                      TOKEN_6(9999): "!", line: 1, col: 26
                      TOKEN_33(9999): "=", line: 1, col: 27
                    Value(9999)
                      Identifier(9999)
                        Letter(9999)
                          TOKEN_71(9999): "b", line: 1, col: 28
                Spaces(9999)
                  Space(9999)
                    TOKEN_5(9999): " ", line: 1, col: 29
              OR(9999)
                TOKEN_3(9999): "OR", line: 1, col: 30
              Spaces(9999)
                Space(9999)
                  TOKEN_5(9999): " ", line: 1, col: 32
              Expression(9999)
                AndExpression(9999)
                  Term(9999)
                    Comparison(9999)
                      Value(9999)
                        Identifier(9999)
                          Letter(9999)
                            TOKEN_93(9999): "x", line: 1, col: 33
                      Operator(9999)
                        TOKEN_34(9999): ">", line: 1, col: 34
                      Value(9999)
                        Number(9999)
                          Digits(9999)
                            Digit(9999)
                              TOKEN_21(9999): "1", line: 1, col: 35
                            Digit(9999)
                              TOKEN_20(9999): "0", line: 1, col: 36
                            Digit(9999)
                              TOKEN_20(9999): "0", line: 1, col: 37
          TOKEN_13(9999): ")", line: 1, col: 38
