Parse tree from tests/cases/Filter_005.inp:
Filter(9999)
  Expression(9999)
    ExpressionClause(9999)
      ExpressionPhrase(9999)
        Comparison(9999)
          PropertyFirstComparison(9999)
            Property(9999)
              Identifier(9999)
                LowercaseLetter(9999)
                  TOKEN_80(9999): "a", line: 1, col: 1
            ValueOpRhs(9999)
              Operator(9999)
                TOKEN_29(9999): "=", line: 1, col: 2
              Value(9999)
                Number(9999)
                  Digits(9999)
                    Digit(9999)
                      TOKEN_17(9999): "1", line: 1, col: 3
                  Spaces(9999)
                    Space(9999)
                      nl(9999)
                        SPECIAL_1(9999): "(...)", line: 1, col: 4
