Parse tree from tests/cases/Filter_047.inp:
Filter(9999)
  Expression(9999)
    ExpressionClause(9999)
      ExpressionPhrase(9999)
        Comparison(9999)
          PropertyFirstComparison(9999)
            Property(9999)
              Identifier(9999)
                LowercaseLetter(9999)
                  TOKEN_93(9999): "n", line: 1, col: 1
                LowercaseLetter(9999)
                  TOKEN_84(9999): "e", line: 1, col: 2
                LowercaseLetter(9999)
                  TOKEN_91(9999): "l", line: 1, col: 3
                LowercaseLetter(9999)
                  TOKEN_84(9999): "e", line: 1, col: 4
                LowercaseLetter(9999)
                  TOKEN_92(9999): "m", line: 1, col: 5
                LowercaseLetter(9999)
                  TOKEN_84(9999): "e", line: 1, col: 6
                LowercaseLetter(9999)
                  TOKEN_93(9999): "n", line: 1, col: 7
                LowercaseLetter(9999)
                  TOKEN_99(9999): "t", line: 1, col: 8
                LowercaseLetter(9999)
                  TOKEN_98(9999): "s", line: 1, col: 9
                Spaces(9999)
                  Space(9999)
                    TOKEN_1(9999): " ", line: 1, col: 10
            ValueOpRhs(9999)
              Operator(9999)
                TOKEN_30(9999): ">", line: 1, col: 11
                Spaces(9999)
                  Space(9999)
                    TOKEN_1(9999): " ", line: 1, col: 12
              Value(9999)
                Number(9999)
                  Digits(9999)
                    Digit(9999)
                      TOKEN_19(9999): "3", line: 1, col: 13
