Parse tree from tests/cases/Filter_062.inp:
Filter(9999)
  Expression(9999)
    ExpressionClause(9999)
      ExpressionPhrase(9999)
        Comparison(9999)
          ConstantFirstComparison(9999)
            Constant(9999)
              Number(9999)
                Digits(9999)
                  Digit(9999)
                    TOKEN_21(9999): "5", line: 1, col: 1
                Spaces(9999)
                  Space(9999)
                    TOKEN_1(9999): " ", line: 1, col: 2
            ValueOpRhs(9999)
              Operator(9999)
                TOKEN_28(9999): "<", line: 1, col: 3
                Spaces(9999)
                  Space(9999)
                    TOKEN_1(9999): " ", line: 1, col: 4
              Value(9999)
                Property(9999)
                  Identifier(9999)
                    LowercaseLetter(9999)
                      TOKEN_78(9999): "_", line: 1, col: 5
                    LowercaseLetter(9999)
                      TOKEN_84(9999): "e", line: 1, col: 6
                    LowercaseLetter(9999)
                      TOKEN_103(9999): "x", line: 1, col: 7
                    LowercaseLetter(9999)
                      TOKEN_92(9999): "m", line: 1, col: 8
                    LowercaseLetter(9999)
                      TOKEN_95(9999): "p", line: 1, col: 9
                    LowercaseLetter(9999)
                      TOKEN_91(9999): "l", line: 1, col: 10
                    LowercaseLetter(9999)
                      TOKEN_78(9999): "_", line: 1, col: 11
                    LowercaseLetter(9999)
                      TOKEN_80(9999): "a", line: 1, col: 12
