Parse tree from tests/cases/Filter_025.inp:
Filter(9999)
  Expression(9999)
    ExpressionClause(9999)
      ExpressionPhrase(9999)
        Comparison(9999)
          PropertyFirstComparison(9999)
            Property(9999)
              Identifier(9999)
                LowercaseLetter(9999)
                  TOKEN_82(9999): "c", line: 1, col: 1
                LowercaseLetter(9999)
                  TOKEN_87(9999): "h", line: 1, col: 2
                LowercaseLetter(9999)
                  TOKEN_84(9999): "e", line: 1, col: 3
                LowercaseLetter(9999)
                  TOKEN_92(9999): "m", line: 1, col: 4
                LowercaseLetter(9999)
                  TOKEN_88(9999): "i", line: 1, col: 5
                LowercaseLetter(9999)
                  TOKEN_82(9999): "c", line: 1, col: 6
                LowercaseLetter(9999)
                  TOKEN_80(9999): "a", line: 1, col: 7
                LowercaseLetter(9999)
                  TOKEN_91(9999): "l", line: 1, col: 8
                LowercaseLetter(9999)
                  TOKEN_78(9999): "_", line: 1, col: 9
                LowercaseLetter(9999)
                  TOKEN_85(9999): "f", line: 1, col: 10
                LowercaseLetter(9999)
                  TOKEN_94(9999): "o", line: 1, col: 11
                LowercaseLetter(9999)
                  TOKEN_97(9999): "r", line: 1, col: 12
                LowercaseLetter(9999)
                  TOKEN_92(9999): "m", line: 1, col: 13
                LowercaseLetter(9999)
                  TOKEN_100(9999): "u", line: 1, col: 14
                LowercaseLetter(9999)
                  TOKEN_91(9999): "l", line: 1, col: 15
                LowercaseLetter(9999)
                  TOKEN_80(9999): "a", line: 1, col: 16
                Spaces(9999)
                  Space(9999)
                    TOKEN_1(9999): " ", line: 1, col: 17
            KnownOpRhs(9999)
              IS(9999)
                TOKEN_48(9999): "IS", line: 1, col: 18
                Spaces(9999)
                  Space(9999)
                    TOKEN_1(9999): " ", line: 1, col: 20
              KNOWN(9999)
                TOKEN_51(9999): "KNOWN", line: 1, col: 21
                Spaces(9999)
                  Space(9999)
                    TOKEN_1(9999): " ", line: 1, col: 26
      AND(9999)
        TOKEN_35(9999): "AND", line: 1, col: 27
        Spaces(9999)
          Space(9999)
            TOKEN_1(9999): " ", line: 1, col: 30
      ExpressionClause(9999)
        ExpressionPhrase(9999)
          Comparison(9999)
            PropertyFirstComparison(9999)
              Property(9999)
                Identifier(9999)
                  LowercaseLetter(9999)
                    TOKEN_95(9999): "p", line: 1, col: 31
                  LowercaseLetter(9999)
                    TOKEN_97(9999): "r", line: 1, col: 32
                  LowercaseLetter(9999)
                    TOKEN_94(9999): "o", line: 1, col: 33
                  LowercaseLetter(9999)
                    TOKEN_99(9999): "t", line: 1, col: 34
                  LowercaseLetter(9999)
                    TOKEN_94(9999): "o", line: 1, col: 35
                  LowercaseLetter(9999)
                    TOKEN_99(9999): "t", line: 1, col: 36
                  LowercaseLetter(9999)
                    TOKEN_104(9999): "y", line: 1, col: 37
                  LowercaseLetter(9999)
                    TOKEN_95(9999): "p", line: 1, col: 38
                  LowercaseLetter(9999)
                    TOKEN_84(9999): "e", line: 1, col: 39
                  LowercaseLetter(9999)
                    TOKEN_78(9999): "_", line: 1, col: 40
                  LowercaseLetter(9999)
                    TOKEN_85(9999): "f", line: 1, col: 41
                  LowercaseLetter(9999)
                    TOKEN_94(9999): "o", line: 1, col: 42
                  LowercaseLetter(9999)
                    TOKEN_97(9999): "r", line: 1, col: 43
                  LowercaseLetter(9999)
                    TOKEN_92(9999): "m", line: 1, col: 44
                  LowercaseLetter(9999)
                    TOKEN_100(9999): "u", line: 1, col: 45
                  LowercaseLetter(9999)
                    TOKEN_91(9999): "l", line: 1, col: 46
                  LowercaseLetter(9999)
                    TOKEN_80(9999): "a", line: 1, col: 47
                  Spaces(9999)
                    Space(9999)
                      TOKEN_1(9999): " ", line: 1, col: 48
              KnownOpRhs(9999)
                IS(9999)
                  TOKEN_48(9999): "IS", line: 1, col: 49
                  Spaces(9999)
                    Space(9999)
                      TOKEN_1(9999): " ", line: 1, col: 51
                UNKNOWN(9999)
                  TOKEN_67(9999): "UNKNOWN", line: 1, col: 52
                  Spaces(9999)
                    Space(9999)
                      nl(9999)
                        SPECIAL_1(9999): "(...)", line: 1, col: 59
