Parse tree from tests/cases/Filter_004.inp:
Filter(9999)
  Expression(9999)
    ExpressionClause(9999)
      ExpressionPhrase(9999)
        Comparison(9999)
          PropertyFirstComparison(9999)
            Property(9999)
              Identifier(9999)
                LowercaseLetter(9999)
                  TOKEN_80(9999): "a", line: 1, col: 1
                LowercaseLetter(9999)
                  TOKEN_80(9999): "a", line: 1, col: 2
                LowercaseLetter(9999)
                  TOKEN_103(9999): "x", line: 1, col: 3
                Spaces(9999)
                  Space(9999)
                    TOKEN_1(9999): " ", line: 1, col: 4
            ValueOpRhs(9999)
              Operator(9999)
                TOKEN_28(9999): "<", line: 1, col: 5
                TOKEN_29(9999): "=", line: 1, col: 6
                Spaces(9999)
                  Space(9999)
                    TOKEN_1(9999): " ", line: 1, col: 7
              Value(9999)
                Number(9999)
                  Sign(9999)
                    TOKEN_11(9999): "+", line: 1, col: 8
                  TOKEN_14(9999): ".", line: 1, col: 9
                  Digits(9999)
                    Digit(9999)
                      TOKEN_17(9999): "1", line: 1, col: 10
                  Exponent(9999)
                    TOKEN_84(9999): "e", line: 1, col: 11
                    Digits(9999)
                      Digit(9999)
                        TOKEN_24(9999): "8", line: 1, col: 12
                  Spaces(9999)
                    Space(9999)
                      TOKEN_1(9999): " ", line: 1, col: 13
    OR(9999)
      TOKEN_59(9999): "OR", line: 1, col: 14
      Spaces(9999)
        Space(9999)
          TOKEN_1(9999): " ", line: 1, col: 16
    Expression(9999)
      ExpressionClause(9999)
        ExpressionPhrase(9999)
          Comparison(9999)
            PropertyFirstComparison(9999)
              Property(9999)
                Identifier(9999)
                  LowercaseLetter(9999)
                    TOKEN_82(9999): "c", line: 1, col: 17
                  Digit(9999)
                    TOKEN_18(9999): "2", line: 1, col: 18
                  Digit(9999)
                    TOKEN_17(9999): "1", line: 1, col: 19
                  Spaces(9999)
                    Space(9999)
                      TOKEN_1(9999): " ", line: 1, col: 20
              ValueOpRhs(9999)
                Operator(9999)
                  TOKEN_30(9999): ">", line: 1, col: 21
                  TOKEN_29(9999): "=", line: 1, col: 22
                  Spaces(9999)
                    Space(9999)
                      TOKEN_1(9999): " ", line: 1, col: 23
                Value(9999)
                  Number(9999)
                    Digits(9999)
                      Digit(9999)
                        TOKEN_17(9999): "1", line: 1, col: 24
                      Digit(9999)
                        TOKEN_16(9999): "0", line: 1, col: 25
                    Spaces(9999)
                      Space(9999)
                        TOKEN_1(9999): " ", line: 1, col: 26
        AND(9999)
          TOKEN_35(9999): "AND", line: 1, col: 27
          Spaces(9999)
            Space(9999)
              TOKEN_1(9999): " ", line: 1, col: 30
        ExpressionClause(9999)
          ExpressionPhrase(9999)
            NOT(9999)
              TOKEN_56(9999): "NOT", line: 1, col: 31
              Spaces(9999)
                Space(9999)
                  TOKEN_1(9999): " ", line: 1, col: 34
            OpeningBrace(9999)
              TOKEN_8(9999): "(", line: 1, col: 35
              Spaces(9999)
                Space(9999)
                  TOKEN_1(9999): " ", line: 1, col: 36
            Expression(9999)
              ExpressionClause(9999)
                ExpressionPhrase(9999)
                  Comparison(9999)
                    PropertyFirstComparison(9999)
                      Property(9999)
                        Identifier(9999)
                          LowercaseLetter(9999)
                            TOKEN_103(9999): "x", line: 1, col: 37
                          Spaces(9999)
                            Space(9999)
                              TOKEN_1(9999): " ", line: 1, col: 38
                      ValueOpRhs(9999)
                        Operator(9999)
                          TOKEN_2(9999): "!", line: 1, col: 39
                          TOKEN_29(9999): "=", line: 1, col: 40
                          Spaces(9999)
                            Space(9999)
                              TOKEN_1(9999): " ", line: 1, col: 41
                        Value(9999)
                          String(9999)
                            TOKEN_3(9999): """, line: 1, col: 42
                            EscapedChar(9999)
                              UnescapedChar(9999)
                                Letter(9999)
                                  UppercaseLetter(9999)
                                    TOKEN_63(9999): "S", line: 1, col: 43
                            EscapedChar(9999)
                              UnescapedChar(9999)
                                Letter(9999)
                                  LowercaseLetter(9999)
                                    TOKEN_94(9999): "o", line: 1, col: 44
                            EscapedChar(9999)
                              UnescapedChar(9999)
                                Letter(9999)
                                  LowercaseLetter(9999)
                                    TOKEN_92(9999): "m", line: 1, col: 45
                            EscapedChar(9999)
                              UnescapedChar(9999)
                                Letter(9999)
                                  LowercaseLetter(9999)
                                    TOKEN_84(9999): "e", line: 1, col: 46
                            EscapedChar(9999)
                              UnescapedChar(9999)
                                Space(9999)
                                  TOKEN_1(9999): " ", line: 1, col: 47
                            EscapedChar(9999)
                              UnescapedChar(9999)
                                Letter(9999)
                                  LowercaseLetter(9999)
                                    TOKEN_98(9999): "s", line: 1, col: 48
                            EscapedChar(9999)
                              UnescapedChar(9999)
                                Letter(9999)
                                  LowercaseLetter(9999)
                                    TOKEN_99(9999): "t", line: 1, col: 49
                            EscapedChar(9999)
                              UnescapedChar(9999)
                                Letter(9999)
                                  LowercaseLetter(9999)
                                    TOKEN_97(9999): "r", line: 1, col: 50
                            EscapedChar(9999)
                              UnescapedChar(9999)
                                Letter(9999)
                                  LowercaseLetter(9999)
                                    TOKEN_88(9999): "i", line: 1, col: 51
                            EscapedChar(9999)
                              UnescapedChar(9999)
                                Letter(9999)
                                  LowercaseLetter(9999)
                                    TOKEN_93(9999): "n", line: 1, col: 52
                            EscapedChar(9999)
                              UnescapedChar(9999)
                                Letter(9999)
                                  LowercaseLetter(9999)
                                    TOKEN_86(9999): "g", line: 1, col: 53
                            TOKEN_3(9999): """, line: 1, col: 54
                            Spaces(9999)
                              Space(9999)
                                TOKEN_1(9999): " ", line: 1, col: 55
              OR(9999)
                TOKEN_59(9999): "OR", line: 1, col: 56
                Spaces(9999)
                  Space(9999)
                    TOKEN_1(9999): " ", line: 1, col: 58
              Expression(9999)
                ExpressionClause(9999)
                  ExpressionPhrase(9999)
                    NOT(9999)
                      TOKEN_56(9999): "NOT", line: 1, col: 59
                      Spaces(9999)
                        Space(9999)
                          TOKEN_1(9999): " ", line: 1, col: 62
                    Comparison(9999)
                      PropertyFirstComparison(9999)
                        Property(9999)
                          Identifier(9999)
                            LowercaseLetter(9999)
                              TOKEN_80(9999): "a", line: 1, col: 63
                            Spaces(9999)
                              Space(9999)
                                TOKEN_1(9999): " ", line: 1, col: 64
                        ValueOpRhs(9999)
                          Operator(9999)
                            TOKEN_29(9999): "=", line: 1, col: 65
                            Spaces(9999)
                              Space(9999)
                                TOKEN_1(9999): " ", line: 1, col: 66
                          Value(9999)
                            Property(9999)
                              Identifier(9999)
                                LowercaseLetter(9999)
                                  TOKEN_81(9999): "b", line: 1, col: 67
            ClosingBrace(9999)
              TOKEN_9(9999): ")", line: 1, col: 68
              Spaces(9999)
                Space(9999)
                  nl(9999)
                    SPECIAL_1(9999): "(...)", line: 1, col: 69
