Parse tree from tests/cases/Filter_052.inp:
Filter(9999)
  Expression(9999)
    ExpressionClause(9999)
      ExpressionPhrase(9999)
        NOT(9999)
          TOKEN_56(9999): "NOT", line: 1, col: 1
          Spaces(9999)
            Space(9999)
              TOKEN_1(9999): " ", line: 1, col: 4
        Comparison(9999)
          PropertyFirstComparison(9999)
            Property(9999)
              Identifier(9999)
                LowercaseLetter(9999)
                  TOKEN_80(9999): "a", line: 1, col: 5
                Spaces(9999)
                  Space(9999)
                    TOKEN_1(9999): " ", line: 1, col: 6
            ValueOpRhs(9999)
              Operator(9999)
                TOKEN_30(9999): ">", line: 1, col: 7
                Spaces(9999)
                  Space(9999)
                    TOKEN_1(9999): " ", line: 1, col: 8
              Value(9999)
                Property(9999)
                  Identifier(9999)
                    LowercaseLetter(9999)
                      TOKEN_81(9999): "b", line: 1, col: 9
                    Spaces(9999)
                      Space(9999)
                        TOKEN_1(9999): " ", line: 1, col: 10
    OR(9999)
      TOKEN_59(9999): "OR", line: 1, col: 11
      Spaces(9999)
        Space(9999)
          TOKEN_1(9999): " ", line: 1, col: 13
    Expression(9999)
      ExpressionClause(9999)
        ExpressionPhrase(9999)
          Comparison(9999)
            PropertyFirstComparison(9999)
              Property(9999)
                Identifier(9999)
                  LowercaseLetter(9999)
                    TOKEN_82(9999): "c", line: 1, col: 14
                  Spaces(9999)
                    Space(9999)
                      TOKEN_1(9999): " ", line: 1, col: 15
              ValueOpRhs(9999)
                Operator(9999)
                  TOKEN_29(9999): "=", line: 1, col: 16
                  Spaces(9999)
                    Space(9999)
                      TOKEN_1(9999): " ", line: 1, col: 17
                Value(9999)
                  Number(9999)
                    Digits(9999)
                      Digit(9999)
                        TOKEN_17(9999): "1", line: 1, col: 18
                      Digit(9999)
                        TOKEN_16(9999): "0", line: 1, col: 19
                      Digit(9999)
                        TOKEN_16(9999): "0", line: 1, col: 20
                    Spaces(9999)
                      Space(9999)
                        TOKEN_1(9999): " ", line: 1, col: 21
        AND(9999)
          TOKEN_35(9999): "AND", line: 1, col: 22
          Spaces(9999)
            Space(9999)
              TOKEN_1(9999): " ", line: 1, col: 25
        ExpressionClause(9999)
          ExpressionPhrase(9999)
            Comparison(9999)
              PropertyFirstComparison(9999)
                Property(9999)
                  Identifier(9999)
                    LowercaseLetter(9999)
                      TOKEN_85(9999): "f", line: 1, col: 26
                    Spaces(9999)
                      Space(9999)
                        TOKEN_1(9999): " ", line: 1, col: 27
                ValueOpRhs(9999)
                  Operator(9999)
                    TOKEN_29(9999): "=", line: 1, col: 28
                    Spaces(9999)
                      Space(9999)
                        TOKEN_1(9999): " ", line: 1, col: 29
                  Value(9999)
                    String(9999)
                      TOKEN_3(9999): """, line: 1, col: 30
                      EscapedChar(9999)
                        UnescapedChar(9999)
                          Letter(9999)
                            UppercaseLetter(9999)
                              TOKEN_38(9999): "C", line: 1, col: 31
                      EscapedChar(9999)
                        UnescapedChar(9999)
                          Digit(9999)
                            TOKEN_18(9999): "2", line: 1, col: 32
                      EscapedChar(9999)
                        UnescapedChar(9999)
                          Space(9999)
                            TOKEN_1(9999): " ", line: 1, col: 33
                      EscapedChar(9999)
                        UnescapedChar(9999)
                          Letter(9999)
                            UppercaseLetter(9999)
                              TOKEN_45(9999): "H", line: 1, col: 34
                      EscapedChar(9999)
                        UnescapedChar(9999)
                          Digit(9999)
                            TOKEN_22(9999): "6", line: 1, col: 35
                      TOKEN_3(9999): """, line: 1, col: 36
