Parse tree from /dev/fd/63:
Filter(2001)
  Keyword(2002)
    TOKEN_4(1005): "filter=", line: 1, col: 1
  Expression(2009)
    AndExpression(2010)
      Term(2011)
        Comparison(2013)
          Value(2003)
            Identifier(2014)
              Letter(2015)
                TOKEN_70(1071): "a", line: 1, col: 8
              Letter(2015)
                TOKEN_70(1071): "a", line: 1, col: 9
              Letter(2015)
                TOKEN_93(1094): "x", line: 1, col: 10
          Spaces(2005)
            Space(2004)
              TOKEN_5(1006): " ", line: 1, col: 11
          Operator(2012)
            TOKEN_32(1033): "<", line: 1, col: 12
            TOKEN_33(1034): "=", line: 1, col: 13
          Spaces(2005)
            Space(2004)
              TOKEN_5(1006): " ", line: 1, col: 14
          Value(2003)
            Number(2021)
              Sign(2023)
                TOKEN_15(1016): "+", line: 1, col: 15
              TOKEN_18(1019): ".", line: 1, col: 16
              Digits(2024)
                Digit(2025)
                  TOKEN_21(1022): "1", line: 1, col: 17
              Exponent(2022)
                TOKEN_74(1075): "e", line: 1, col: 18
                Digits(2024)
                  Digit(2025)
                    TOKEN_28(1029): "8", line: 1, col: 19
      Spaces(2005)
        Space(2004)
          TOKEN_5(1006): " ", line: 1, col: 20
    OR(2008)
      TOKEN_3(1004): "OR", line: 1, col: 21
    Spaces(2005)
      Space(2004)
        TOKEN_5(1006): " ", line: 1, col: 23
    Expression(2009)
      AndExpression(2010)
        Term(2011)
          Comparison(2013)
            Value(2003)
              Identifier(2014)
                Letter(2015)
                  TOKEN_72(1073): "c", line: 1, col: 24
                Digit(2025)
                  TOKEN_22(1023): "2", line: 1, col: 25
                Digit(2025)
                  TOKEN_21(1022): "1", line: 1, col: 26
            Spaces(2005)
              Space(2004)
                TOKEN_5(1006): " ", line: 1, col: 27
            Operator(2012)
              TOKEN_34(1035): ">", line: 1, col: 28
              TOKEN_33(1034): "=", line: 1, col: 29
            Spaces(2005)
              Space(2004)
                TOKEN_5(1006): " ", line: 1, col: 30
            Value(2003)
              Number(2021)
                Digits(2024)
                  Digit(2025)
                    TOKEN_21(1022): "1", line: 1, col: 31
                  Digit(2025)
                    TOKEN_20(1021): "0", line: 1, col: 32
        Spaces(2005)
          Space(2004)
            TOKEN_5(1006): " ", line: 1, col: 33
        AND(2006)
          TOKEN_1(1002): "AND", line: 1, col: 34
        Spaces(2005)
          Space(2004)
            TOKEN_5(1006): " ", line: 1, col: 37
        AndExpression(2010)
          Term(2011)
            NOT(2007)
              TOKEN_2(1003): "NOT", line: 1, col: 38
            Spaces(2005)
              Space(2004)
                TOKEN_5(1006): " ", line: 1, col: 41
            Term(2011)
              TOKEN_12(1013): "(", line: 1, col: 42
              Spaces(2005)
                Space(2004)
                  TOKEN_5(1006): " ", line: 1, col: 43
              Expression(2009)
                AndExpression(2010)
                  Term(2011)
                    Comparison(2013)
                      Value(2003)
                        Identifier(2014)
                          Letter(2015)
                            TOKEN_93(1094): "x", line: 1, col: 44
                      Spaces(2005)
                        Space(2004)
                          TOKEN_5(1006): " ", line: 1, col: 45
                      Operator(2012)
                        TOKEN_6(1007): "!", line: 1, col: 46
                        TOKEN_33(1034): "=", line: 1, col: 47
                      Spaces(2005)
                        Space(2004)
                          TOKEN_5(1006): " ", line: 1, col: 48
                      Value(2003)
                        String(2016)
                          TOKEN_7(1008): """, line: 1, col: 49
                          EscapedChar(2017)
                            UnescapedChar(2018)
                              Letter(2015)
                                TOKEN_55(1056): "S", line: 1, col: 50
                          EscapedChar(2017)
                            UnescapedChar(2018)
                              Letter(2015)
                                TOKEN_84(1085): "o", line: 1, col: 51
                          EscapedChar(2017)
                            UnescapedChar(2018)
                              Letter(2015)
                                TOKEN_82(1083): "m", line: 1, col: 52
                          EscapedChar(2017)
                            UnescapedChar(2018)
                              Letter(2015)
                                TOKEN_74(1075): "e", line: 1, col: 53
                          EscapedChar(2017)
                            UnescapedChar(2018)
                              Space(2004)
                                TOKEN_5(1006): " ", line: 1, col: 54
                          EscapedChar(2017)
                            UnescapedChar(2018)
                              Letter(2015)
                                TOKEN_88(1089): "s", line: 1, col: 55
                          EscapedChar(2017)
                            UnescapedChar(2018)
                              Letter(2015)
                                TOKEN_89(1090): "t", line: 1, col: 56
                          EscapedChar(2017)
                            UnescapedChar(2018)
                              Letter(2015)
                                TOKEN_87(1088): "r", line: 1, col: 57
                          EscapedChar(2017)
                            UnescapedChar(2018)
                              Letter(2015)
                                TOKEN_78(1079): "i", line: 1, col: 58
                          EscapedChar(2017)
                            UnescapedChar(2018)
                              Letter(2015)
                                TOKEN_83(1084): "n", line: 1, col: 59
                          EscapedChar(2017)
                            UnescapedChar(2018)
                              Letter(2015)
                                TOKEN_76(1077): "g", line: 1, col: 60
                          TOKEN_7(1008): """, line: 1, col: 61
                  Spaces(2005)
                    Space(2004)
                      TOKEN_5(1006): " ", line: 1, col: 62
              TOKEN_13(1014): ")", line: 1, col: 63
