Parse tree from tests/cases/Filter_021.inp:
Filter(9999)
  Expression(9999)
    ExpressionClause(9999)
      ExpressionPhrase(9999)
        Comparison(9999)
          PropertyFirstComparison(9999)
            Property(9999)
              Identifier(9999)
                LowercaseLetter(9999)
                  TOKEN_82(9999): "c", line: 1, col: 1
                LowercaseLetter(9999)
                  TOKEN_87(9999): "h", line: 1, col: 2
                LowercaseLetter(9999)
                  TOKEN_84(9999): "e", line: 1, col: 3
                LowercaseLetter(9999)
                  TOKEN_92(9999): "m", line: 1, col: 4
                LowercaseLetter(9999)
                  TOKEN_88(9999): "i", line: 1, col: 5
                LowercaseLetter(9999)
                  TOKEN_82(9999): "c", line: 1, col: 6
                LowercaseLetter(9999)
                  TOKEN_80(9999): "a", line: 1, col: 7
                LowercaseLetter(9999)
                  TOKEN_91(9999): "l", line: 1, col: 8
                LowercaseLetter(9999)
                  TOKEN_78(9999): "_", line: 1, col: 9
                LowercaseLetter(9999)
                  TOKEN_85(9999): "f", line: 1, col: 10
                LowercaseLetter(9999)
                  TOKEN_94(9999): "o", line: 1, col: 11
                LowercaseLetter(9999)
                  TOKEN_97(9999): "r", line: 1, col: 12
                LowercaseLetter(9999)
                  TOKEN_92(9999): "m", line: 1, col: 13
                LowercaseLetter(9999)
                  TOKEN_100(9999): "u", line: 1, col: 14
                LowercaseLetter(9999)
                  TOKEN_91(9999): "l", line: 1, col: 15
                LowercaseLetter(9999)
                  TOKEN_80(9999): "a", line: 1, col: 16
                Spaces(9999)
                  Space(9999)
                    TOKEN_1(9999): " ", line: 1, col: 17
            FuzzyStringOpRhs(9999)
              CONTAINS(9999)
                TOKEN_39(9999): "CONTAINS", line: 1, col: 18
                Spaces(9999)
                  Space(9999)
                    TOKEN_1(9999): " ", line: 1, col: 26
              StringProperty(9999)
                String(9999)
                  TOKEN_3(9999): """, line: 1, col: 27
                  EscapedChar(9999)
                    UnescapedChar(9999)
                      Letter(9999)
                        UppercaseLetter(9999)
                          TOKEN_33(9999): "A", line: 1, col: 28
                  EscapedChar(9999)
                    UnescapedChar(9999)
                      Letter(9999)
                        LowercaseLetter(9999)
                          TOKEN_91(9999): "l", line: 1, col: 29
                  TOKEN_3(9999): """, line: 1, col: 30
                  Spaces(9999)
                    Space(9999)
                      TOKEN_1(9999): " ", line: 1, col: 31
      AND(9999)
        TOKEN_35(9999): "AND", line: 1, col: 32
        Spaces(9999)
          Space(9999)
            TOKEN_1(9999): " ", line: 1, col: 35
      ExpressionClause(9999)
        ExpressionPhrase(9999)
          Comparison(9999)
            PropertyFirstComparison(9999)
              Property(9999)
                Identifier(9999)
                  LowercaseLetter(9999)
                    TOKEN_82(9999): "c", line: 1, col: 36
                  LowercaseLetter(9999)
                    TOKEN_87(9999): "h", line: 1, col: 37
                  LowercaseLetter(9999)
                    TOKEN_84(9999): "e", line: 1, col: 38
                  LowercaseLetter(9999)
                    TOKEN_92(9999): "m", line: 1, col: 39
                  LowercaseLetter(9999)
                    TOKEN_88(9999): "i", line: 1, col: 40
                  LowercaseLetter(9999)
                    TOKEN_82(9999): "c", line: 1, col: 41
                  LowercaseLetter(9999)
                    TOKEN_80(9999): "a", line: 1, col: 42
                  LowercaseLetter(9999)
                    TOKEN_91(9999): "l", line: 1, col: 43
                  LowercaseLetter(9999)
                    TOKEN_78(9999): "_", line: 1, col: 44
                  LowercaseLetter(9999)
                    TOKEN_85(9999): "f", line: 1, col: 45
                  LowercaseLetter(9999)
                    TOKEN_94(9999): "o", line: 1, col: 46
                  LowercaseLetter(9999)
                    TOKEN_97(9999): "r", line: 1, col: 47
                  LowercaseLetter(9999)
                    TOKEN_92(9999): "m", line: 1, col: 48
                  LowercaseLetter(9999)
                    TOKEN_100(9999): "u", line: 1, col: 49
                  LowercaseLetter(9999)
                    TOKEN_91(9999): "l", line: 1, col: 50
                  LowercaseLetter(9999)
                    TOKEN_80(9999): "a", line: 1, col: 51
                  Spaces(9999)
                    Space(9999)
                      TOKEN_1(9999): " ", line: 1, col: 52
              FuzzyStringOpRhs(9999)
                STARTS(9999)
                  TOKEN_64(9999): "STARTS", line: 1, col: 53
                  Spaces(9999)
                    Space(9999)
                      TOKEN_1(9999): " ", line: 1, col: 59
                StringProperty(9999)
                  String(9999)
                    TOKEN_3(9999): """, line: 1, col: 60
                    EscapedChar(9999)
                      UnescapedChar(9999)
                        Letter(9999)
                          UppercaseLetter(9999)
                            TOKEN_33(9999): "A", line: 1, col: 61
                    EscapedChar(9999)
                      UnescapedChar(9999)
                        Letter(9999)
                          LowercaseLetter(9999)
                            TOKEN_91(9999): "l", line: 1, col: 62
                    TOKEN_3(9999): """, line: 1, col: 63
                    Spaces(9999)
                      Space(9999)
                        TOKEN_1(9999): " ", line: 1, col: 64
        AND(9999)
          TOKEN_35(9999): "AND", line: 1, col: 65
          Spaces(9999)
            Space(9999)
              TOKEN_1(9999): " ", line: 1, col: 68
        ExpressionClause(9999)
          ExpressionPhrase(9999)
            Comparison(9999)
              PropertyFirstComparison(9999)
                Property(9999)
                  Identifier(9999)
                    LowercaseLetter(9999)
                      TOKEN_82(9999): "c", line: 1, col: 69
                    LowercaseLetter(9999)
                      TOKEN_87(9999): "h", line: 1, col: 70
                    LowercaseLetter(9999)
                      TOKEN_84(9999): "e", line: 1, col: 71
                    LowercaseLetter(9999)
                      TOKEN_92(9999): "m", line: 1, col: 72
                    LowercaseLetter(9999)
                      TOKEN_88(9999): "i", line: 1, col: 73
                    LowercaseLetter(9999)
                      TOKEN_82(9999): "c", line: 1, col: 74
                    LowercaseLetter(9999)
                      TOKEN_80(9999): "a", line: 1, col: 75
                    LowercaseLetter(9999)
                      TOKEN_91(9999): "l", line: 1, col: 76
                    LowercaseLetter(9999)
                      TOKEN_78(9999): "_", line: 1, col: 77
                    LowercaseLetter(9999)
                      TOKEN_85(9999): "f", line: 1, col: 78
                    LowercaseLetter(9999)
                      TOKEN_94(9999): "o", line: 1, col: 79
                    LowercaseLetter(9999)
                      TOKEN_97(9999): "r", line: 1, col: 80
                    LowercaseLetter(9999)
                      TOKEN_92(9999): "m", line: 1, col: 81
                    LowercaseLetter(9999)
                      TOKEN_100(9999): "u", line: 1, col: 82
                    LowercaseLetter(9999)
                      TOKEN_91(9999): "l", line: 1, col: 83
                    LowercaseLetter(9999)
                      TOKEN_80(9999): "a", line: 1, col: 84
                    Spaces(9999)
                      Space(9999)
                        TOKEN_1(9999): " ", line: 1, col: 85
                FuzzyStringOpRhs(9999)
                  ENDS(9999)
                    TOKEN_42(9999): "ENDS", line: 1, col: 86
                    Spaces(9999)
                      Space(9999)
                        TOKEN_1(9999): " ", line: 1, col: 90
                  StringProperty(9999)
                    String(9999)
                      TOKEN_3(9999): """, line: 1, col: 91
                      EscapedChar(9999)
                        UnescapedChar(9999)
                          Letter(9999)
                            UppercaseLetter(9999)
                              TOKEN_33(9999): "A", line: 1, col: 92
                      EscapedChar(9999)
                        UnescapedChar(9999)
                          Letter(9999)
                            LowercaseLetter(9999)
                              TOKEN_91(9999): "l", line: 1, col: 93
                      TOKEN_3(9999): """, line: 1, col: 94
                      Spaces(9999)
                        Space(9999)
                          nl(9999)
                            SPECIAL_1(9999): "(...)", line: 1, col: 95
