Parse tree from tests/cases/Filter_080.inp:
Filter(9999)
  Expression(9999)
    ExpressionClause(9999)
      ExpressionPhrase(9999)
        Comparison(9999)
          PropertyFirstComparison(9999)
            Property(9999)
              Identifier(9999)
                LowercaseLetter(9999)
                  TOKEN_95(9999): "n", line: 1, col: 1
                LowercaseLetter(9999)
                  TOKEN_82(9999): "a", line: 1, col: 2
                LowercaseLetter(9999)
                  TOKEN_94(9999): "m", line: 1, col: 3
                LowercaseLetter(9999)
                  TOKEN_86(9999): "e", line: 1, col: 4
            SetZipOpRhs(9999)
              PropertyZipAddon(9999)
                Colon(9999)
                  TOKEN_26(9999): ":", line: 1, col: 5
                Property(9999)
                  Identifier(9999)
                    LowercaseLetter(9999)
                      TOKEN_100(9999): "s", line: 1, col: 6
                    LowercaseLetter(9999)
                      TOKEN_102(9999): "u", line: 1, col: 7
                    LowercaseLetter(9999)
                      TOKEN_99(9999): "r", line: 1, col: 8
                    LowercaseLetter(9999)
                      TOKEN_95(9999): "n", line: 1, col: 9
                    LowercaseLetter(9999)
                      TOKEN_82(9999): "a", line: 1, col: 10
                    LowercaseLetter(9999)
                      TOKEN_94(9999): "m", line: 1, col: 11
                    LowercaseLetter(9999)
                      TOKEN_86(9999): "e", line: 1, col: 12
                    Spaces(9999)
                      Space(9999)
                        TOKEN_1(9999): " ", line: 1, col: 13
              HAS(9999)
                TOKEN_47(9999): "HAS", line: 1, col: 14
                Spaces(9999)
                  Space(9999)
                    TOKEN_1(9999): " ", line: 1, col: 17
              ValueZip(9999)
                ValueListEntry(9999)
                  FuzzyStringOpRhs(9999)
                    STARTS(9999)
                      TOKEN_65(9999): "STARTS", line: 1, col: 18
                      Spaces(9999)
                        Space(9999)
                          TOKEN_1(9999): " ", line: 1, col: 24
                    WITH(9999)
                      TOKEN_72(9999): "WITH", line: 1, col: 25
                      Spaces(9999)
                        Space(9999)
                          TOKEN_1(9999): " ", line: 1, col: 29
                    Value(9999)
                      OrderedValue(9999)
                        OrderedConstant(9999)
                          String(9999)
                            TOKEN_3(9999): """, line: 1, col: 30
                            EscapedChar(9999)
                              UnescapedChar(9999)
                                Letter(9999)
                                  UppercaseLetter(9999)
                                    TOKEN_50(9999): "J", line: 1, col: 31
                            TOKEN_3(9999): """, line: 1, col: 32
                Colon(9999)
                  TOKEN_26(9999): ":", line: 1, col: 33
                ValueListEntry(9999)
                  FuzzyStringOpRhs(9999)
                    CONTAINS(9999)
                      TOKEN_39(9999): "CONTAINS", line: 1, col: 34
                      Spaces(9999)
                        Space(9999)
                          TOKEN_1(9999): " ", line: 1, col: 42
                    Value(9999)
                      OrderedValue(9999)
                        OrderedConstant(9999)
                          String(9999)
                            TOKEN_3(9999): """, line: 1, col: 43
                            EscapedChar(9999)
                              UnescapedChar(9999)
                                Letter(9999)
                                  UppercaseLetter(9999)
                                    TOKEN_40(9999): "D", line: 1, col: 44
                            EscapedChar(9999)
                              UnescapedChar(9999)
                                Letter(9999)
                                  LowercaseLetter(9999)
                                    TOKEN_96(9999): "o", line: 1, col: 45
                            EscapedChar(9999)
                              UnescapedChar(9999)
                                Letter(9999)
                                  LowercaseLetter(9999)
                                    TOKEN_86(9999): "e", line: 1, col: 46
                            TOKEN_3(9999): """, line: 1, col: 47
                            Spaces(9999)
                              Space(9999)
                                nl(9999)
                                  SPECIAL_1(9999): "(...)", line: 1, col: 48
