Parse tree from tests/cases/Filter_019.inp:
Filter(9999)
  Expression(9999)
    ExpressionClause(9999)
      ExpressionPhrase(9999)
        Comparison(9999)
          PropertyFirstComparison(9999)
            Property(9999)
              Identifier(9999)
                LowercaseLetter(9999)
                  TOKEN_82(9999): "c", line: 1, col: 1
                LowercaseLetter(9999)
                  TOKEN_87(9999): "h", line: 1, col: 2
                LowercaseLetter(9999)
                  TOKEN_84(9999): "e", line: 1, col: 3
                LowercaseLetter(9999)
                  TOKEN_92(9999): "m", line: 1, col: 4
                LowercaseLetter(9999)
                  TOKEN_88(9999): "i", line: 1, col: 5
                LowercaseLetter(9999)
                  TOKEN_82(9999): "c", line: 1, col: 6
                LowercaseLetter(9999)
                  TOKEN_80(9999): "a", line: 1, col: 7
                LowercaseLetter(9999)
                  TOKEN_91(9999): "l", line: 1, col: 8
                LowercaseLetter(9999)
                  TOKEN_78(9999): "_", line: 1, col: 9
                LowercaseLetter(9999)
                  TOKEN_85(9999): "f", line: 1, col: 10
                LowercaseLetter(9999)
                  TOKEN_94(9999): "o", line: 1, col: 11
                LowercaseLetter(9999)
                  TOKEN_97(9999): "r", line: 1, col: 12
                LowercaseLetter(9999)
                  TOKEN_92(9999): "m", line: 1, col: 13
                LowercaseLetter(9999)
                  TOKEN_100(9999): "u", line: 1, col: 14
                LowercaseLetter(9999)
                  TOKEN_91(9999): "l", line: 1, col: 15
                LowercaseLetter(9999)
                  TOKEN_80(9999): "a", line: 1, col: 16
                Spaces(9999)
                  Space(9999)
                    TOKEN_1(9999): " ", line: 1, col: 17
            FuzzyStringOpRhs(9999)
              CONTAINS(9999)
                TOKEN_39(9999): "CONTAINS", line: 1, col: 18
                Spaces(9999)
                  Space(9999)
                    TOKEN_1(9999): " ", line: 1, col: 26
Error: in tests/cases/Filter_019.inp: line 1:
    unexpected token "4", expected one of """, "a", "b", "c", "d",
    "e", "f", "g", "h", "i", "j", "k", "l", "m", "n", "o", "p", "q",
    "r", "s", "t", "u", "v", "w", "x", "y", "z", or "_"

chemical_formula CONTAINS 42
                          ^
