Parse tree from tests/cases/Filter_076.inp:
Filter(9999)
  Expression(9999)
    ExpressionClause(9999)
      ExpressionPhrase(9999)
        Comparison(9999)
          PropertyFirstComparison(9999)
            Property(9999)
              Identifier(9999)
                LowercaseLetter(9999)
                  TOKEN_80(9999): "p", line: 1, col: 1
                LowercaseLetter(9999)
                  TOKEN_82(9999): "r", line: 1, col: 2
                LowercaseLetter(9999)
                  TOKEN_79(9999): "o", line: 1, col: 3
                LowercaseLetter(9999)
                  TOKEN_80(9999): "p", line: 1, col: 4
                LowercaseLetter(9999)
                  TOKEN_69(9999): "e", line: 1, col: 5
                LowercaseLetter(9999)
                  TOKEN_82(9999): "r", line: 1, col: 6
                LowercaseLetter(9999)
                  TOKEN_84(9999): "t", line: 1, col: 7
                LowercaseLetter(9999)
                  TOKEN_89(9999): "y", line: 1, col: 8
                Spaces(9999)
                  Space(9999)
                    TOKEN_1(9999): " ", line: 1, col: 9
            FuzzyStringOpRhs(9999)
              MATCH(9999)
                TOKEN_45(9999): "M", line: 1, col: 10
                TOKEN_33(9999): "A", line: 1, col: 11
                TOKEN_52(9999): "T", line: 1, col: 12
                TOKEN_35(9999): "C", line: 1, col: 13
                TOKEN_40(9999): "H", line: 1, col: 14
                Spaces(9999)
                  Space(9999)
                    TOKEN_1(9999): " ", line: 1, col: 15
              StringProperty(9999)
                String(9999)
                  TOKEN_3(9999): """, line: 1, col: 16
                  EscapedChar(9999)
                    TOKEN_60(9999): "\", line: 1, col: 17
                    TOKEN_3(9999): """, line: 1, col: 18
                  EscapedChar(9999)
                    UnescapedChar(9999)
                      RegexpMetacharacter(9999)
                        TOKEN_62(9999): "^", line: 1, col: 19
                  EscapedChar(9999)
                    UnescapedChar(9999)
                      RegexpMetacharacter(9999)
                        TOKEN_14(9999): ".", line: 1, col: 20
                  EscapedChar(9999)
                    UnescapedChar(9999)
                      RegexpMetacharacter(9999)
                        TOKEN_31(9999): "?", line: 1, col: 21
                  EscapedChar(9999)
                    UnescapedChar(9999)
                      Letter(9999)
                        LowercaseLetter(9999)
                          TOKEN_65(9999): "a", line: 1, col: 22
                  EscapedChar(9999)
                    UnescapedChar(9999)
                      Letter(9999)
                        LowercaseLetter(9999)
                          TOKEN_66(9999): "b", line: 1, col: 23
                  EscapedChar(9999)
                    UnescapedChar(9999)
                      Letter(9999)
                        LowercaseLetter(9999)
                          TOKEN_67(9999): "c", line: 1, col: 24
                  EscapedChar(9999)
                    UnescapedChar(9999)
                      RegexpMetacharacter(9999)
                        TOKEN_11(9999): "+", line: 1, col: 25
                  EscapedChar(9999)
                    UnescapedChar(9999)
                      RegexpMetacharacter(9999)
                        TOKEN_59(9999): "[", line: 1, col: 26
                  EscapedChar(9999)
                    UnescapedChar(9999)
                      Letter(9999)
                        LowercaseLetter(9999)
                          TOKEN_65(9999): "a", line: 1, col: 27
                  EscapedChar(9999)
                    UnescapedChar(9999)
                      Punctuator(9999)
                        TOKEN_13(9999): "-", line: 1, col: 28
                  EscapedChar(9999)
                    UnescapedChar(9999)
                      Letter(9999)
                        LowercaseLetter(9999)
                          TOKEN_90(9999): "z", line: 1, col: 29
                  EscapedChar(9999)
                    UnescapedChar(9999)
                      Digit(9999)
                        TOKEN_16(9999): "0", line: 1, col: 30
                  EscapedChar(9999)
                    UnescapedChar(9999)
                      Punctuator(9999)
                        TOKEN_13(9999): "-", line: 1, col: 31
                  EscapedChar(9999)
                    UnescapedChar(9999)
                      Digit(9999)
                        TOKEN_25(9999): "9", line: 1, col: 32
                  EscapedChar(9999)
                    UnescapedChar(9999)
                      RegexpMetacharacter(9999)
                        TOKEN_61(9999): "]", line: 1, col: 33
                  EscapedChar(9999)
                    TOKEN_60(9999): "\", line: 1, col: 34
                    TOKEN_60(9999): "\", line: 1, col: 35
                  EscapedChar(9999)
                    UnescapedChar(9999)
                      RegexpMetacharacter(9999)
                        TOKEN_10(9999): "*", line: 1, col: 36
                  EscapedChar(9999)
                    UnescapedChar(9999)
                      RegexpMetacharacter(9999)
                        TOKEN_5(9999): "$", line: 1, col: 37
                  EscapedChar(9999)
                    TOKEN_60(9999): "\", line: 1, col: 38
                    TOKEN_3(9999): """, line: 1, col: 39
                  TOKEN_3(9999): """, line: 1, col: 40
                  Spaces(9999)
                    Space(9999)
                      nl(9999)
                        SPECIAL_1(9999): "(...)", line: 1, col: 41
