Parse tree from tests/cases/Filter_006.inp:
Filter(9999)
  Expression(9999)
    ExpressionClause(9999)
      ExpressionPhrase(9999)
        Comparison(9999)
          PropertyFirstComparison(9999)
            Property(9999)
              Identifier(9999)
                LowercaseLetter(9999)
                  TOKEN_81(9999): "b", line: 1, col: 1
            ValueOpRhs(9999)
              Operator(9999)
                TOKEN_29(9999): "=", line: 1, col: 2
              Value(9999)
                String(9999)
                  TOKEN_3(9999): """, line: 1, col: 3
                  EscapedChar(9999)
                    UnescapedChar(9999)
                      Letter(9999)
                        LowercaseLetter(9999)
                          TOKEN_90(9999): "k", line: 1, col: 4
                  EscapedChar(9999)
                    UnescapedChar(9999)
                      Letter(9999)
                        LowercaseLetter(9999)
                          TOKEN_101(9999): "v", line: 1, col: 5
                  EscapedChar(9999)
                    UnescapedChar(9999)
                      Letter(9999)
                        LowercaseLetter(9999)
                          TOKEN_80(9999): "a", line: 1, col: 6
                  TOKEN_3(9999): """, line: 1, col: 7
                  Spaces(9999)
                    Space(9999)
                      TOKEN_1(9999): " ", line: 1, col: 8
      AND(9999)
        TOKEN_35(9999): "AND", line: 1, col: 9
        Spaces(9999)
          Space(9999)
            TOKEN_1(9999): " ", line: 1, col: 12
      ExpressionClause(9999)
        ExpressionPhrase(9999)
          OpeningBrace(9999)
            TOKEN_8(9999): "(", line: 1, col: 13
          Expression(9999)
            ExpressionClause(9999)
              ExpressionPhrase(9999)
                Comparison(9999)
                  ConstantFirstComparison(9999)
                    Constant(9999)
                      Number(9999)
                        Digits(9999)
                          Digit(9999)
                            TOKEN_17(9999): "1", line: 1, col: 14
                    ValueOpRhs(9999)
                      Operator(9999)
                        TOKEN_28(9999): "<", line: 1, col: 15
                      Value(9999)
                        Property(9999)
                          Identifier(9999)
                            LowercaseLetter(9999)
                              TOKEN_98(9999): "s", line: 1, col: 16
                            Spaces(9999)
                              Space(9999)
                                TOKEN_1(9999): " ", line: 1, col: 17
            OR(9999)
              TOKEN_59(9999): "OR", line: 1, col: 18
              Spaces(9999)
                Space(9999)
                  TOKEN_1(9999): " ", line: 1, col: 20
            Expression(9999)
              ExpressionClause(9999)
                ExpressionPhrase(9999)
                  NOT(9999)
                    TOKEN_56(9999): "NOT", line: 1, col: 21
                  OpeningBrace(9999)
                    TOKEN_8(9999): "(", line: 1, col: 24
                    Spaces(9999)
                      Space(9999)
                        TOKEN_1(9999): " ", line: 1, col: 25
                  Expression(9999)
                    ExpressionClause(9999)
                      ExpressionPhrase(9999)
                        Comparison(9999)
                          PropertyFirstComparison(9999)
                            Property(9999)
                              Identifier(9999)
                                LowercaseLetter(9999)
                                  TOKEN_103(9999): "x", line: 1, col: 26
                            ValueOpRhs(9999)
                              Operator(9999)
                                TOKEN_2(9999): "!", line: 1, col: 27
                                TOKEN_29(9999): "=", line: 1, col: 28
                              Value(9999)
                                Property(9999)
                                  Identifier(9999)
                                    LowercaseLetter(9999)
                                      TOKEN_104(9999): "y", line: 1, col: 29
                                    Spaces(9999)
                                      Space(9999)
                                        TOKEN_1(9999): " ", line: 1, col: 30
                      AND(9999)
                        TOKEN_35(9999): "AND", line: 1, col: 31
                        Spaces(9999)
                          Space(9999)
                            TOKEN_1(9999): " ", line: 1, col: 34
                      ExpressionClause(9999)
                        ExpressionPhrase(9999)
                          Comparison(9999)
                            PropertyFirstComparison(9999)
                              Property(9999)
                                Identifier(9999)
                                  LowercaseLetter(9999)
                                    TOKEN_105(9999): "z", line: 1, col: 35
                              ValueOpRhs(9999)
                                Operator(9999)
                                  TOKEN_30(9999): ">", line: 1, col: 36
                                Value(9999)
                                  Number(9999)
                                    Digits(9999)
                                      Digit(9999)
                                        TOKEN_16(9999): "0", line: 1, col: 37
                                    Spaces(9999)
                                      Space(9999)
                                        TOKEN_1(9999): " ", line: 1, col: 38
                  ClosingBrace(9999)
                    TOKEN_9(9999): ")", line: 1, col: 39
                    Spaces(9999)
                      Space(9999)
                        TOKEN_1(9999): " ", line: 1, col: 40
          ClosingBrace(9999)
            TOKEN_9(9999): ")", line: 1, col: 41
            Spaces(9999)
              Space(9999)
                nl(9999)
                  SPECIAL_1(9999): "(...)", line: 1, col: 42
