Parse tree from tests/cases/Filter_039.inp:
Filter(9999)
  Expression(9999)
    ExpressionClause(9999)
      ExpressionPhrase(9999)
        Comparison(9999)
          PropertyFirstComparison(9999)
            Property(9999)
              Identifier(9999)
                LowercaseLetter(9999)
                  TOKEN_84(9999): "e", line: 1, col: 1
                LowercaseLetter(9999)
                  TOKEN_91(9999): "l", line: 1, col: 2
                LowercaseLetter(9999)
                  TOKEN_84(9999): "e", line: 1, col: 3
                LowercaseLetter(9999)
                  TOKEN_92(9999): "m", line: 1, col: 4
                LowercaseLetter(9999)
                  TOKEN_84(9999): "e", line: 1, col: 5
                LowercaseLetter(9999)
                  TOKEN_93(9999): "n", line: 1, col: 6
                LowercaseLetter(9999)
                  TOKEN_99(9999): "t", line: 1, col: 7
                LowercaseLetter(9999)
                  TOKEN_98(9999): "s", line: 1, col: 8
            SetZipOpRhs(9999)
              PropertyZipAddon(9999)
                Colon(9999)
                  TOKEN_26(9999): ":", line: 1, col: 9
                Property(9999)
                  Identifier(9999)
                    LowercaseLetter(9999)
                      TOKEN_84(9999): "e", line: 1, col: 10
                    LowercaseLetter(9999)
                      TOKEN_91(9999): "l", line: 1, col: 11
                    LowercaseLetter(9999)
                      TOKEN_84(9999): "e", line: 1, col: 12
                    LowercaseLetter(9999)
                      TOKEN_92(9999): "m", line: 1, col: 13
                    LowercaseLetter(9999)
                      TOKEN_84(9999): "e", line: 1, col: 14
                    LowercaseLetter(9999)
                      TOKEN_93(9999): "n", line: 1, col: 15
                    LowercaseLetter(9999)
                      TOKEN_99(9999): "t", line: 1, col: 16
                    LowercaseLetter(9999)
                      TOKEN_78(9999): "_", line: 1, col: 17
                    LowercaseLetter(9999)
                      TOKEN_82(9999): "c", line: 1, col: 18
                    LowercaseLetter(9999)
                      TOKEN_94(9999): "o", line: 1, col: 19
                    LowercaseLetter(9999)
                      TOKEN_100(9999): "u", line: 1, col: 20
                    LowercaseLetter(9999)
                      TOKEN_93(9999): "n", line: 1, col: 21
                    LowercaseLetter(9999)
                      TOKEN_99(9999): "t", line: 1, col: 22
                    LowercaseLetter(9999)
                      TOKEN_98(9999): "s", line: 1, col: 23
                    Spaces(9999)
                      Space(9999)
                        TOKEN_1(9999): " ", line: 1, col: 24
              HAS(9999)
                TOKEN_46(9999): "HAS", line: 1, col: 25
                Spaces(9999)
                  Space(9999)
                    TOKEN_1(9999): " ", line: 1, col: 28
              ValueZip(9999)
                Value(9999)
                  String(9999)
                    TOKEN_3(9999): """, line: 1, col: 29
                    EscapedChar(9999)
                      UnescapedChar(9999)
                        Letter(9999)
                          UppercaseLetter(9999)
                            TOKEN_45(9999): "H", line: 1, col: 30
                    TOKEN_3(9999): """, line: 1, col: 31
                Colon(9999)
                  TOKEN_26(9999): ":", line: 1, col: 32
                Value(9999)
                  Number(9999)
                    Digits(9999)
                      Digit(9999)
                        TOKEN_22(9999): "6", line: 1, col: 33
                    Spaces(9999)
                      Space(9999)
                        TOKEN_1(9999): " ", line: 1, col: 34
      AND(9999)
        TOKEN_35(9999): "AND", line: 1, col: 35
        Spaces(9999)
          Space(9999)
            TOKEN_1(9999): " ", line: 1, col: 38
      ExpressionClause(9999)
        ExpressionPhrase(9999)
          Comparison(9999)
            PropertyFirstComparison(9999)
              Property(9999)
                Identifier(9999)
                  LowercaseLetter(9999)
                    TOKEN_84(9999): "e", line: 1, col: 39
                  LowercaseLetter(9999)
                    TOKEN_91(9999): "l", line: 1, col: 40
                  LowercaseLetter(9999)
                    TOKEN_84(9999): "e", line: 1, col: 41
                  LowercaseLetter(9999)
                    TOKEN_92(9999): "m", line: 1, col: 42
                  LowercaseLetter(9999)
                    TOKEN_84(9999): "e", line: 1, col: 43
                  LowercaseLetter(9999)
                    TOKEN_93(9999): "n", line: 1, col: 44
                  LowercaseLetter(9999)
                    TOKEN_99(9999): "t", line: 1, col: 45
                  LowercaseLetter(9999)
                    TOKEN_98(9999): "s", line: 1, col: 46
              SetZipOpRhs(9999)
                PropertyZipAddon(9999)
                  Colon(9999)
                    TOKEN_26(9999): ":", line: 1, col: 47
                  Property(9999)
                    Identifier(9999)
                      LowercaseLetter(9999)
                        TOKEN_84(9999): "e", line: 1, col: 48
                      LowercaseLetter(9999)
                        TOKEN_91(9999): "l", line: 1, col: 49
                      LowercaseLetter(9999)
                        TOKEN_84(9999): "e", line: 1, col: 50
                      LowercaseLetter(9999)
                        TOKEN_92(9999): "m", line: 1, col: 51
                      LowercaseLetter(9999)
                        TOKEN_84(9999): "e", line: 1, col: 52
                      LowercaseLetter(9999)
                        TOKEN_93(9999): "n", line: 1, col: 53
                      LowercaseLetter(9999)
                        TOKEN_99(9999): "t", line: 1, col: 54
                      LowercaseLetter(9999)
                        TOKEN_78(9999): "_", line: 1, col: 55
                      LowercaseLetter(9999)
                        TOKEN_82(9999): "c", line: 1, col: 56
                      LowercaseLetter(9999)
                        TOKEN_94(9999): "o", line: 1, col: 57
                      LowercaseLetter(9999)
                        TOKEN_100(9999): "u", line: 1, col: 58
                      LowercaseLetter(9999)
                        TOKEN_93(9999): "n", line: 1, col: 59
                      LowercaseLetter(9999)
                        TOKEN_99(9999): "t", line: 1, col: 60
                      LowercaseLetter(9999)
                        TOKEN_98(9999): "s", line: 1, col: 61
                      Spaces(9999)
                        Space(9999)
                          TOKEN_1(9999): " ", line: 1, col: 62
                HAS(9999)
                  TOKEN_46(9999): "HAS", line: 1, col: 63
                  Spaces(9999)
                    Space(9999)
                      TOKEN_1(9999): " ", line: 1, col: 66
                ALL(9999)
                  TOKEN_34(9999): "ALL", line: 1, col: 67
                  Spaces(9999)
                    Space(9999)
                      TOKEN_1(9999): " ", line: 1, col: 70
                ValueZipList(9999)
                  ValueZip(9999)
                    Value(9999)
                      String(9999)
                        TOKEN_3(9999): """, line: 1, col: 71
                        EscapedChar(9999)
                          UnescapedChar(9999)
                            Letter(9999)
                              UppercaseLetter(9999)
                                TOKEN_45(9999): "H", line: 1, col: 72
                        TOKEN_3(9999): """, line: 1, col: 73
                    Colon(9999)
                      TOKEN_26(9999): ":", line: 1, col: 74
                    Value(9999)
                      Number(9999)
                        Digits(9999)
                          Digit(9999)
                            TOKEN_22(9999): "6", line: 1, col: 75
                  Comma(9999)
                    TOKEN_12(9999): ",", line: 1, col: 76
                  ValueZip(9999)
                    Value(9999)
                      String(9999)
                        TOKEN_3(9999): """, line: 1, col: 77
                        EscapedChar(9999)
                          UnescapedChar(9999)
                            Letter(9999)
                              UppercaseLetter(9999)
                                TOKEN_45(9999): "H", line: 1, col: 78
                        EscapedChar(9999)
                          UnescapedChar(9999)
                            Letter(9999)
                              LowercaseLetter(9999)
                                TOKEN_84(9999): "e", line: 1, col: 79
                        TOKEN_3(9999): """, line: 1, col: 80
                    Colon(9999)
                      TOKEN_26(9999): ":", line: 1, col: 81
                    Value(9999)
                      Number(9999)
                        Digits(9999)
                          Digit(9999)
                            TOKEN_23(9999): "7", line: 1, col: 82
                        Spaces(9999)
                          Space(9999)
                            TOKEN_1(9999): " ", line: 1, col: 83
        AND(9999)
          TOKEN_35(9999): "AND", line: 1, col: 84
          Spaces(9999)
            Space(9999)
              TOKEN_1(9999): " ", line: 1, col: 87
        ExpressionClause(9999)
          ExpressionPhrase(9999)
            Comparison(9999)
              PropertyFirstComparison(9999)
                Property(9999)
                  Identifier(9999)
                    LowercaseLetter(9999)
                      TOKEN_84(9999): "e", line: 1, col: 88
                    LowercaseLetter(9999)
                      TOKEN_91(9999): "l", line: 1, col: 89
                    LowercaseLetter(9999)
                      TOKEN_84(9999): "e", line: 1, col: 90
                    LowercaseLetter(9999)
                      TOKEN_92(9999): "m", line: 1, col: 91
                    LowercaseLetter(9999)
                      TOKEN_84(9999): "e", line: 1, col: 92
                    LowercaseLetter(9999)
                      TOKEN_93(9999): "n", line: 1, col: 93
                    LowercaseLetter(9999)
                      TOKEN_99(9999): "t", line: 1, col: 94
                    LowercaseLetter(9999)
                      TOKEN_98(9999): "s", line: 1, col: 95
                SetZipOpRhs(9999)
                  PropertyZipAddon(9999)
                    Colon(9999)
                      TOKEN_26(9999): ":", line: 1, col: 96
                    Property(9999)
                      Identifier(9999)
                        LowercaseLetter(9999)
                          TOKEN_84(9999): "e", line: 1, col: 97
                        LowercaseLetter(9999)
                          TOKEN_91(9999): "l", line: 1, col: 98
                        LowercaseLetter(9999)
                          TOKEN_84(9999): "e", line: 1, col: 99
                        LowercaseLetter(9999)
                          TOKEN_92(9999): "m", line: 1, col: 100
                        LowercaseLetter(9999)
                          TOKEN_84(9999): "e", line: 1, col: 101
                        LowercaseLetter(9999)
                          TOKEN_93(9999): "n", line: 1, col: 102
                        LowercaseLetter(9999)
                          TOKEN_99(9999): "t", line: 1, col: 103
                        LowercaseLetter(9999)
                          TOKEN_78(9999): "_", line: 1, col: 104
                        LowercaseLetter(9999)
                          TOKEN_82(9999): "c", line: 1, col: 105
                        LowercaseLetter(9999)
                          TOKEN_94(9999): "o", line: 1, col: 106
                        LowercaseLetter(9999)
                          TOKEN_100(9999): "u", line: 1, col: 107
                        LowercaseLetter(9999)
                          TOKEN_93(9999): "n", line: 1, col: 108
                        LowercaseLetter(9999)
                          TOKEN_99(9999): "t", line: 1, col: 109
                        LowercaseLetter(9999)
                          TOKEN_98(9999): "s", line: 1, col: 110
                        Spaces(9999)
                          Space(9999)
                            TOKEN_1(9999): " ", line: 1, col: 111
                  HAS(9999)
                    TOKEN_46(9999): "HAS", line: 1, col: 112
                    Spaces(9999)
                      Space(9999)
                        TOKEN_1(9999): " ", line: 1, col: 115
                  ONLY(9999)
                    TOKEN_58(9999): "ONLY", line: 1, col: 116
                    Spaces(9999)
                      Space(9999)
                        TOKEN_1(9999): " ", line: 1, col: 120
                  ValueZipList(9999)
                    ValueZip(9999)
                      Value(9999)
                        String(9999)
                          TOKEN_3(9999): """, line: 1, col: 121
                          EscapedChar(9999)
                            UnescapedChar(9999)
                              Letter(9999)
                                UppercaseLetter(9999)
                                  TOKEN_45(9999): "H", line: 1, col: 122
                          TOKEN_3(9999): """, line: 1, col: 123
                      Colon(9999)
                        TOKEN_26(9999): ":", line: 1, col: 124
                      Value(9999)
                        Number(9999)
                          Digits(9999)
                            Digit(9999)
                              TOKEN_22(9999): "6", line: 1, col: 125
                          Spaces(9999)
                            Space(9999)
                              TOKEN_1(9999): " ", line: 1, col: 126
          AND(9999)
            TOKEN_35(9999): "AND", line: 1, col: 127
            Spaces(9999)
              Space(9999)
                TOKEN_1(9999): " ", line: 1, col: 130
          ExpressionClause(9999)
            ExpressionPhrase(9999)
              Comparison(9999)
                PropertyFirstComparison(9999)
                  Property(9999)
                    Identifier(9999)
                      LowercaseLetter(9999)
                        TOKEN_84(9999): "e", line: 1, col: 131
                      LowercaseLetter(9999)
                        TOKEN_91(9999): "l", line: 1, col: 132
                      LowercaseLetter(9999)
                        TOKEN_84(9999): "e", line: 1, col: 133
                      LowercaseLetter(9999)
                        TOKEN_92(9999): "m", line: 1, col: 134
                      LowercaseLetter(9999)
                        TOKEN_84(9999): "e", line: 1, col: 135
                      LowercaseLetter(9999)
                        TOKEN_93(9999): "n", line: 1, col: 136
                      LowercaseLetter(9999)
                        TOKEN_99(9999): "t", line: 1, col: 137
                      LowercaseLetter(9999)
                        TOKEN_98(9999): "s", line: 1, col: 138
                  SetZipOpRhs(9999)
                    PropertyZipAddon(9999)
                      Colon(9999)
                        TOKEN_26(9999): ":", line: 1, col: 139
                      Property(9999)
                        Identifier(9999)
                          LowercaseLetter(9999)
                            TOKEN_84(9999): "e", line: 1, col: 140
                          LowercaseLetter(9999)
                            TOKEN_91(9999): "l", line: 1, col: 141
                          LowercaseLetter(9999)
                            TOKEN_84(9999): "e", line: 1, col: 142
                          LowercaseLetter(9999)
                            TOKEN_92(9999): "m", line: 1, col: 143
                          LowercaseLetter(9999)
                            TOKEN_84(9999): "e", line: 1, col: 144
                          LowercaseLetter(9999)
                            TOKEN_93(9999): "n", line: 1, col: 145
                          LowercaseLetter(9999)
                            TOKEN_99(9999): "t", line: 1, col: 146
                          LowercaseLetter(9999)
                            TOKEN_78(9999): "_", line: 1, col: 147
                          LowercaseLetter(9999)
                            TOKEN_82(9999): "c", line: 1, col: 148
                          LowercaseLetter(9999)
                            TOKEN_94(9999): "o", line: 1, col: 149
                          LowercaseLetter(9999)
                            TOKEN_100(9999): "u", line: 1, col: 150
                          LowercaseLetter(9999)
                            TOKEN_93(9999): "n", line: 1, col: 151
                          LowercaseLetter(9999)
                            TOKEN_99(9999): "t", line: 1, col: 152
                          LowercaseLetter(9999)
                            TOKEN_98(9999): "s", line: 1, col: 153
                          Spaces(9999)
                            Space(9999)
                              TOKEN_1(9999): " ", line: 1, col: 154
                    HAS(9999)
                      TOKEN_46(9999): "HAS", line: 1, col: 155
                      Spaces(9999)
                        Space(9999)
                          TOKEN_1(9999): " ", line: 1, col: 158
                    ANY(9999)
                      TOKEN_36(9999): "ANY", line: 1, col: 159
                      Spaces(9999)
                        Space(9999)
                          TOKEN_1(9999): " ", line: 1, col: 162
                    ValueZipList(9999)
                      ValueZip(9999)
                        Value(9999)
                          String(9999)
                            TOKEN_3(9999): """, line: 1, col: 163
                            EscapedChar(9999)
                              UnescapedChar(9999)
                                Letter(9999)
                                  UppercaseLetter(9999)
                                    TOKEN_45(9999): "H", line: 1, col: 164
                            TOKEN_3(9999): """, line: 1, col: 165
                        Colon(9999)
                          TOKEN_26(9999): ":", line: 1, col: 166
                        Value(9999)
                          Number(9999)
                            Digits(9999)
                              Digit(9999)
                                TOKEN_22(9999): "6", line: 1, col: 167
                      Comma(9999)
                        TOKEN_12(9999): ",", line: 1, col: 168
                      ValueZip(9999)
                        Value(9999)
                          String(9999)
                            TOKEN_3(9999): """, line: 1, col: 169
                            EscapedChar(9999)
                              UnescapedChar(9999)
                                Letter(9999)
                                  UppercaseLetter(9999)
                                    TOKEN_45(9999): "H", line: 1, col: 170
                            EscapedChar(9999)
                              UnescapedChar(9999)
                                Letter(9999)
                                  LowercaseLetter(9999)
                                    TOKEN_84(9999): "e", line: 1, col: 171
                            TOKEN_3(9999): """, line: 1, col: 172
                        Colon(9999)
                          TOKEN_26(9999): ":", line: 1, col: 173
                        Value(9999)
                          Number(9999)
                            Digits(9999)
                              Digit(9999)
                                TOKEN_23(9999): "7", line: 1, col: 174
                            Spaces(9999)
                              Space(9999)
                                TOKEN_1(9999): " ", line: 1, col: 175
            AND(9999)
              TOKEN_35(9999): "AND", line: 1, col: 176
              Spaces(9999)
                Space(9999)
                  TOKEN_1(9999): " ", line: 1, col: 179
            ExpressionClause(9999)
              ExpressionPhrase(9999)
                Comparison(9999)
                  PropertyFirstComparison(9999)
                    Property(9999)
                      Identifier(9999)
                        LowercaseLetter(9999)
                          TOKEN_84(9999): "e", line: 1, col: 180
                        LowercaseLetter(9999)
                          TOKEN_91(9999): "l", line: 1, col: 181
                        LowercaseLetter(9999)
                          TOKEN_84(9999): "e", line: 1, col: 182
                        LowercaseLetter(9999)
                          TOKEN_92(9999): "m", line: 1, col: 183
                        LowercaseLetter(9999)
                          TOKEN_84(9999): "e", line: 1, col: 184
                        LowercaseLetter(9999)
                          TOKEN_93(9999): "n", line: 1, col: 185
                        LowercaseLetter(9999)
                          TOKEN_99(9999): "t", line: 1, col: 186
                        LowercaseLetter(9999)
                          TOKEN_98(9999): "s", line: 1, col: 187
                    SetZipOpRhs(9999)
                      PropertyZipAddon(9999)
                        Colon(9999)
                          TOKEN_26(9999): ":", line: 1, col: 188
                        Property(9999)
                          Identifier(9999)
                            LowercaseLetter(9999)
                              TOKEN_84(9999): "e", line: 1, col: 189
                            LowercaseLetter(9999)
                              TOKEN_91(9999): "l", line: 1, col: 190
                            LowercaseLetter(9999)
                              TOKEN_84(9999): "e", line: 1, col: 191
                            LowercaseLetter(9999)
                              TOKEN_92(9999): "m", line: 1, col: 192
                            LowercaseLetter(9999)
                              TOKEN_84(9999): "e", line: 1, col: 193
                            LowercaseLetter(9999)
                              TOKEN_93(9999): "n", line: 1, col: 194
                            LowercaseLetter(9999)
                              TOKEN_99(9999): "t", line: 1, col: 195
                            LowercaseLetter(9999)
                              TOKEN_78(9999): "_", line: 1, col: 196
                            LowercaseLetter(9999)
                              TOKEN_82(9999): "c", line: 1, col: 197
                            LowercaseLetter(9999)
                              TOKEN_94(9999): "o", line: 1, col: 198
                            LowercaseLetter(9999)
                              TOKEN_100(9999): "u", line: 1, col: 199
                            LowercaseLetter(9999)
                              TOKEN_93(9999): "n", line: 1, col: 200
                            LowercaseLetter(9999)
                              TOKEN_99(9999): "t", line: 1, col: 201
                            LowercaseLetter(9999)
                              TOKEN_98(9999): "s", line: 1, col: 202
                            Spaces(9999)
                              Space(9999)
                                TOKEN_1(9999): " ", line: 1, col: 203
                      HAS(9999)
                        TOKEN_46(9999): "HAS", line: 1, col: 204
                        Spaces(9999)
                          Space(9999)
                            TOKEN_1(9999): " ", line: 1, col: 207
                      ONLY(9999)
                        TOKEN_58(9999): "ONLY", line: 1, col: 208
                        Spaces(9999)
                          Space(9999)
                            TOKEN_1(9999): " ", line: 1, col: 212
                      ValueZipList(9999)
                        ValueZip(9999)
                          Value(9999)
                            String(9999)
                              TOKEN_3(9999): """, line: 1, col: 213
                              EscapedChar(9999)
                                UnescapedChar(9999)
                                  Letter(9999)
                                    UppercaseLetter(9999)
                                      TOKEN_45(9999): "H", line: 1, col: 214
                              TOKEN_3(9999): """, line: 1, col: 215
                          Colon(9999)
                            TOKEN_26(9999): ":", line: 1, col: 216
                          Value(9999)
                            Number(9999)
                              Digits(9999)
                                Digit(9999)
                                  TOKEN_22(9999): "6", line: 1, col: 217
                        Comma(9999)
                          TOKEN_12(9999): ",", line: 1, col: 218
                        ValueZip(9999)
                          Value(9999)
                            String(9999)
                              TOKEN_3(9999): """, line: 1, col: 219
                              EscapedChar(9999)
                                UnescapedChar(9999)
                                  Letter(9999)
                                    UppercaseLetter(9999)
                                      TOKEN_45(9999): "H", line: 1, col: 220
                              EscapedChar(9999)
                                UnescapedChar(9999)
                                  Letter(9999)
                                    LowercaseLetter(9999)
                                      TOKEN_84(9999): "e", line: 1, col: 221
                              TOKEN_3(9999): """, line: 1, col: 222
                          Colon(9999)
                            TOKEN_26(9999): ":", line: 1, col: 223
                          Value(9999)
                            Number(9999)
                              Digits(9999)
                                Digit(9999)
                                  TOKEN_23(9999): "7", line: 1, col: 224
