Parse tree from tests/cases/Filter_068.inp:
Filter(9999)
  Expression(9999)
    ExpressionClause(9999)
      ExpressionPhrase(9999)
        Comparison(9999)
          PropertyFirstComparison(9999)
            Property(9999)
              Identifier(9999)
                LowercaseLetter(9999)
                  TOKEN_84(9999): "e", line: 1, col: 1
                LowercaseLetter(9999)
                  TOKEN_91(9999): "l", line: 1, col: 2
                LowercaseLetter(9999)
                  TOKEN_84(9999): "e", line: 1, col: 3
                LowercaseLetter(9999)
                  TOKEN_92(9999): "m", line: 1, col: 4
                LowercaseLetter(9999)
                  TOKEN_84(9999): "e", line: 1, col: 5
                LowercaseLetter(9999)
                  TOKEN_93(9999): "n", line: 1, col: 6
                LowercaseLetter(9999)
                  TOKEN_99(9999): "t", line: 1, col: 7
                LowercaseLetter(9999)
                  TOKEN_98(9999): "s", line: 1, col: 8
                Spaces(9999)
                  Space(9999)
                    TOKEN_1(9999): " ", line: 1, col: 9
            SetZipOpRhs(9999)
              PropertyZipAddon(9999)
                Colon(9999)
                  TOKEN_26(9999): ":", line: 1, col: 10
                Property(9999)
                  Identifier(9999)
                    LowercaseLetter(9999)
                      TOKEN_84(9999): "e", line: 1, col: 11
                    LowercaseLetter(9999)
                      TOKEN_91(9999): "l", line: 1, col: 12
                    LowercaseLetter(9999)
                      TOKEN_84(9999): "e", line: 1, col: 13
                    LowercaseLetter(9999)
                      TOKEN_92(9999): "m", line: 1, col: 14
                    LowercaseLetter(9999)
                      TOKEN_84(9999): "e", line: 1, col: 15
                    LowercaseLetter(9999)
                      TOKEN_93(9999): "n", line: 1, col: 16
                    LowercaseLetter(9999)
                      TOKEN_99(9999): "t", line: 1, col: 17
                    LowercaseLetter(9999)
                      TOKEN_78(9999): "_", line: 1, col: 18
                    LowercaseLetter(9999)
                      TOKEN_82(9999): "c", line: 1, col: 19
                    LowercaseLetter(9999)
                      TOKEN_94(9999): "o", line: 1, col: 20
                    LowercaseLetter(9999)
                      TOKEN_100(9999): "u", line: 1, col: 21
                    LowercaseLetter(9999)
                      TOKEN_93(9999): "n", line: 1, col: 22
                    LowercaseLetter(9999)
                      TOKEN_99(9999): "t", line: 1, col: 23
                    LowercaseLetter(9999)
                      TOKEN_98(9999): "s", line: 1, col: 24
                    Spaces(9999)
                      Space(9999)
                        TOKEN_1(9999): " ", line: 1, col: 25
              HAS(9999)
                TOKEN_46(9999): "HAS", line: 1, col: 26
                Spaces(9999)
                  Space(9999)
                    TOKEN_1(9999): " ", line: 1, col: 29
              ValueZip(9999)
                Value(9999)
                  String(9999)
                    TOKEN_3(9999): """, line: 1, col: 30
                    EscapedChar(9999)
                      UnescapedChar(9999)
                        Letter(9999)
                          UppercaseLetter(9999)
                            TOKEN_45(9999): "H", line: 1, col: 31
                    TOKEN_3(9999): """, line: 1, col: 32
                Colon(9999)
                  TOKEN_26(9999): ":", line: 1, col: 33
                  Spaces(9999)
                    Space(9999)
                      TOKEN_1(9999): " ", line: 1, col: 34
                Value(9999)
                  Number(9999)
                    Digits(9999)
                      Digit(9999)
                        TOKEN_22(9999): "6", line: 1, col: 35
                    Spaces(9999)
                      Space(9999)
                        TOKEN_1(9999): " ", line: 1, col: 36
      AND(9999)
        TOKEN_35(9999): "AND", line: 1, col: 37
        Spaces(9999)
          Space(9999)
            TOKEN_1(9999): " ", line: 1, col: 40
      ExpressionClause(9999)
        ExpressionPhrase(9999)
          Comparison(9999)
            PropertyFirstComparison(9999)
              Property(9999)
                Identifier(9999)
                  LowercaseLetter(9999)
                    TOKEN_84(9999): "e", line: 1, col: 41
                  LowercaseLetter(9999)
                    TOKEN_91(9999): "l", line: 1, col: 42
                  LowercaseLetter(9999)
                    TOKEN_84(9999): "e", line: 1, col: 43
                  LowercaseLetter(9999)
                    TOKEN_92(9999): "m", line: 1, col: 44
                  LowercaseLetter(9999)
                    TOKEN_84(9999): "e", line: 1, col: 45
                  LowercaseLetter(9999)
                    TOKEN_93(9999): "n", line: 1, col: 46
                  LowercaseLetter(9999)
                    TOKEN_99(9999): "t", line: 1, col: 47
                  LowercaseLetter(9999)
                    TOKEN_98(9999): "s", line: 1, col: 48
                  Spaces(9999)
                    Space(9999)
                      TOKEN_1(9999): " ", line: 1, col: 49
              SetZipOpRhs(9999)
                PropertyZipAddon(9999)
                  Colon(9999)
                    TOKEN_26(9999): ":", line: 1, col: 50
                    Spaces(9999)
                      Space(9999)
                        TOKEN_1(9999): " ", line: 1, col: 51
                  Property(9999)
                    Identifier(9999)
                      LowercaseLetter(9999)
                        TOKEN_84(9999): "e", line: 1, col: 52
                      LowercaseLetter(9999)
                        TOKEN_91(9999): "l", line: 1, col: 53
                      LowercaseLetter(9999)
                        TOKEN_84(9999): "e", line: 1, col: 54
                      LowercaseLetter(9999)
                        TOKEN_92(9999): "m", line: 1, col: 55
                      LowercaseLetter(9999)
                        TOKEN_84(9999): "e", line: 1, col: 56
                      LowercaseLetter(9999)
                        TOKEN_93(9999): "n", line: 1, col: 57
                      LowercaseLetter(9999)
                        TOKEN_99(9999): "t", line: 1, col: 58
                      LowercaseLetter(9999)
                        TOKEN_78(9999): "_", line: 1, col: 59
                      LowercaseLetter(9999)
                        TOKEN_82(9999): "c", line: 1, col: 60
                      LowercaseLetter(9999)
                        TOKEN_94(9999): "o", line: 1, col: 61
                      LowercaseLetter(9999)
                        TOKEN_100(9999): "u", line: 1, col: 62
                      LowercaseLetter(9999)
                        TOKEN_93(9999): "n", line: 1, col: 63
                      LowercaseLetter(9999)
                        TOKEN_99(9999): "t", line: 1, col: 64
                      LowercaseLetter(9999)
                        TOKEN_98(9999): "s", line: 1, col: 65
                      Spaces(9999)
                        Space(9999)
                          TOKEN_1(9999): " ", line: 1, col: 66
                HAS(9999)
                  TOKEN_46(9999): "HAS", line: 1, col: 67
                  Spaces(9999)
                    Space(9999)
                      TOKEN_1(9999): " ", line: 1, col: 70
                ALL(9999)
                  TOKEN_34(9999): "ALL", line: 1, col: 71
                  Spaces(9999)
                    Space(9999)
                      TOKEN_1(9999): " ", line: 1, col: 74
                ValueZipList(9999)
                  ValueZip(9999)
                    Value(9999)
                      String(9999)
                        TOKEN_3(9999): """, line: 1, col: 75
                        EscapedChar(9999)
                          UnescapedChar(9999)
                            Letter(9999)
                              UppercaseLetter(9999)
                                TOKEN_45(9999): "H", line: 1, col: 76
                        TOKEN_3(9999): """, line: 1, col: 77
                        Spaces(9999)
                          Space(9999)
                            TOKEN_1(9999): " ", line: 1, col: 78
                    Colon(9999)
                      TOKEN_26(9999): ":", line: 1, col: 79
                      Spaces(9999)
                        Space(9999)
                          TOKEN_1(9999): " ", line: 1, col: 80
                    Value(9999)
                      Number(9999)
                        Digits(9999)
                          Digit(9999)
                            TOKEN_22(9999): "6", line: 1, col: 81
                  Comma(9999)
                    TOKEN_12(9999): ",", line: 1, col: 82
                  ValueZip(9999)
                    Value(9999)
                      String(9999)
                        TOKEN_3(9999): """, line: 1, col: 83
                        EscapedChar(9999)
                          UnescapedChar(9999)
                            Letter(9999)
                              UppercaseLetter(9999)
                                TOKEN_45(9999): "H", line: 1, col: 84
                        EscapedChar(9999)
                          UnescapedChar(9999)
                            Letter(9999)
                              LowercaseLetter(9999)
                                TOKEN_84(9999): "e", line: 1, col: 85
                        TOKEN_3(9999): """, line: 1, col: 86
                    Colon(9999)
                      TOKEN_26(9999): ":", line: 1, col: 87
                      Spaces(9999)
                        Space(9999)
                          TOKEN_1(9999): " ", line: 1, col: 88
                    Value(9999)
                      Number(9999)
                        Digits(9999)
                          Digit(9999)
                            TOKEN_23(9999): "7", line: 1, col: 89
                        Spaces(9999)
                          Space(9999)
                            TOKEN_1(9999): " ", line: 1, col: 90
        AND(9999)
          TOKEN_35(9999): "AND", line: 1, col: 91
          Spaces(9999)
            Space(9999)
              TOKEN_1(9999): " ", line: 1, col: 94
        ExpressionClause(9999)
          ExpressionPhrase(9999)
            Comparison(9999)
              PropertyFirstComparison(9999)
                Property(9999)
                  Identifier(9999)
                    LowercaseLetter(9999)
                      TOKEN_84(9999): "e", line: 1, col: 95
                    LowercaseLetter(9999)
                      TOKEN_91(9999): "l", line: 1, col: 96
                    LowercaseLetter(9999)
                      TOKEN_84(9999): "e", line: 1, col: 97
                    LowercaseLetter(9999)
                      TOKEN_92(9999): "m", line: 1, col: 98
                    LowercaseLetter(9999)
                      TOKEN_84(9999): "e", line: 1, col: 99
                    LowercaseLetter(9999)
                      TOKEN_93(9999): "n", line: 1, col: 100
                    LowercaseLetter(9999)
                      TOKEN_99(9999): "t", line: 1, col: 101
                    LowercaseLetter(9999)
                      TOKEN_98(9999): "s", line: 1, col: 102
                SetZipOpRhs(9999)
                  PropertyZipAddon(9999)
                    Colon(9999)
                      TOKEN_26(9999): ":", line: 1, col: 103
                      Spaces(9999)
                        Space(9999)
                          TOKEN_1(9999): " ", line: 1, col: 104
                    Property(9999)
                      Identifier(9999)
                        LowercaseLetter(9999)
                          TOKEN_84(9999): "e", line: 1, col: 105
                        LowercaseLetter(9999)
                          TOKEN_91(9999): "l", line: 1, col: 106
                        LowercaseLetter(9999)
                          TOKEN_84(9999): "e", line: 1, col: 107
                        LowercaseLetter(9999)
                          TOKEN_92(9999): "m", line: 1, col: 108
                        LowercaseLetter(9999)
                          TOKEN_84(9999): "e", line: 1, col: 109
                        LowercaseLetter(9999)
                          TOKEN_93(9999): "n", line: 1, col: 110
                        LowercaseLetter(9999)
                          TOKEN_99(9999): "t", line: 1, col: 111
                        LowercaseLetter(9999)
                          TOKEN_78(9999): "_", line: 1, col: 112
                        LowercaseLetter(9999)
                          TOKEN_82(9999): "c", line: 1, col: 113
                        LowercaseLetter(9999)
                          TOKEN_94(9999): "o", line: 1, col: 114
                        LowercaseLetter(9999)
                          TOKEN_100(9999): "u", line: 1, col: 115
                        LowercaseLetter(9999)
                          TOKEN_93(9999): "n", line: 1, col: 116
                        LowercaseLetter(9999)
                          TOKEN_99(9999): "t", line: 1, col: 117
                        LowercaseLetter(9999)
                          TOKEN_98(9999): "s", line: 1, col: 118
                        Spaces(9999)
                          Space(9999)
                            TOKEN_1(9999): " ", line: 1, col: 119
                  HAS(9999)
                    TOKEN_46(9999): "HAS", line: 1, col: 120
                    Spaces(9999)
                      Space(9999)
                        TOKEN_1(9999): " ", line: 1, col: 123
                  ONLY(9999)
                    TOKEN_58(9999): "ONLY", line: 1, col: 124
                    Spaces(9999)
                      Space(9999)
                        TOKEN_1(9999): " ", line: 1, col: 128
                  ValueZipList(9999)
                    ValueZip(9999)
                      Value(9999)
                        String(9999)
                          TOKEN_3(9999): """, line: 1, col: 129
                          EscapedChar(9999)
                            UnescapedChar(9999)
                              Letter(9999)
                                UppercaseLetter(9999)
                                  TOKEN_45(9999): "H", line: 1, col: 130
                          TOKEN_3(9999): """, line: 1, col: 131
                          Spaces(9999)
                            Space(9999)
                              TOKEN_1(9999): " ", line: 1, col: 132
                      Colon(9999)
                        TOKEN_26(9999): ":", line: 1, col: 133
                      Value(9999)
                        Number(9999)
                          Digits(9999)
                            Digit(9999)
                              TOKEN_22(9999): "6", line: 1, col: 134
                          Spaces(9999)
                            Space(9999)
                              TOKEN_1(9999): " ", line: 1, col: 135
          AND(9999)
            TOKEN_35(9999): "AND", line: 1, col: 136
            Spaces(9999)
              Space(9999)
                TOKEN_1(9999): " ", line: 1, col: 139
          ExpressionClause(9999)
            ExpressionPhrase(9999)
              Comparison(9999)
                PropertyFirstComparison(9999)
                  Property(9999)
                    Identifier(9999)
                      LowercaseLetter(9999)
                        TOKEN_84(9999): "e", line: 1, col: 140
                      LowercaseLetter(9999)
                        TOKEN_91(9999): "l", line: 1, col: 141
                      LowercaseLetter(9999)
                        TOKEN_84(9999): "e", line: 1, col: 142
                      LowercaseLetter(9999)
                        TOKEN_92(9999): "m", line: 1, col: 143
                      LowercaseLetter(9999)
                        TOKEN_84(9999): "e", line: 1, col: 144
                      LowercaseLetter(9999)
                        TOKEN_93(9999): "n", line: 1, col: 145
                      LowercaseLetter(9999)
                        TOKEN_99(9999): "t", line: 1, col: 146
                      LowercaseLetter(9999)
                        TOKEN_98(9999): "s", line: 1, col: 147
                  SetZipOpRhs(9999)
                    PropertyZipAddon(9999)
                      Colon(9999)
                        TOKEN_26(9999): ":", line: 1, col: 148
                      Property(9999)
                        Identifier(9999)
                          LowercaseLetter(9999)
                            TOKEN_84(9999): "e", line: 1, col: 149
                          LowercaseLetter(9999)
                            TOKEN_91(9999): "l", line: 1, col: 150
                          LowercaseLetter(9999)
                            TOKEN_84(9999): "e", line: 1, col: 151
                          LowercaseLetter(9999)
                            TOKEN_92(9999): "m", line: 1, col: 152
                          LowercaseLetter(9999)
                            TOKEN_84(9999): "e", line: 1, col: 153
                          LowercaseLetter(9999)
                            TOKEN_93(9999): "n", line: 1, col: 154
                          LowercaseLetter(9999)
                            TOKEN_99(9999): "t", line: 1, col: 155
                          LowercaseLetter(9999)
                            TOKEN_78(9999): "_", line: 1, col: 156
                          LowercaseLetter(9999)
                            TOKEN_82(9999): "c", line: 1, col: 157
                          LowercaseLetter(9999)
                            TOKEN_94(9999): "o", line: 1, col: 158
                          LowercaseLetter(9999)
                            TOKEN_100(9999): "u", line: 1, col: 159
                          LowercaseLetter(9999)
                            TOKEN_93(9999): "n", line: 1, col: 160
                          LowercaseLetter(9999)
                            TOKEN_99(9999): "t", line: 1, col: 161
                          LowercaseLetter(9999)
                            TOKEN_98(9999): "s", line: 1, col: 162
                          Spaces(9999)
                            Space(9999)
                              TOKEN_1(9999): " ", line: 1, col: 163
                    HAS(9999)
                      TOKEN_46(9999): "HAS", line: 1, col: 164
                      Spaces(9999)
                        Space(9999)
                          TOKEN_1(9999): " ", line: 1, col: 167
                    ANY(9999)
                      TOKEN_36(9999): "ANY", line: 1, col: 168
                      Spaces(9999)
                        Space(9999)
                          TOKEN_1(9999): " ", line: 1, col: 171
                    ValueZipList(9999)
                      ValueZip(9999)
                        Value(9999)
                          String(9999)
                            TOKEN_3(9999): """, line: 1, col: 172
                            EscapedChar(9999)
                              UnescapedChar(9999)
                                Letter(9999)
                                  UppercaseLetter(9999)
                                    TOKEN_45(9999): "H", line: 1, col: 173
                            TOKEN_3(9999): """, line: 1, col: 174
                            Spaces(9999)
                              Space(9999)
                                TOKEN_1(9999): " ", line: 1, col: 175
                              Space(9999)
                                TOKEN_1(9999): " ", line: 1, col: 176
                        Colon(9999)
                          TOKEN_26(9999): ":", line: 1, col: 177
                          Spaces(9999)
                            Space(9999)
                              TOKEN_1(9999): " ", line: 1, col: 178
                            Space(9999)
                              TOKEN_1(9999): " ", line: 1, col: 179
                            Space(9999)
                              TOKEN_1(9999): " ", line: 1, col: 180
                        Value(9999)
                          Number(9999)
                            Digits(9999)
                              Digit(9999)
                                TOKEN_22(9999): "6", line: 1, col: 181
                      Comma(9999)
                        TOKEN_12(9999): ",", line: 1, col: 182
                      ValueZip(9999)
                        Value(9999)
                          String(9999)
                            TOKEN_3(9999): """, line: 1, col: 183
                            EscapedChar(9999)
                              UnescapedChar(9999)
                                Letter(9999)
                                  UppercaseLetter(9999)
                                    TOKEN_45(9999): "H", line: 1, col: 184
                            EscapedChar(9999)
                              UnescapedChar(9999)
                                Letter(9999)
                                  LowercaseLetter(9999)
                                    TOKEN_84(9999): "e", line: 1, col: 185
                            TOKEN_3(9999): """, line: 1, col: 186
                            Spaces(9999)
                              Space(9999)
                                TOKEN_1(9999): " ", line: 1, col: 187
                        Colon(9999)
                          TOKEN_26(9999): ":", line: 1, col: 188
                          Spaces(9999)
                            Space(9999)
                              TOKEN_1(9999): " ", line: 1, col: 189
                        Value(9999)
                          Number(9999)
                            Digits(9999)
                              Digit(9999)
                                TOKEN_23(9999): "7", line: 1, col: 190
                            Spaces(9999)
                              Space(9999)
                                TOKEN_1(9999): " ", line: 1, col: 191
            AND(9999)
              TOKEN_35(9999): "AND", line: 1, col: 192
              Spaces(9999)
                Space(9999)
                  TOKEN_1(9999): " ", line: 1, col: 195
            ExpressionClause(9999)
              ExpressionPhrase(9999)
                Comparison(9999)
                  PropertyFirstComparison(9999)
                    Property(9999)
                      Identifier(9999)
                        LowercaseLetter(9999)
                          TOKEN_84(9999): "e", line: 1, col: 196
                        LowercaseLetter(9999)
                          TOKEN_91(9999): "l", line: 1, col: 197
                        LowercaseLetter(9999)
                          TOKEN_84(9999): "e", line: 1, col: 198
                        LowercaseLetter(9999)
                          TOKEN_92(9999): "m", line: 1, col: 199
                        LowercaseLetter(9999)
                          TOKEN_84(9999): "e", line: 1, col: 200
                        LowercaseLetter(9999)
                          TOKEN_93(9999): "n", line: 1, col: 201
                        LowercaseLetter(9999)
                          TOKEN_99(9999): "t", line: 1, col: 202
                        LowercaseLetter(9999)
                          TOKEN_98(9999): "s", line: 1, col: 203
                        Spaces(9999)
                          Space(9999)
                            TOKEN_1(9999): " ", line: 1, col: 204
                          Space(9999)
                            TOKEN_1(9999): " ", line: 1, col: 205
                          Space(9999)
                            TOKEN_1(9999): " ", line: 1, col: 206
                    SetZipOpRhs(9999)
                      PropertyZipAddon(9999)
                        Colon(9999)
                          TOKEN_26(9999): ":", line: 1, col: 207
                          Spaces(9999)
                            Space(9999)
                              TOKEN_1(9999): " ", line: 1, col: 208
                            Space(9999)
                              TOKEN_1(9999): " ", line: 1, col: 209
                            Space(9999)
                              TOKEN_1(9999): " ", line: 1, col: 210
                        Property(9999)
                          Identifier(9999)
                            LowercaseLetter(9999)
                              TOKEN_84(9999): "e", line: 1, col: 211
                            LowercaseLetter(9999)
                              TOKEN_91(9999): "l", line: 1, col: 212
                            LowercaseLetter(9999)
                              TOKEN_84(9999): "e", line: 1, col: 213
                            LowercaseLetter(9999)
                              TOKEN_92(9999): "m", line: 1, col: 214
                            LowercaseLetter(9999)
                              TOKEN_84(9999): "e", line: 1, col: 215
                            LowercaseLetter(9999)
                              TOKEN_93(9999): "n", line: 1, col: 216
                            LowercaseLetter(9999)
                              TOKEN_99(9999): "t", line: 1, col: 217
                            LowercaseLetter(9999)
                              TOKEN_78(9999): "_", line: 1, col: 218
                            LowercaseLetter(9999)
                              TOKEN_82(9999): "c", line: 1, col: 219
                            LowercaseLetter(9999)
                              TOKEN_94(9999): "o", line: 1, col: 220
                            LowercaseLetter(9999)
                              TOKEN_100(9999): "u", line: 1, col: 221
                            LowercaseLetter(9999)
                              TOKEN_93(9999): "n", line: 1, col: 222
                            LowercaseLetter(9999)
                              TOKEN_99(9999): "t", line: 1, col: 223
                            LowercaseLetter(9999)
                              TOKEN_98(9999): "s", line: 1, col: 224
                            Spaces(9999)
                              Space(9999)
                                TOKEN_1(9999): " ", line: 1, col: 225
                      HAS(9999)
                        TOKEN_46(9999): "HAS", line: 1, col: 226
                        Spaces(9999)
                          Space(9999)
                            TOKEN_1(9999): " ", line: 1, col: 229
                      ONLY(9999)
                        TOKEN_58(9999): "ONLY", line: 1, col: 230
                        Spaces(9999)
                          Space(9999)
                            TOKEN_1(9999): " ", line: 1, col: 234
                      ValueZipList(9999)
                        ValueZip(9999)
                          Value(9999)
                            String(9999)
                              TOKEN_3(9999): """, line: 1, col: 235
                              EscapedChar(9999)
                                UnescapedChar(9999)
                                  Letter(9999)
                                    UppercaseLetter(9999)
                                      TOKEN_45(9999): "H", line: 1, col: 236
                              TOKEN_3(9999): """, line: 1, col: 237
                              Spaces(9999)
                                Space(9999)
                                  TOKEN_1(9999): " ", line: 1, col: 238
                          Colon(9999)
                            TOKEN_26(9999): ":", line: 1, col: 239
                          Value(9999)
                            Number(9999)
                              Digits(9999)
                                Digit(9999)
                                  TOKEN_22(9999): "6", line: 1, col: 240
                        Comma(9999)
                          TOKEN_12(9999): ",", line: 1, col: 241
                        ValueZip(9999)
                          Value(9999)
                            String(9999)
                              TOKEN_3(9999): """, line: 1, col: 242
                              EscapedChar(9999)
                                UnescapedChar(9999)
                                  Letter(9999)
                                    UppercaseLetter(9999)
                                      TOKEN_45(9999): "H", line: 1, col: 243
                              EscapedChar(9999)
                                UnescapedChar(9999)
                                  Letter(9999)
                                    LowercaseLetter(9999)
                                      TOKEN_84(9999): "e", line: 1, col: 244
                              TOKEN_3(9999): """, line: 1, col: 245
                          Colon(9999)
                            TOKEN_26(9999): ":", line: 1, col: 246
                            Spaces(9999)
                              Space(9999)
                                TOKEN_1(9999): " ", line: 1, col: 247
                          Value(9999)
                            Number(9999)
                              Digits(9999)
                                Digit(9999)
                                  TOKEN_23(9999): "7", line: 1, col: 248
                              Spaces(9999)
                                Space(9999)
                                  nl(9999)
                                    SPECIAL_1(9999): "(...)", line: 1, col: 249
