Parse tree from tests/cases/Filter_042.inp:
Filter(9999)
  Expression(9999)
    ExpressionClause(9999)
      ExpressionPhrase(9999)
        Comparison(9999)
          PropertyFirstComparison(9999)
            Property(9999)
              Identifier(9999)
                LowercaseLetter(9999)
                  TOKEN_82(9999): "c", line: 1, col: 1
                LowercaseLetter(9999)
                  TOKEN_87(9999): "h", line: 1, col: 2
                LowercaseLetter(9999)
                  TOKEN_84(9999): "e", line: 1, col: 3
                LowercaseLetter(9999)
                  TOKEN_92(9999): "m", line: 1, col: 4
                LowercaseLetter(9999)
                  TOKEN_88(9999): "i", line: 1, col: 5
                LowercaseLetter(9999)
                  TOKEN_82(9999): "c", line: 1, col: 6
                LowercaseLetter(9999)
                  TOKEN_80(9999): "a", line: 1, col: 7
                LowercaseLetter(9999)
                  TOKEN_91(9999): "l", line: 1, col: 8
                LowercaseLetter(9999)
                  TOKEN_78(9999): "_", line: 1, col: 9
                LowercaseLetter(9999)
                  TOKEN_85(9999): "f", line: 1, col: 10
                LowercaseLetter(9999)
                  TOKEN_94(9999): "o", line: 1, col: 11
                LowercaseLetter(9999)
                  TOKEN_97(9999): "r", line: 1, col: 12
                LowercaseLetter(9999)
                  TOKEN_92(9999): "m", line: 1, col: 13
                LowercaseLetter(9999)
                  TOKEN_100(9999): "u", line: 1, col: 14
                LowercaseLetter(9999)
                  TOKEN_91(9999): "l", line: 1, col: 15
                LowercaseLetter(9999)
                  TOKEN_80(9999): "a", line: 1, col: 16
                Spaces(9999)
                  Space(9999)
                    TOKEN_1(9999): " ", line: 1, col: 17
            ValueOpRhs(9999)
              Operator(9999)
                TOKEN_29(9999): "=", line: 1, col: 18
                Spaces(9999)
                  Space(9999)
                    TOKEN_1(9999): " ", line: 1, col: 19
              Value(9999)
                String(9999)
                  TOKEN_3(9999): """, line: 1, col: 20
                  EscapedChar(9999)
                    UnescapedChar(9999)
                      Letter(9999)
                        UppercaseLetter(9999)
                          TOKEN_45(9999): "H", line: 1, col: 21
                  EscapedChar(9999)
                    UnescapedChar(9999)
                      Letter(9999)
                        LowercaseLetter(9999)
                          TOKEN_84(9999): "e", line: 1, col: 22
                  TOKEN_3(9999): """, line: 1, col: 23
                  Spaces(9999)
                    Space(9999)
                      TOKEN_1(9999): " ", line: 1, col: 24
      AND(9999)
        TOKEN_35(9999): "AND", line: 1, col: 25
        Spaces(9999)
          Space(9999)
            TOKEN_1(9999): " ", line: 1, col: 28
      ExpressionClause(9999)
        ExpressionPhrase(9999)
          Comparison(9999)
            PropertyFirstComparison(9999)
              Property(9999)
                Identifier(9999)
                  LowercaseLetter(9999)
                    TOKEN_82(9999): "c", line: 1, col: 29
                  LowercaseLetter(9999)
                    TOKEN_87(9999): "h", line: 1, col: 30
                  LowercaseLetter(9999)
                    TOKEN_84(9999): "e", line: 1, col: 31
                  LowercaseLetter(9999)
                    TOKEN_92(9999): "m", line: 1, col: 32
                  LowercaseLetter(9999)
                    TOKEN_88(9999): "i", line: 1, col: 33
                  LowercaseLetter(9999)
                    TOKEN_82(9999): "c", line: 1, col: 34
                  LowercaseLetter(9999)
                    TOKEN_80(9999): "a", line: 1, col: 35
                  LowercaseLetter(9999)
                    TOKEN_91(9999): "l", line: 1, col: 36
                  LowercaseLetter(9999)
                    TOKEN_78(9999): "_", line: 1, col: 37
                  LowercaseLetter(9999)
                    TOKEN_85(9999): "f", line: 1, col: 38
                  LowercaseLetter(9999)
                    TOKEN_94(9999): "o", line: 1, col: 39
                  LowercaseLetter(9999)
                    TOKEN_97(9999): "r", line: 1, col: 40
                  LowercaseLetter(9999)
                    TOKEN_92(9999): "m", line: 1, col: 41
                  LowercaseLetter(9999)
                    TOKEN_100(9999): "u", line: 1, col: 42
                  LowercaseLetter(9999)
                    TOKEN_91(9999): "l", line: 1, col: 43
                  LowercaseLetter(9999)
                    TOKEN_80(9999): "a", line: 1, col: 44
                  Spaces(9999)
                    Space(9999)
                      TOKEN_1(9999): " ", line: 1, col: 45
              ValueOpRhs(9999)
                Operator(9999)
                  TOKEN_30(9999): ">", line: 1, col: 46
                  Spaces(9999)
                    Space(9999)
                      TOKEN_1(9999): " ", line: 1, col: 47
                Value(9999)
                  String(9999)
                    TOKEN_3(9999): """, line: 1, col: 48
                    EscapedChar(9999)
                      UnescapedChar(9999)
                        Letter(9999)
                          UppercaseLetter(9999)
                            TOKEN_45(9999): "H", line: 1, col: 49
                    EscapedChar(9999)
                      UnescapedChar(9999)
                        Letter(9999)
                          LowercaseLetter(9999)
                            TOKEN_84(9999): "e", line: 1, col: 50
                    TOKEN_3(9999): """, line: 1, col: 51
                    Spaces(9999)
                      Space(9999)
                        TOKEN_1(9999): " ", line: 1, col: 52
        AND(9999)
          TOKEN_35(9999): "AND", line: 1, col: 53
          Spaces(9999)
            Space(9999)
              TOKEN_1(9999): " ", line: 1, col: 56
        ExpressionClause(9999)
          ExpressionPhrase(9999)
            Comparison(9999)
              PropertyFirstComparison(9999)
                Property(9999)
                  Identifier(9999)
                    LowercaseLetter(9999)
                      TOKEN_82(9999): "c", line: 1, col: 57
                    LowercaseLetter(9999)
                      TOKEN_87(9999): "h", line: 1, col: 58
                    LowercaseLetter(9999)
                      TOKEN_84(9999): "e", line: 1, col: 59
                    LowercaseLetter(9999)
                      TOKEN_92(9999): "m", line: 1, col: 60
                    LowercaseLetter(9999)
                      TOKEN_88(9999): "i", line: 1, col: 61
                    LowercaseLetter(9999)
                      TOKEN_82(9999): "c", line: 1, col: 62
                    LowercaseLetter(9999)
                      TOKEN_80(9999): "a", line: 1, col: 63
                    LowercaseLetter(9999)
                      TOKEN_91(9999): "l", line: 1, col: 64
                    LowercaseLetter(9999)
                      TOKEN_78(9999): "_", line: 1, col: 65
                    LowercaseLetter(9999)
                      TOKEN_85(9999): "f", line: 1, col: 66
                    LowercaseLetter(9999)
                      TOKEN_94(9999): "o", line: 1, col: 67
                    LowercaseLetter(9999)
                      TOKEN_97(9999): "r", line: 1, col: 68
                    LowercaseLetter(9999)
                      TOKEN_92(9999): "m", line: 1, col: 69
                    LowercaseLetter(9999)
                      TOKEN_100(9999): "u", line: 1, col: 70
                    LowercaseLetter(9999)
                      TOKEN_91(9999): "l", line: 1, col: 71
                    LowercaseLetter(9999)
                      TOKEN_80(9999): "a", line: 1, col: 72
                    Spaces(9999)
                      Space(9999)
                        TOKEN_1(9999): " ", line: 1, col: 73
                ValueOpRhs(9999)
                  Operator(9999)
                    TOKEN_28(9999): "<", line: 1, col: 74
                    Spaces(9999)
                      Space(9999)
                        TOKEN_1(9999): " ", line: 1, col: 75
                  Value(9999)
                    String(9999)
                      TOKEN_3(9999): """, line: 1, col: 76
                      EscapedChar(9999)
                        UnescapedChar(9999)
                          Letter(9999)
                            UppercaseLetter(9999)
                              TOKEN_45(9999): "H", line: 1, col: 77
                      EscapedChar(9999)
                        UnescapedChar(9999)
                          Letter(9999)
                            LowercaseLetter(9999)
                              TOKEN_84(9999): "e", line: 1, col: 78
                      TOKEN_3(9999): """, line: 1, col: 79
                      Spaces(9999)
                        Space(9999)
                          TOKEN_1(9999): " ", line: 1, col: 80
          AND(9999)
            TOKEN_35(9999): "AND", line: 1, col: 81
            Spaces(9999)
              Space(9999)
                TOKEN_1(9999): " ", line: 1, col: 84
          ExpressionClause(9999)
            ExpressionPhrase(9999)
              Comparison(9999)
                PropertyFirstComparison(9999)
                  Property(9999)
                    Identifier(9999)
                      LowercaseLetter(9999)
                        TOKEN_82(9999): "c", line: 1, col: 85
                      LowercaseLetter(9999)
                        TOKEN_87(9999): "h", line: 1, col: 86
                      LowercaseLetter(9999)
                        TOKEN_84(9999): "e", line: 1, col: 87
                      LowercaseLetter(9999)
                        TOKEN_92(9999): "m", line: 1, col: 88
                      LowercaseLetter(9999)
                        TOKEN_88(9999): "i", line: 1, col: 89
                      LowercaseLetter(9999)
                        TOKEN_82(9999): "c", line: 1, col: 90
                      LowercaseLetter(9999)
                        TOKEN_80(9999): "a", line: 1, col: 91
                      LowercaseLetter(9999)
                        TOKEN_91(9999): "l", line: 1, col: 92
                      LowercaseLetter(9999)
                        TOKEN_78(9999): "_", line: 1, col: 93
                      LowercaseLetter(9999)
                        TOKEN_85(9999): "f", line: 1, col: 94
                      LowercaseLetter(9999)
                        TOKEN_94(9999): "o", line: 1, col: 95
                      LowercaseLetter(9999)
                        TOKEN_97(9999): "r", line: 1, col: 96
                      LowercaseLetter(9999)
                        TOKEN_92(9999): "m", line: 1, col: 97
                      LowercaseLetter(9999)
                        TOKEN_100(9999): "u", line: 1, col: 98
                      LowercaseLetter(9999)
                        TOKEN_91(9999): "l", line: 1, col: 99
                      LowercaseLetter(9999)
                        TOKEN_80(9999): "a", line: 1, col: 100
                      Spaces(9999)
                        Space(9999)
                          TOKEN_1(9999): " ", line: 1, col: 101
                  ValueOpRhs(9999)
                    Operator(9999)
                      TOKEN_28(9999): "<", line: 1, col: 102
                      TOKEN_29(9999): "=", line: 1, col: 103
                      Spaces(9999)
                        Space(9999)
                          TOKEN_1(9999): " ", line: 1, col: 104
                    Value(9999)
                      String(9999)
                        TOKEN_3(9999): """, line: 1, col: 105
                        EscapedChar(9999)
                          UnescapedChar(9999)
                            Letter(9999)
                              UppercaseLetter(9999)
                                TOKEN_45(9999): "H", line: 1, col: 106
                        EscapedChar(9999)
                          UnescapedChar(9999)
                            Letter(9999)
                              LowercaseLetter(9999)
                                TOKEN_84(9999): "e", line: 1, col: 107
                        TOKEN_3(9999): """, line: 1, col: 108
                        Spaces(9999)
                          Space(9999)
                            TOKEN_1(9999): " ", line: 1, col: 109
            AND(9999)
              TOKEN_35(9999): "AND", line: 1, col: 110
              Spaces(9999)
                Space(9999)
                  TOKEN_1(9999): " ", line: 1, col: 113
            ExpressionClause(9999)
              ExpressionPhrase(9999)
                Comparison(9999)
                  PropertyFirstComparison(9999)
                    Property(9999)
                      Identifier(9999)
                        LowercaseLetter(9999)
                          TOKEN_82(9999): "c", line: 1, col: 114
                        LowercaseLetter(9999)
                          TOKEN_87(9999): "h", line: 1, col: 115
                        LowercaseLetter(9999)
                          TOKEN_84(9999): "e", line: 1, col: 116
                        LowercaseLetter(9999)
                          TOKEN_92(9999): "m", line: 1, col: 117
                        LowercaseLetter(9999)
                          TOKEN_88(9999): "i", line: 1, col: 118
                        LowercaseLetter(9999)
                          TOKEN_82(9999): "c", line: 1, col: 119
                        LowercaseLetter(9999)
                          TOKEN_80(9999): "a", line: 1, col: 120
                        LowercaseLetter(9999)
                          TOKEN_91(9999): "l", line: 1, col: 121
                        LowercaseLetter(9999)
                          TOKEN_78(9999): "_", line: 1, col: 122
                        LowercaseLetter(9999)
                          TOKEN_85(9999): "f", line: 1, col: 123
                        LowercaseLetter(9999)
                          TOKEN_94(9999): "o", line: 1, col: 124
                        LowercaseLetter(9999)
                          TOKEN_97(9999): "r", line: 1, col: 125
                        LowercaseLetter(9999)
                          TOKEN_92(9999): "m", line: 1, col: 126
                        LowercaseLetter(9999)
                          TOKEN_100(9999): "u", line: 1, col: 127
                        LowercaseLetter(9999)
                          TOKEN_91(9999): "l", line: 1, col: 128
                        LowercaseLetter(9999)
                          TOKEN_80(9999): "a", line: 1, col: 129
                        Spaces(9999)
                          Space(9999)
                            TOKEN_1(9999): " ", line: 1, col: 130
                    ValueOpRhs(9999)
                      Operator(9999)
                        TOKEN_30(9999): ">", line: 1, col: 131
                        TOKEN_29(9999): "=", line: 1, col: 132
                        Spaces(9999)
                          Space(9999)
                            TOKEN_1(9999): " ", line: 1, col: 133
                      Value(9999)
                        String(9999)
                          TOKEN_3(9999): """, line: 1, col: 134
                          EscapedChar(9999)
                            UnescapedChar(9999)
                              Letter(9999)
                                UppercaseLetter(9999)
                                  TOKEN_45(9999): "H", line: 1, col: 135
                          EscapedChar(9999)
                            UnescapedChar(9999)
                              Letter(9999)
                                LowercaseLetter(9999)
                                  TOKEN_84(9999): "e", line: 1, col: 136
                          TOKEN_3(9999): """, line: 1, col: 137
                          Spaces(9999)
                            Space(9999)
                              TOKEN_1(9999): " ", line: 1, col: 138
              AND(9999)
                TOKEN_35(9999): "AND", line: 1, col: 139
                Spaces(9999)
                  Space(9999)
                    TOKEN_1(9999): " ", line: 1, col: 142
              ExpressionClause(9999)
                ExpressionPhrase(9999)
                  Comparison(9999)
                    PropertyFirstComparison(9999)
                      Property(9999)
                        Identifier(9999)
                          LowercaseLetter(9999)
                            TOKEN_82(9999): "c", line: 1, col: 143
                          LowercaseLetter(9999)
                            TOKEN_87(9999): "h", line: 1, col: 144
                          LowercaseLetter(9999)
                            TOKEN_84(9999): "e", line: 1, col: 145
                          LowercaseLetter(9999)
                            TOKEN_92(9999): "m", line: 1, col: 146
                          LowercaseLetter(9999)
                            TOKEN_88(9999): "i", line: 1, col: 147
                          LowercaseLetter(9999)
                            TOKEN_82(9999): "c", line: 1, col: 148
                          LowercaseLetter(9999)
                            TOKEN_80(9999): "a", line: 1, col: 149
                          LowercaseLetter(9999)
                            TOKEN_91(9999): "l", line: 1, col: 150
                          LowercaseLetter(9999)
                            TOKEN_78(9999): "_", line: 1, col: 151
                          LowercaseLetter(9999)
                            TOKEN_85(9999): "f", line: 1, col: 152
                          LowercaseLetter(9999)
                            TOKEN_94(9999): "o", line: 1, col: 153
                          LowercaseLetter(9999)
                            TOKEN_97(9999): "r", line: 1, col: 154
                          LowercaseLetter(9999)
                            TOKEN_92(9999): "m", line: 1, col: 155
                          LowercaseLetter(9999)
                            TOKEN_100(9999): "u", line: 1, col: 156
                          LowercaseLetter(9999)
                            TOKEN_91(9999): "l", line: 1, col: 157
                          LowercaseLetter(9999)
                            TOKEN_80(9999): "a", line: 1, col: 158
                          Spaces(9999)
                            Space(9999)
                              TOKEN_1(9999): " ", line: 1, col: 159
                      ValueOpRhs(9999)
                        Operator(9999)
                          TOKEN_2(9999): "!", line: 1, col: 160
                          TOKEN_29(9999): "=", line: 1, col: 161
                          Spaces(9999)
                            Space(9999)
                              TOKEN_1(9999): " ", line: 1, col: 162
                        Value(9999)
                          String(9999)
                            TOKEN_3(9999): """, line: 1, col: 163
                            EscapedChar(9999)
                              UnescapedChar(9999)
                                Letter(9999)
                                  UppercaseLetter(9999)
                                    TOKEN_45(9999): "H", line: 1, col: 164
                            EscapedChar(9999)
                              UnescapedChar(9999)
                                Letter(9999)
                                  LowercaseLetter(9999)
                                    TOKEN_84(9999): "e", line: 1, col: 165
                            TOKEN_3(9999): """, line: 1, col: 166
