Parse tree from tests/cases/Filter_057.inp:
Filter(9999)
  Expression(9999)
    ExpressionClause(9999)
      ExpressionPhrase(9999)
        Comparison(9999)
          PropertyFirstComparison(9999)
            Property(9999)
              Identifier(9999)
                LowercaseLetter(9999)
                  TOKEN_84(9999): "e", line: 1, col: 1
                LowercaseLetter(9999)
                  TOKEN_91(9999): "l", line: 1, col: 2
                LowercaseLetter(9999)
                  TOKEN_84(9999): "e", line: 1, col: 3
                LowercaseLetter(9999)
                  TOKEN_92(9999): "m", line: 1, col: 4
                LowercaseLetter(9999)
                  TOKEN_84(9999): "e", line: 1, col: 5
                LowercaseLetter(9999)
                  TOKEN_93(9999): "n", line: 1, col: 6
                LowercaseLetter(9999)
                  TOKEN_99(9999): "t", line: 1, col: 7
                LowercaseLetter(9999)
                  TOKEN_98(9999): "s", line: 1, col: 8
            SetZipOpRhs(9999)
              PropertyZipAddon(9999)
                Colon(9999)
                  TOKEN_26(9999): ":", line: 1, col: 9
                Property(9999)
                  Identifier(9999)
                    LowercaseLetter(9999)
                      TOKEN_78(9999): "_", line: 1, col: 10
                    LowercaseLetter(9999)
                      TOKEN_84(9999): "e", line: 1, col: 11
                    LowercaseLetter(9999)
                      TOKEN_103(9999): "x", line: 1, col: 12
                    LowercaseLetter(9999)
                      TOKEN_92(9999): "m", line: 1, col: 13
                    LowercaseLetter(9999)
                      TOKEN_95(9999): "p", line: 1, col: 14
                    LowercaseLetter(9999)
                      TOKEN_91(9999): "l", line: 1, col: 15
                    LowercaseLetter(9999)
                      TOKEN_78(9999): "_", line: 1, col: 16
                    LowercaseLetter(9999)
                      TOKEN_84(9999): "e", line: 1, col: 17
                    LowercaseLetter(9999)
                      TOKEN_91(9999): "l", line: 1, col: 18
                    LowercaseLetter(9999)
                      TOKEN_84(9999): "e", line: 1, col: 19
                    LowercaseLetter(9999)
                      TOKEN_92(9999): "m", line: 1, col: 20
                    LowercaseLetter(9999)
                      TOKEN_84(9999): "e", line: 1, col: 21
                    LowercaseLetter(9999)
                      TOKEN_93(9999): "n", line: 1, col: 22
                    LowercaseLetter(9999)
                      TOKEN_99(9999): "t", line: 1, col: 23
                    LowercaseLetter(9999)
                      TOKEN_78(9999): "_", line: 1, col: 24
                    LowercaseLetter(9999)
                      TOKEN_82(9999): "c", line: 1, col: 25
                    LowercaseLetter(9999)
                      TOKEN_94(9999): "o", line: 1, col: 26
                    LowercaseLetter(9999)
                      TOKEN_100(9999): "u", line: 1, col: 27
                    LowercaseLetter(9999)
                      TOKEN_93(9999): "n", line: 1, col: 28
                    LowercaseLetter(9999)
                      TOKEN_99(9999): "t", line: 1, col: 29
                    LowercaseLetter(9999)
                      TOKEN_98(9999): "s", line: 1, col: 30
                Colon(9999)
                  TOKEN_26(9999): ":", line: 1, col: 31
                Property(9999)
                  Identifier(9999)
                    LowercaseLetter(9999)
                      TOKEN_78(9999): "_", line: 1, col: 32
                    LowercaseLetter(9999)
                      TOKEN_84(9999): "e", line: 1, col: 33
                    LowercaseLetter(9999)
                      TOKEN_103(9999): "x", line: 1, col: 34
                    LowercaseLetter(9999)
                      TOKEN_92(9999): "m", line: 1, col: 35
                    LowercaseLetter(9999)
                      TOKEN_95(9999): "p", line: 1, col: 36
                    LowercaseLetter(9999)
                      TOKEN_91(9999): "l", line: 1, col: 37
                    LowercaseLetter(9999)
                      TOKEN_78(9999): "_", line: 1, col: 38
                    LowercaseLetter(9999)
                      TOKEN_84(9999): "e", line: 1, col: 39
                    LowercaseLetter(9999)
                      TOKEN_91(9999): "l", line: 1, col: 40
                    LowercaseLetter(9999)
                      TOKEN_84(9999): "e", line: 1, col: 41
                    LowercaseLetter(9999)
                      TOKEN_92(9999): "m", line: 1, col: 42
                    LowercaseLetter(9999)
                      TOKEN_84(9999): "e", line: 1, col: 43
                    LowercaseLetter(9999)
                      TOKEN_93(9999): "n", line: 1, col: 44
                    LowercaseLetter(9999)
                      TOKEN_99(9999): "t", line: 1, col: 45
                    LowercaseLetter(9999)
                      TOKEN_78(9999): "_", line: 1, col: 46
                    LowercaseLetter(9999)
                      TOKEN_102(9999): "w", line: 1, col: 47
                    LowercaseLetter(9999)
                      TOKEN_84(9999): "e", line: 1, col: 48
                    LowercaseLetter(9999)
                      TOKEN_88(9999): "i", line: 1, col: 49
                    LowercaseLetter(9999)
                      TOKEN_86(9999): "g", line: 1, col: 50
                    LowercaseLetter(9999)
                      TOKEN_87(9999): "h", line: 1, col: 51
                    LowercaseLetter(9999)
                      TOKEN_99(9999): "t", line: 1, col: 52
                    LowercaseLetter(9999)
                      TOKEN_98(9999): "s", line: 1, col: 53
                    Spaces(9999)
                      Space(9999)
                        TOKEN_1(9999): " ", line: 1, col: 54
              HAS(9999)
                TOKEN_46(9999): "HAS", line: 1, col: 55
                Spaces(9999)
                  Space(9999)
                    TOKEN_1(9999): " ", line: 1, col: 58
              ANY(9999)
                TOKEN_36(9999): "ANY", line: 1, col: 59
                Spaces(9999)
                  Space(9999)
                    TOKEN_1(9999): " ", line: 1, col: 62
              ValueZipList(9999)
                ValueZip(9999)
                  Operator(9999)
                    TOKEN_30(9999): ">", line: 1, col: 63
                    Spaces(9999)
                      Space(9999)
                        TOKEN_1(9999): " ", line: 1, col: 64
                  Value(9999)
                    Number(9999)
                      Digits(9999)
                        Digit(9999)
                          TOKEN_19(9999): "3", line: 1, col: 65
                  Colon(9999)
                    TOKEN_26(9999): ":", line: 1, col: 66
                  Value(9999)
                    String(9999)
                      TOKEN_3(9999): """, line: 1, col: 67
                      EscapedChar(9999)
                        UnescapedChar(9999)
                          Letter(9999)
                            UppercaseLetter(9999)
                              TOKEN_45(9999): "H", line: 1, col: 68
                      EscapedChar(9999)
                        UnescapedChar(9999)
                          Letter(9999)
                            LowercaseLetter(9999)
                              TOKEN_84(9999): "e", line: 1, col: 69
                      TOKEN_3(9999): """, line: 1, col: 70
                  Colon(9999)
                    TOKEN_26(9999): ":", line: 1, col: 71
                  Operator(9999)
                    TOKEN_30(9999): ">", line: 1, col: 72
                  Value(9999)
                    Number(9999)
                      Digits(9999)
                        Digit(9999)
                          TOKEN_21(9999): "5", line: 1, col: 73
                        Digit(9999)
                          TOKEN_21(9999): "5", line: 1, col: 74
                      TOKEN_14(9999): ".", line: 1, col: 75
                      Digits(9999)
                        Digit(9999)
                          TOKEN_19(9999): "3", line: 1, col: 76
                      Spaces(9999)
                        Space(9999)
                          TOKEN_1(9999): " ", line: 1, col: 77
                Comma(9999)
                  TOKEN_12(9999): ",", line: 1, col: 78
                  Spaces(9999)
                    Space(9999)
                      TOKEN_1(9999): " ", line: 1, col: 79
                ValueZip(9999)
                  Operator(9999)
                    TOKEN_29(9999): "=", line: 1, col: 80
                    Spaces(9999)
                      Space(9999)
                        TOKEN_1(9999): " ", line: 1, col: 81
                  Value(9999)
                    Number(9999)
                      Digits(9999)
                        Digit(9999)
                          TOKEN_22(9999): "6", line: 1, col: 82
                  Colon(9999)
                    TOKEN_26(9999): ":", line: 1, col: 83
                  Operator(9999)
                    TOKEN_30(9999): ">", line: 1, col: 84
                  Value(9999)
                    String(9999)
                      TOKEN_3(9999): """, line: 1, col: 85
                      EscapedChar(9999)
                        UnescapedChar(9999)
                          Letter(9999)
                            UppercaseLetter(9999)
                              TOKEN_65(9999): "T", line: 1, col: 86
                      EscapedChar(9999)
                        UnescapedChar(9999)
                          Letter(9999)
                            LowercaseLetter(9999)
                              TOKEN_88(9999): "i", line: 1, col: 87
                      TOKEN_3(9999): """, line: 1, col: 88
                  Colon(9999)
                    TOKEN_26(9999): ":", line: 1, col: 89
                  Operator(9999)
                    TOKEN_28(9999): "<", line: 1, col: 90
                  Value(9999)
                    Number(9999)
                      Digits(9999)
                        Digit(9999)
                          TOKEN_19(9999): "3", line: 1, col: 91
                        Digit(9999)
                          TOKEN_23(9999): "7", line: 1, col: 92
                      TOKEN_14(9999): ".", line: 1, col: 93
                      Digits(9999)
                        Digit(9999)
                          TOKEN_22(9999): "6", line: 1, col: 94
                      Spaces(9999)
                        Space(9999)
                          TOKEN_1(9999): " ", line: 1, col: 95
                Comma(9999)
                  TOKEN_12(9999): ",", line: 1, col: 96
                  Spaces(9999)
                    Space(9999)
                      TOKEN_1(9999): " ", line: 1, col: 97
                ValueZip(9999)
                  Value(9999)
                    Number(9999)
                      Digits(9999)
                        Digit(9999)
                          TOKEN_24(9999): "8", line: 1, col: 98
                  Colon(9999)
                    TOKEN_26(9999): ":", line: 1, col: 99
                  Operator(9999)
                    TOKEN_28(9999): "<", line: 1, col: 100
                  Value(9999)
                    String(9999)
                      TOKEN_3(9999): """, line: 1, col: 101
                      EscapedChar(9999)
                        UnescapedChar(9999)
                          Letter(9999)
                            UppercaseLetter(9999)
                              TOKEN_44(9999): "G", line: 1, col: 102
                      EscapedChar(9999)
                        UnescapedChar(9999)
                          Letter(9999)
                            LowercaseLetter(9999)
                              TOKEN_80(9999): "a", line: 1, col: 103
                      TOKEN_3(9999): """, line: 1, col: 104
                  Colon(9999)
                    TOKEN_26(9999): ":", line: 1, col: 105
                  Value(9999)
                    Number(9999)
                      Digits(9999)
                        Digit(9999)
                          TOKEN_16(9999): "0", line: 1, col: 106
