Parse tree from tests/cases/Filter_070.inp:
Filter(9999)
  Expression(9999)
    ExpressionClause(9999)
      ExpressionPhrase(9999)
        Comparison(9999)
          PropertyFirstComparison(9999)
            Property(9999)
              Identifier(9999)
                LowercaseLetter(9999)
                  TOKEN_97(9999): "r", line: 1, col: 1
                LowercaseLetter(9999)
                  TOKEN_84(9999): "e", line: 1, col: 2
                LowercaseLetter(9999)
                  TOKEN_91(9999): "l", line: 1, col: 3
                LowercaseLetter(9999)
                  TOKEN_80(9999): "a", line: 1, col: 4
                LowercaseLetter(9999)
                  TOKEN_99(9999): "t", line: 1, col: 5
                LowercaseLetter(9999)
                  TOKEN_88(9999): "i", line: 1, col: 6
                LowercaseLetter(9999)
                  TOKEN_94(9999): "o", line: 1, col: 7
                LowercaseLetter(9999)
                  TOKEN_93(9999): "n", line: 1, col: 8
                LowercaseLetter(9999)
                  TOKEN_98(9999): "s", line: 1, col: 9
                LowercaseLetter(9999)
                  TOKEN_87(9999): "h", line: 1, col: 10
                LowercaseLetter(9999)
                  TOKEN_88(9999): "i", line: 1, col: 11
                LowercaseLetter(9999)
                  TOKEN_95(9999): "p", line: 1, col: 12
                LowercaseLetter(9999)
                  TOKEN_98(9999): "s", line: 1, col: 13
              Dot(9999)
                TOKEN_14(9999): ".", line: 1, col: 14
              Identifier(9999)
                LowercaseLetter(9999)
                  TOKEN_97(9999): "r", line: 1, col: 15
                LowercaseLetter(9999)
                  TOKEN_84(9999): "e", line: 1, col: 16
                LowercaseLetter(9999)
                  TOKEN_85(9999): "f", line: 1, col: 17
                LowercaseLetter(9999)
                  TOKEN_84(9999): "e", line: 1, col: 18
                LowercaseLetter(9999)
                  TOKEN_97(9999): "r", line: 1, col: 19
                LowercaseLetter(9999)
                  TOKEN_84(9999): "e", line: 1, col: 20
                LowercaseLetter(9999)
                  TOKEN_93(9999): "n", line: 1, col: 21
                LowercaseLetter(9999)
                  TOKEN_82(9999): "c", line: 1, col: 22
                LowercaseLetter(9999)
                  TOKEN_84(9999): "e", line: 1, col: 23
                LowercaseLetter(9999)
                  TOKEN_98(9999): "s", line: 1, col: 24
              Dot(9999)
                TOKEN_14(9999): ".", line: 1, col: 25
              Identifier(9999)
                LowercaseLetter(9999)
                  TOKEN_80(9999): "a", line: 1, col: 26
                LowercaseLetter(9999)
                  TOKEN_100(9999): "u", line: 1, col: 27
                LowercaseLetter(9999)
                  TOKEN_99(9999): "t", line: 1, col: 28
                LowercaseLetter(9999)
                  TOKEN_87(9999): "h", line: 1, col: 29
                LowercaseLetter(9999)
                  TOKEN_94(9999): "o", line: 1, col: 30
                LowercaseLetter(9999)
                  TOKEN_97(9999): "r", line: 1, col: 31
                LowercaseLetter(9999)
                  TOKEN_98(9999): "s", line: 1, col: 32
              Dot(9999)
                TOKEN_14(9999): ".", line: 1, col: 33
              Identifier(9999)
                LowercaseLetter(9999)
                  TOKEN_93(9999): "n", line: 1, col: 34
                LowercaseLetter(9999)
                  TOKEN_80(9999): "a", line: 1, col: 35
                LowercaseLetter(9999)
                  TOKEN_92(9999): "m", line: 1, col: 36
                LowercaseLetter(9999)
                  TOKEN_84(9999): "e", line: 1, col: 37
                Spaces(9999)
                  Space(9999)
                    TOKEN_1(9999): " ", line: 1, col: 38
            FuzzyStringOpRhs(9999)
              CONTAINS(9999)
                TOKEN_39(9999): "CONTAINS", line: 1, col: 39
                Spaces(9999)
                  Space(9999)
                    TOKEN_1(9999): " ", line: 1, col: 47
              StringProperty(9999)
                String(9999)
                  TOKEN_3(9999): """, line: 1, col: 48
                  EscapedChar(9999)
                    UnescapedChar(9999)
                      Letter(9999)
                        UppercaseLetter(9999)
                          TOKEN_40(9999): "D", line: 1, col: 49
                  EscapedChar(9999)
                    UnescapedChar(9999)
                      Letter(9999)
                        LowercaseLetter(9999)
                          TOKEN_88(9999): "i", line: 1, col: 50
                  EscapedChar(9999)
                    UnescapedChar(9999)
                      Letter(9999)
                        LowercaseLetter(9999)
                          TOKEN_89(9999): "j", line: 1, col: 51
                  EscapedChar(9999)
                    UnescapedChar(9999)
                      Letter(9999)
                        LowercaseLetter(9999)
                          TOKEN_90(9999): "k", line: 1, col: 52
                  EscapedChar(9999)
                    UnescapedChar(9999)
                      Letter(9999)
                        LowercaseLetter(9999)
                          TOKEN_98(9999): "s", line: 1, col: 53
                  EscapedChar(9999)
                    UnescapedChar(9999)
                      Letter(9999)
                        LowercaseLetter(9999)
                          TOKEN_99(9999): "t", line: 1, col: 54
                  EscapedChar(9999)
                    UnescapedChar(9999)
                      Letter(9999)
                        LowercaseLetter(9999)
                          TOKEN_97(9999): "r", line: 1, col: 55
                  EscapedChar(9999)
                    UnescapedChar(9999)
                      Letter(9999)
                        LowercaseLetter(9999)
                          TOKEN_80(9999): "a", line: 1, col: 56
                  TOKEN_3(9999): """, line: 1, col: 57
                  Spaces(9999)
                    Space(9999)
                      nl(9999)
                        SPECIAL_1(9999): "(...)", line: 1, col: 58
