Parse tree from tests/cases/Filter_067.inp:
Filter(9999)
  Expression(9999)
    ExpressionClause(9999)
      ExpressionPhrase(9999)
        OpeningBrace(9999)
          TOKEN_8(9999): "(", line: 1, col: 1
        Expression(9999)
          ExpressionClause(9999)
            ExpressionPhrase(9999)
              OpeningBrace(9999)
                TOKEN_8(9999): "(", line: 1, col: 2
              Expression(9999)
                ExpressionClause(9999)
                  ExpressionPhrase(9999)
                    NOT(9999)
                      TOKEN_56(9999): "NOT", line: 1, col: 3
                    OpeningBrace(9999)
                      TOKEN_8(9999): "(", line: 1, col: 6
                    Expression(9999)
                      ExpressionClause(9999)
                        ExpressionPhrase(9999)
                          Comparison(9999)
                            PropertyFirstComparison(9999)
                              Property(9999)
                                Identifier(9999)
                                  LowercaseLetter(9999)
                                    TOKEN_78(9999): "_", line: 1, col: 7
                                  LowercaseLetter(9999)
                                    TOKEN_84(9999): "e", line: 1, col: 8
                                  LowercaseLetter(9999)
                                    TOKEN_103(9999): "x", line: 1, col: 9
                                  LowercaseLetter(9999)
                                    TOKEN_92(9999): "m", line: 1, col: 10
                                  LowercaseLetter(9999)
                                    TOKEN_95(9999): "p", line: 1, col: 11
                                  LowercaseLetter(9999)
                                    TOKEN_91(9999): "l", line: 1, col: 12
                                  LowercaseLetter(9999)
                                    TOKEN_78(9999): "_", line: 1, col: 13
                                  LowercaseLetter(9999)
                                    TOKEN_80(9999): "a", line: 1, col: 14
                                  Spaces(9999)
                                    Space(9999)
                                      TOKEN_1(9999): " ", line: 1, col: 15
                              ValueOpRhs(9999)
                                Operator(9999)
                                  TOKEN_30(9999): ">", line: 1, col: 16
                                  Spaces(9999)
                                    Space(9999)
                                      TOKEN_1(9999): " ", line: 1, col: 17
                                Value(9999)
                                  Property(9999)
                                    Identifier(9999)
                                      LowercaseLetter(9999)
                                        TOKEN_78(9999): "_", line: 1, col: 18
                                      LowercaseLetter(9999)
                                        TOKEN_84(9999): "e", line: 1, col: 19
                                      LowercaseLetter(9999)
                                        TOKEN_103(9999): "x", line: 1, col: 20
                                      LowercaseLetter(9999)
                                        TOKEN_92(9999): "m", line: 1, col: 21
                                      LowercaseLetter(9999)
                                        TOKEN_95(9999): "p", line: 1, col: 22
                                      LowercaseLetter(9999)
                                        TOKEN_91(9999): "l", line: 1, col: 23
                                      LowercaseLetter(9999)
                                        TOKEN_78(9999): "_", line: 1, col: 24
                                      LowercaseLetter(9999)
                                        TOKEN_81(9999): "b", line: 1, col: 25
                    ClosingBrace(9999)
                      TOKEN_9(9999): ")", line: 1, col: 26
                      Spaces(9999)
                        Space(9999)
                          TOKEN_1(9999): " ", line: 1, col: 27
              ClosingBrace(9999)
                TOKEN_9(9999): ")", line: 1, col: 28
            AND(9999)
              TOKEN_35(9999): "AND", line: 1, col: 29
            ExpressionClause(9999)
              ExpressionPhrase(9999)
                Comparison(9999)
                  PropertyFirstComparison(9999)
                    Property(9999)
                      Identifier(9999)
                        LowercaseLetter(9999)
                          TOKEN_78(9999): "_", line: 1, col: 32
                        LowercaseLetter(9999)
                          TOKEN_84(9999): "e", line: 1, col: 33
                        LowercaseLetter(9999)
                          TOKEN_103(9999): "x", line: 1, col: 34
                        LowercaseLetter(9999)
                          TOKEN_92(9999): "m", line: 1, col: 35
                        LowercaseLetter(9999)
                          TOKEN_95(9999): "p", line: 1, col: 36
                        LowercaseLetter(9999)
                          TOKEN_91(9999): "l", line: 1, col: 37
                        LowercaseLetter(9999)
                          TOKEN_78(9999): "_", line: 1, col: 38
                        LowercaseLetter(9999)
                          TOKEN_103(9999): "x", line: 1, col: 39
                    ValueOpRhs(9999)
                      Operator(9999)
                        TOKEN_30(9999): ">", line: 1, col: 40
                        Spaces(9999)
                          Space(9999)
                            TOKEN_1(9999): " ", line: 1, col: 41
                      Value(9999)
                        Number(9999)
                          Digits(9999)
                            Digit(9999)
                              TOKEN_16(9999): "0", line: 1, col: 42
                          Spaces(9999)
                            Space(9999)
                              TOKEN_1(9999): " ", line: 1, col: 43
        ClosingBrace(9999)
          TOKEN_9(9999): ")", line: 1, col: 44
          Spaces(9999)
            Space(9999)
              nl(9999)
                SPECIAL_1(9999): "(...)", line: 1, col: 45
