Parse tree from /dev/fd/63:
Filter(9999)
  Keyword(9999)
    TOKEN_4(9999): "filter=", line: 1, col: 1
Error: in /dev/fd/63: line 1:
    unexpected token "filter=", expected one of "A", "B", "C", "D",
    "E", "F", "G", "H", "I", "J", "K", "L", "M", "N", "O", "P", "Q",
    "R", "S", "T", "U", "V", "W", "X", "Y", "Z", "a", "b", "c", "d",
    "e", "f", "g", "h", "i", "j", "k", "l", "m", "n", "o", "p", "q",
    "r", "s", "t", "u", "v", "w", "x", "y", "z", "_", "+", "-", "0",
    "1", "2", "3", "4", "5", "6", "7", "8", "9", ".", """, "(", or
    "NOT"
Error: in /dev/fd/63: line 1:
    unexpected token ")", expected <EOF>
