Parse tree from tests/cases/Filter_036.inp:
Filter(9999)
  Expression(9999)
    ExpressionClause(9999)
      ExpressionPhrase(9999)
        Comparison(9999)
          PropertyFirstComparison(9999)
            Property(9999)
              Identifier(9999)
                LowercaseLetter(9999)
                  TOKEN_84(9999): "e", line: 1, col: 1
                LowercaseLetter(9999)
                  TOKEN_91(9999): "l", line: 1, col: 2
                LowercaseLetter(9999)
                  TOKEN_84(9999): "e", line: 1, col: 3
                LowercaseLetter(9999)
                  TOKEN_92(9999): "m", line: 1, col: 4
                LowercaseLetter(9999)
                  TOKEN_84(9999): "e", line: 1, col: 5
                LowercaseLetter(9999)
                  TOKEN_93(9999): "n", line: 1, col: 6
                LowercaseLetter(9999)
                  TOKEN_99(9999): "t", line: 1, col: 7
                LowercaseLetter(9999)
                  TOKEN_98(9999): "s", line: 1, col: 8
            SetZipOpRhs(9999)
              PropertyZipAddon(9999)
                Colon(9999)
                  TOKEN_26(9999): ":", line: 1, col: 9
                Property(9999)
                  Identifier(9999)
                    LowercaseLetter(9999)
                      TOKEN_84(9999): "e", line: 1, col: 10
                    LowercaseLetter(9999)
                      TOKEN_91(9999): "l", line: 1, col: 11
                    LowercaseLetter(9999)
                      TOKEN_84(9999): "e", line: 1, col: 12
                    LowercaseLetter(9999)
                      TOKEN_92(9999): "m", line: 1, col: 13
                    LowercaseLetter(9999)
                      TOKEN_84(9999): "e", line: 1, col: 14
                    LowercaseLetter(9999)
                      TOKEN_93(9999): "n", line: 1, col: 15
                    LowercaseLetter(9999)
                      TOKEN_99(9999): "t", line: 1, col: 16
                    LowercaseLetter(9999)
                      TOKEN_98(9999): "s", line: 1, col: 17
                Colon(9999)
                  TOKEN_26(9999): ":", line: 1, col: 18
                Property(9999)
                  Identifier(9999)
                    LowercaseLetter(9999)
                      TOKEN_84(9999): "e", line: 1, col: 19
                    LowercaseLetter(9999)
                      TOKEN_91(9999): "l", line: 1, col: 20
                    LowercaseLetter(9999)
                      TOKEN_84(9999): "e", line: 1, col: 21
                    LowercaseLetter(9999)
                      TOKEN_92(9999): "m", line: 1, col: 22
                    LowercaseLetter(9999)
                      TOKEN_84(9999): "e", line: 1, col: 23
                    LowercaseLetter(9999)
                      TOKEN_93(9999): "n", line: 1, col: 24
                    LowercaseLetter(9999)
                      TOKEN_99(9999): "t", line: 1, col: 25
                    LowercaseLetter(9999)
                      TOKEN_78(9999): "_", line: 1, col: 26
                    LowercaseLetter(9999)
                      TOKEN_82(9999): "c", line: 1, col: 27
                    LowercaseLetter(9999)
                      TOKEN_94(9999): "o", line: 1, col: 28
                    LowercaseLetter(9999)
                      TOKEN_100(9999): "u", line: 1, col: 29
                    LowercaseLetter(9999)
                      TOKEN_93(9999): "n", line: 1, col: 30
                    LowercaseLetter(9999)
                      TOKEN_99(9999): "t", line: 1, col: 31
                    LowercaseLetter(9999)
                      TOKEN_98(9999): "s", line: 1, col: 32
                    Spaces(9999)
                      Space(9999)
                        TOKEN_1(9999): " ", line: 1, col: 33
              HAS(9999)
                TOKEN_46(9999): "HAS", line: 1, col: 34
                Spaces(9999)
                  Space(9999)
                    TOKEN_1(9999): " ", line: 1, col: 37
              ValueZip(9999)
                Value(9999)
                  String(9999)
                    TOKEN_3(9999): """, line: 1, col: 38
                    EscapedChar(9999)
                      UnescapedChar(9999)
                        Letter(9999)
                          UppercaseLetter(9999)
                            TOKEN_45(9999): "H", line: 1, col: 39
                    TOKEN_3(9999): """, line: 1, col: 40
                Colon(9999)
                  TOKEN_26(9999): ":", line: 1, col: 41
                Value(9999)
                  Number(9999)
                    Digits(9999)
                      Digit(9999)
                        TOKEN_22(9999): "6", line: 1, col: 42
                    Spaces(9999)
                      Space(9999)
                        nl(9999)
                          SPECIAL_1(9999): "(...)", line: 1, col: 43
