+x+0.25,-y+0.25,+z+0.25
+x+0.25,-y+0.75,+z+0.75
+x+0.5,+y+0.5,+z
+x+0.5,+y+0.5,+z+0.5
+x+0.5,+y,+z+0.5
+x+0.5,+y,-z
+x+0.5,+y,-z+0.5
+x+0.5,-y+0.5,+z
+x+0.5,-y+0.5,+z+0.5
+x+0.5,-y+0.5,-z
+x+0.5,-y+0.5,-z+0.5
+x+0.5,-y+0.5,z+0.5
+x+0.5,-y,+z+0.5
+x+0.5,-y,-z
+x+0.5,-y,-z+0.5
+x+0.75,-y+0.25,+z+0.75
+x+0.75,-y+0.75,+z+0.25
+x,+y+0.5,+z+0.5
+x,+y+0.5,-z+0.5
+x,-y+0.5,+z
+x,-y+0.5,+z+0.5
+x,-y,+z+0.5
+x,x-y,-z+0.5
+y+0.5,-x+0.5,+z+0.5
+y,+x,z+0.5
-0.5+x,-0.5-y,-0.5+z
-1+x,-1/2+y,-1-z
-1+x,-1/2-y,-1/2-z
-1+y,-1/2+z,-1-x
-1+z,-1/2+x,-1-y
-1-x,-1+y,-1/2+z
-1-x,-1+y,-1/2-z
-1-y,-1+z,-1/2+x
-1-z,-1+x,-1/2+y
-1/2+x,-1+y,-z
-1/2+x,-1-y,-1+z
-1/2+y,-1-z,-1+x
-1/2+z,-1-x,-1+y
-3/4+x,-5/4+z,-5/4-y
-3/4+y,-5/4+x,-5/4-z
-3/4+z,-5/4+y,-5/4-x
-5/4+x,-5/4-z,-3/4+y
-5/4+y,-5/4-x,-3/4+z
-5/4+z,-5/4-y,-3/4+x
-5/4-x,-3/4+z,-5/4+y
-5/4-y,-3/4+x,-5/4+z
-5/4-z,-3/4+y,-5/4+x
-x+.5,-y+.5,-z
-x+.5,-y+.5,-z+.5
-x+.5,-y,z+.5
-x+.5,y+.5,-z
-x+.5,y+.5,-z+.5
-x+.5,y+.5,z
-x+.5,y,z
-x+0.25,+y+0.25,+z+0.25
-x+0.25,+y+0.75,+z+0.75
-x+0.25,-y+0.25,-z+0.25
-x+0.25,-y+0.5,-z
-x+0.25,-y+0.75,-z+0.75
-x+0.25,-y,z+0.5
-x+0.25,-z+0.25,-y+0.25
-x+0.25,-z+0.75,-y+0.75
-x+0.25,y+0.25,z+0.25
-x+0.25,y+0.75,z+0.75
-x+0.25,z+0.25,y+0.25
-x+0.25,z+0.75,y+0.25
-x+0.25,z+0.75,y+0.75
-x+0.3333333333,-x+y+0.6666666667,-z+0.6666666667
-x+0.3333333333,-y+0.6666666667,-z+0.6666666667
-x+0.5,+y+0.5,+z
-x+0.5,+y+0.5,+z+0.5
-x+0.5,+y+0.5,-z
-x+0.5,+y+0.5,-z+0.5
-x+0.5,+y,+z+0.5
-x+0.5,-y+0.5,+z
-x+0.5,-y+0.5,+z+0.5
-x+0.5,-y+0.5,-z
-x+0.5,-y+0.5,-z+0.5
-x+0.5,-y+0.5,z
-x+0.5,-y+0.5,z+0.5
-x+0.5,-y+0.666666666666667,-z+0.5
-x+0.5,-y+0.666666666666667,z+0.5
-x+0.5,-y,+z
-x+0.5,-y,+z+0.5
-x+0.5,-y,-z
-x+0.5,-y,-z+0.5
-x+0.5,-y,-z+0.75
-x+0.5,-y,z
-x+0.5,-y,z+0.5
-x+0.5,-z+0.5,y
-x+0.5,-z,y+0.5
-x+0.5,y+0.5,-z
-x+0.5,y+0.5,-z+0.5
-x+0.5,y+0.5,z
-x+0.5,y+0.5,z+0.5
-x+0.5,y,-z
-x+0.5,y,-z+0.5
-x+0.5,y,-z+0.75
-x+0.5,y,z
-x+0.5,y,z+0.5
-x+0.5,z+0.5,-y
-x+0.5,z,-y+0.5
-x+0.6666666667,-x+y+0.3333333333,-z+0.3333333333
-x+0.6666666667,-y+0.3333333333,-z+0.3333333333
-x+0.75,+y+0.25,+z+0.75
-x+0.75,+y+0.75,+z+0.25
-x+0.75,-y+0.25,-z+0.75
-x+0.75,-y+0.5,-z
-x+0.75,-y+0.75,-z+0.25
-x+0.75,-y,z+0.5
-x+0.75,-z+0.25,-y+0.75
-x+0.75,-z+0.75,-y+0.25
-x+0.75,-z+0.75,-y+0.75
-x+0.75,y+0.25,z+0.75
-x+0.75,y+0.75,z+0.25
-x+0.75,z+0.25,y+0.75
-x+0.75,z+0.75,y+0.25
-x+1,-y+1,-z
-x+1,-y+1,z
-x+1,-y+1,z+1
-x+1,-y+1/2,z
-x+1,-y+1/2,z+1
-x+1,-y+1/2,z+1/2
-x+1,-y+3/2,z+1
-x+1,-y,z+1
-x+1,-z+1,-y+1/2
-x+1,-z+1,y+1/2
-x+1,-z+1/2,-y
-x+1,-z+1/2,-y+1
-x+1,-z+1/2,y
-x+1,-z+1/2,y+1
-x+1,-z,-y+1/2
-x+1,-z,y+1/2
-x+1,y+1,-z
-x+1,y+1,-z+1/2
-x+1,y+1,z+1
-x+1,y+1,z+1/2
-x+1,y+1/2,-z
-x+1,y+1/2,-z+1
-x+1,y+1/2,-z+1/2
-x+1,y+1/2,-z+3/4
-x+1,y+1/2,-z+5/4
-x+1,y+1/2,z
-x+1,y+1/2,z+1/2
-x+1,y+1/4,z+5/4
-x+1,y+3/2,-z+5/2
-x+1,y+3/4,z+3/4
-x+1,y,-z+1
-x+1,y,-z+1/2
-x+1,y-1/2,-1-z
-x+1,z+1,-y+1/2
-x+1,z+1,y+1/2
-x+1,z+1/2,-y
-x+1,z+1/2,-y+1
-x+1,z+1/2,y
-x+1,z+1/2,y+1
-x+1,z+1/4,y+3/4
-x+1,z+1/4,y+5/4
-x+1,z+3/4,y+1/4
-x+1,z+3/4,y+3/4
-x+1,z+3/4,y+5/4
-x+1,z+5/4,y+1/4
-x+1,z+5/4,y+3/4
-x+1,z,-y+1/2
-x+1,z,y+1/2
-x+1/2,-y+1,-z+1/2
-x+1/2,-y+1,-z+3/4
-x+1/2,-y+1,z
-x+1/2,-y+1,z+1/2
-x+1/2,-y+1/2,-z+1
-x+1/2,-y+1/2,z+1
-x+1/2,-z+1,-y
-x+1/2,-z+1,-y+1
-x+1/2,-z+1,-y+1/2
-x+1/2,-z+1,y
-x+1/2,-z+1,y+1
-x+1/2,-z+1/2,-y+1
-x+1/2,-z,-y+1
-x+1/2,-z,1.0+y
-x+1/2,-z,y+1
-x+1/2,y+1,-z
-x+1/2,y+1,-z+1
-x+1/2,y+1,-z+1/2
-x+1/2,y+1,-z+3/4
-x+1/2,y+1,-z+5/4
-x+1/2,y+1,z+1/2
-x+1/2,y+1/2,-z+1
-x+1/2,y+1/2,-z+3/2
-x+1/2,y+1/2,-z+5
-x+1/2,y+1/2,1-z
-x+1/2,y+1/2,z+1
-x+1/2,y+3/4,z+5/4
-x+1/2,y,-z+1
-x+1/2,y-5/4,z+1/4
-x+1/2,z+1,-y
-x+1/2,z+1,-y+1
-x+1/2,z+1,y+1
-x+1/2,z+1/4,y+5/4
-x+1/2,z+3/4,y+5/4
-x+1/2,z+5/4,y+1/4
-x+1/2,z+5/4,y+3/4
-x+1/2,z+5/4,y+5/4
-x+1/2,z,-y+1
-x+1/2,z,1.0-y
-x+1/2,z,y+1
-x+1/3,-x+y+2/3,-z+5/3
-x+1/3,-x+y+2/3,-z+7/6
-x+1/4,-y+5/4,z+1
-x+1/4,y+1,-z+5/4
-x+1/4,y+5/4,z+5/4
-x+1/4,z+1,-y+5/4
-x+2,y,-z+1/2
-x+2/3,-x+y+1/3,-z+4/3
-x+3/4,-y+3/4,z+1
-x+3/4,-y+5/4,z+1/2
-x+3/4,-z+3/4,-y+5/4
-x+3/4,-z+5/4,-y+3/4
-x+3/4,-z+5/4,y+5/4
-x+3/4,y+1,-z+3/4
-x+3/4,y+1/2,-z+5/4
-x+3/4,y+3/4,z+5/4
-x+3/4,y+5/4,z+3/4
-x+3/4,z+1,-y+3/4
-x+3/4,z+1/2,-y+5/4
-x+3/4,z+3/4,-y+5/4
-x+3/4,z+5/4,y+3/4
-x+3/4,z+9/4,y+3/4
-x+5/2,y+1/2,-z+1/2
-x+5/4,-y+1/4,z+1
-x+5/4,-y+3/4,z+1/2
-x+5/4,-y+5/4,z
-x+5/4,-y+7/4,z+1/2
-x+5/4,-z+1/4,-y+5/4
-x+5/4,-z+3/4,-y+3/4
-x+5/4,-z+3/4,y+3/4
-x+5/4,-z+5/4,-y+1/4
-x+5/4,-z+5/4,-y+5/4
-x+5/4,y+1,-z+1/4
-x+5/4,y+1/2,-z+3/4
-x+5/4,y+1/4,z+5/4
-x+5/4,y+3/4,z+3/4
-x+5/4,y+5/4,z+1/4
-x+5/4,y,-z+1/4
-x+5/4,y,-z+5/4
-x+5/4,z+3/4,y+3/4
-x+5/4,z+5/4,-y+3/4
-x+5/4,z+5/4,y+1/4
-x+7/4,-y+5/4,z+1/2
-x+7/4,-y+7/4,z
-x+7/4,y+1/2,-z+1/4
-x+7/4,y,-z+3/4
-x+9/4,-z+9/4,-y+9/4
-x+y+0.3333333333,-x+0.6666666667,z+0.6666666667
-x+y+0.3333333333,y+0.6666666667,z+0.6666666667
-x+y+0.6666666667,-x+0.3333333333,z+0.3333333333
-x+y+0.6666666667,y+0.3333333333,z+0.3333333333
-x+y+1/3,y+2/3,z+7/6
-x+y,+y,-z+0.5
-x+y,-x,-z+0.5
-x+y,-x,0.500-z
-x+y,-x,0.667+z
-x+y,y,-z+0.5
-x+y,y,0.500-z
-x+y,y,z-1
-x,+y+0.5,+z+0.5
-x,+y+0.5,-z
-x,+y+0.5,-z+0.5
-x,+y,-z+0.5
-x,-x+y,-z+1
-x,-x+y,0.500+z
-x,-x+y,z+.5
-x,-x+y,z+0.5
-x,-y+.5,z
-x,-y+.5,z+.5
-x,-y+0.5,+z+0.5
-x,-y+0.5,-z
-x,-y+0.5,-z+0.25
-x,-y+0.5,-z+0.5
-x,-y+0.5,z
-x,-y+0.5,z+0.5
-x,-y+0.666666666666667,-z+0.5
-x,-y+0.666666666666667,z+0.5
-x,-y+1,z+1
-x,-y+1,z+1/2
-x,-y+1/2,z+1
-x,-y,-z+0.5
-x,-y,0.500+z
-x,-y,z+.5
-x,-y,z+0.5
-x,-z+0.5,y+0.5
-x,-z+1,-y+1
-x,-z+1,-y+1/2
-x,-z+1,y+1/2
-x,-z+1/2,-y+1
-x,-z+1/2,1.0+y
-x,-z+1/2,y+1
-x,.5+y,-z
-x,.5+y,.5-z
-x,0.250+y,0.250+z
-x,0.250+z,0.250+y
-x,0.5+y,-z
-x,0.5+y,0.5-z
-x,0.5-y,0.5-z
-x,0.5-y,z
-x,0.50+y,0.50-z
-x,0.500+y,-z
-x,0.500+y,0.500-z
-x,0.500-y,0.500+z
-x,0.500-y,0.500-z
-x,0.500-z,0.500-y
-x,0.750+y,0.750+z
-x,0.750+z,0.750+y
-x,1-y,-z
-x,y+0.5,-z
-x,y+0.5,-z+0.25
-x,y+0.5,-z+0.5
-x,y+0.5,z
-x,y+0.5,z+0.5
-x,y+1,-z+1
-x,y+1,z+1/2
-x,y+1/2,-z+1
-x,y+1/2,z+1
-x,y,-z+.5
-x,y,-z+0.5
-x,y,-z+3/2
-x,y,-z+5
-x,y,0.5-z
-x,y,0.500+z
-x,y,0.500-z
-x,y,z+0.5
-x,y-5/4,z-1/4
-x,z+0.5,-y+0.5
-x,z+1,-y+1/2
-x,z+1/2,-y+1
-x,z+1/2,1.0-y
-x,z+1/2,y+1
-x,z+3/4,y+5/4
-x,z+5/4,y+3/4
-x,z+5/4,y+5/4
-y+.25,x+.25,-z+.25
-y+.25,x+.75,z+.75
-y+.75,x+.25,z+.25
-y+.75,x+.75,-z+.75
-y+0.25,-x+0.25,-z+0.25
-y+0.25,-x+0.25,-z+0.75
-y+0.25,-x+0.75,-z+0.75
-y+0.25,-x+0.75,z+0.25
-y+0.25,-z+0.25,-x+0.25
-y+0.25,-z+0.75,-x+0.75
-y+0.25,x+0.25,-z+0.75
-y+0.25,x+0.25,z+0.25
-y+0.25,x+0.75,z+0.25
-y+0.25,x+0.75,z+0.75
-y+0.25,z+0.25,x+0.25
-y+0.25,z+0.75,x+0.75
-y+0.3333333333,-x+0.6666666667,z+0.6666666667
-y+0.3333333333,x-y+0.6666666667,z+0.6666666667
-y+0.5,+x+0.5,+z+0.5
-y+0.5,-x+0.5,-z+0.5
-y+0.5,-x+0.5,z
-y+0.5,-x+0.5,z+0.5
-y+0.5,-x,z+0.5
-y+0.5,-x,z+0.75
-y+0.5,-z+0.5,x
-y+0.5,-z,x+0.5
-y+0.5,x+0.5,-z
-y+0.5,x+0.5,-z+0.5
-y+0.5,x+0.5,z+0.5
-y+0.5,x,-z+0.5
-y+0.5,x,z+0.75
-y+0.5,z+0.5,-x
-y+0.5,z,-x+0.5
-y+0.6666666667,-x+0.3333333333,z+0.3333333333
-y+0.6666666667,x-y+0.3333333333,z+0.3333333333
-y+0.75,-x+0.25,-z+0.75
-y+0.75,-x+0.25,z+0.75
-y+0.75,-x+0.75,-z+0.25
-y+0.75,-x+0.75,-z+0.75
-y+0.75,-z+0.25,-x+0.75
-y+0.75,-z+0.75,-x+0.25
-y+0.75,x+0.25,z+0.75
-y+0.75,x+0.75,-z+0.25
-y+0.75,x+0.75,z+0.25
-y+0.75,z+0.25,x+0.75
-y+0.75,z+0.75,x+0.25
-y+1,-x+1,-z+1/2
-y+1,-x+1,z+1/2
-y+1,-x+1/2,-z
-y+1,-x+1/2,-z+1
-y+1,-x+1/2,z
-y+1,-x+1/2,z+1
-y+1,-x+1/2,z+3/4
-y+1,-x+1/2,z+5/4
-y+1,-x,-z+1/2
-y+1,-x,z+1/2
-y+1,-z+1,x
-y+1,-z+1/2,x+1
-y+1,-z+1/2,x+1/2
-y+1,x+1,-z+1
-y+1,x+1,-z+1/2
-y+1,x+1,z+1/2
-y+1,x+1/2,-z
-y+1,x+1/2,-z+1
-y+1,x+1/2,z
-y+1,x+1/2,z+1
-y+1,x+1/2,z+5/4
-y+1,x+1/4,z+3/4
-y+1,x+1/4,z+5/4
-y+1,x+3/4,z+1/4
-y+1,x+3/4,z+3/4
-y+1,x+3/4,z+5/4
-y+1,x+5/4,z+1/4
-y+1,x+5/4,z+3/4
-y+1,x,-z+1/2
-y+1,x,z+1/2
-y+1,z+1,-x
-y+1,z+1/2,-x+1/2
-y+1,z+1/4,x+5/4
-y+1,z+3/4,x+3/4
-y+1,z,-x+1
-y+1/2,-x+1,-z
-y+1/2,-x+1,-z+1
-y+1/2,-x+1,z+1
-y+1/2,-x+1,z+3/4
-y+1/2,-x+1,z+5/4
-y+1/2,-x+1/2,-z+1
-y+1/2,-x+1/2,z+1
-y+1/2,-x,-z+1
-y+1/2,-x,1.0+z
-y+1/2,-x,z+1
-y+1/2,-z+1,x+1/2
-y+1/2,-z+1/2,x+1
-y+1/2,x+1,-z
-y+1/2,x+1,-z+1
-y+1/2,x+1,z+1
-y+1/2,x+1,z+3/4
-y+1/2,x+1,z+5/4
-y+1/2,x+1/4,z+5/4
-y+1/2,x+3/2,z+3/2
-y+1/2,x+3/4,z+5/4
-y+1/2,x+5/4,z+1/4
-y+1/2,x+5/4,z+3/4
-y+1/2,x+5/4,z+5/4
-y+1/2,x,-z+1
-y+1/2,x,1.0-z
-y+1/2,x,z+1
-y+1/2,z+1,-x+1
-y+1/2,z+1,-x+1/2
-y+1/2,z+1/2,-x+1
-y+1/2,z+3/4,x+5/4
-y+1/3,-x+2/3,z+7/6
-y+1/4,-z+5/4,x+1
-y+1/4,x+1,-z+5/4
-y+1/4,z+1,-x+5/4
-y+3/2,x+3/2,-z+3/2
-y+3/4,-x+3/4,-z+5/4
-y+3/4,-x+5/4,-z+3/4
-y+3/4,-x+5/4,z+5/4
-y+3/4,-z+3/4,x+1
-y+3/4,-z+5/4,x+1/2
-y+3/4,x+1,-z+3/4
-y+3/4,x+1/2,-z+5/4
-y+3/4,x+3/4,-z+5/4
-y+3/4,x+5/4,z+3/4
-y+3/4,x+5/4,z+5/4
-y+3/4,x+9/4,z+3/4
-y+3/4,z+1,-x+3/4
-y+3/4,z+1/2,-x+5/4
-y+5/4,-x+1/4,-z+5/4
-y+5/4,-x+3/4,-z+3/4
-y+5/4,-x+3/4,z+3/4
-y+5/4,-x+3/4,z+5/4
-y+5/4,-x+5/4,-z+1/4
-y+5/4,-x+5/4,-z+3/4
-y+5/4,-x+5/4,-z+5/4
-y+5/4,-z+1/4,x+1
-y+5/4,-z+3/4,x+1/2
-y+5/4,x+3/4,z+3/4
-y+5/4,x+3/4,z+5/4
-y+5/4,x+5/4,-z+3/4
-y+5/4,x+5/4,-z+5/4
-y+5/4,x+5/4,z+1/4
-y+5/4,z+1,-x+1/4
-y+5/4,z+1/2,-x+3/4
-y+5/4,z,-x+5/4
-y+9/4,-x+9/4,-z+9/4
-y,-x+0.5,z+0.25
-y,-x+0.5,z+0.5
-y,-x+1,-z+1/2
-y,-x+1/2,-z+1
-y,-x+1/2,1.0+z
-y,-x+1/2,z+1
-y,-x,-z+0.5
-y,-x,0.500-z
-y,-x,z-1
-y,-z+0.5,x+0.5
-y,-z+1,x+1
-y,0.250+x,0.250+z
-y,0.250+z,0.250+x
-y,0.500+z,0.500-x
-y,0.500-x,0.500-z
-y,0.500-z,0.500-x
-y,0.750+x,0.750+z
-y,0.750+z,0.750+x
-y,x+0.5,-z+0.5
-y,x+0.5,z+0.25
-y,x+1,-z
-y,x+1,-z+1/2
-y,x+1/2,-z+1
-y,x+1/2,1.0-z
-y,x+1/2,z+1
-y,x+3/4,z+5/4
-y,x+5/4,z+3/4
-y,x+5/4,z+5/4
-y,x,0.500+z
-y,x,0.500-z
-y,x,z+0.5
-y,x-3/2,-z
-y,x-y,-z+0.5
-y,x-y,0.333+z
-y,x-y,0.500-z
-y,z+0.5,-x+0.5
-y,z+1,-x+1
-z+0.25,-x+0.25,-y+0.25
-z+0.25,-x+0.75,-y+0.75
-z+0.25,-y+0.25,-x+0.25
-z+0.25,-y+0.75,-x+0.75
-z+0.25,x+0.25,y+0.25
-z+0.25,x+0.75,y+0.75
-z+0.25,y+0.25,x+0.25
-z+0.25,y+0.75,x+0.25
-z+0.25,y+0.75,x+0.75
-z+0.5,-x+0.5,y
-z+0.5,-x,y+0.5
-z+0.5,-y+0.5,x
-z+0.5,-y,x+0.5
-z+0.5,x+0.5,-y
-z+0.5,x,-y+0.5
-z+0.5,y+0.5,-x
-z+0.5,y,-x+0.5
-z+0.75,-x+0.25,-y+0.75
-z+0.75,-x+0.75,-y+0.25
-z+0.75,-y+0.25,-x+0.75
-z+0.75,-y+0.75,-x+0.25
-z+0.75,-y+0.75,-x+0.75
-z+0.75,x+0.25,y+0.75
-z+0.75,x+0.75,y+0.25
-z+0.75,y+0.25,x+0.75
-z+0.75,y+0.75,x+0.25
-z+1,-x+1,y
-z+1,-x+1/2,y+1
-z+1,-x+1/2,y+1/2
-z+1,-y+1,-x
-z+1,-y+1,-x+1/2
-z+1,-y+1,x+1/2
-z+1,-y+1/2,-x
-z+1,-y+1/2,-x+1
-z+1,-y+1/2,-x+1/2
-z+1,-y+1/2,x
-z+1,-y+1/2,x+1
-z+1,-y,-x+1/2
-z+1,-y,x+1/2
-z+1,x+1,-y
-z+1,x+1,y+1/2
-z+1,x+1/2,-y+1/2
-z+1,x+1/4,y+5/4
-z+1,x+3/4,y+3/4
-z+1,x,-y+1
-z+1,y+1,-x+1/2
-z+1,y+1,x+1/2
-z+1,y+1/2,-x
-z+1,y+1/2,-x+1
-z+1,y+1/2,x
-z+1,y+1/2,x+1
-z+1,y+1/4,x+3/4
-z+1,y+1/4,x+5/4
-z+1,y+3/4,x+1/4
-z+1,y+3/4,x+3/4
-z+1,y+3/4,x+5/4
-z+1,y+5/4,x+1/4
-z+1,y+5/4,x+3/4
-z+1,y,-x+1/2
-z+1,y,x+1/2
-z+1/2,-x+1,y+1/2
-z+1/2,-x+1/2,y+1
-z+1/2,-y+1,-x+1
-z+1/2,-y+1,-x+1/2
-z+1/2,-y+1,x
-z+1/2,-y+1,x+1
-z+1/2,-y+1/2,-x+1
-z+1/2,-y,-x+1
-z+1/2,-y,1.0+x
-z+1/2,-y,x+1
-z+1/2,x+1,-y+1
-z+1/2,x+1,-y+1/2
-z+1/2,x+1/2,-y+1
-z+1/2,x+3/4,y+5/4
-z+1/2,y+1,-x
-z+1/2,y+1,-x+1
-z+1/2,y+1,x+1
-z+1/2,y+1/4,x+5/4
-z+1/2,y+3/4,x+5/4
-z+1/2,y+5/4,x+1/4
-z+1/2,y+5/4,x+3/4
-z+1/2,y+5/4,x+5/4
-z+1/2,y,-x+1
-z+1/2,y,1.0-x
-z+1/2,y,x+1
-z+1/4,-x+5/4,y+1
-z+1/4,-y+5/4,-x+5/4
-z+1/4,x+1,-y+5/4
-z+1/4,y+1,-x+3/4
-z+1/4,y+1,-x+5/4
-z+3/4,-x+3/4,y+1
-z+3/4,-x+5/4,y+1/2
-z+3/4,-y+3/4,-x+5/4
-z+3/4,-y+5/4,-x+3/4
-z+3/4,-y+5/4,x+5/4
-z+3/4,x+1,-y+3/4
-z+3/4,x+1/2,-y+5/4
-z+3/4,y+1,-x+1/4
-z+3/4,y+1,-x+3/4
-z+3/4,y+1/2,-x+5/4
-z+3/4,y+3/4,-x+5/4
-z+3/4,y+3/4,x+5/4
-z+3/4,y+5/4,x+3/4
-z+3/4,y+9/4,x+3/4
-z+5/4,-x+1/4,y+1
-z+5/4,-x+3/4,y+1/2
-z+5/4,-y+3/4,-x+3/4
-z+5/4,-y+3/4,x+3/4
-z+5/4,-y+5/4,-x+1/4
-z+5/4,-y+5/4,-x+5/4
-z+5/4,x+1,-y+1/4
-z+5/4,x+1/2,-y+3/4
-z+5/4,x,-y+5/4
-z+5/4,y+1/4,x+5/4
-z+5/4,y+3/4,x+3/4
-z+5/4,y+3/4,x+5/4
-z+5/4,y+5/4,-x+3/4
-z+5/4,y+5/4,x+1/4
-z+9/4,-y+9/4,-x+9/4
-z,-x+0.5,y+0.5
-z,-x+1,y+1
-z,-y+0.5,x+0.5
-z,-y+1,-x+1
-z,-y+1,x+1/2
-z,-y+1/2,-x+1
-z,-y+1/2,1.0+x
-z,-y+1/2,x+1
-z,0.250+x,0.250+y
-z,0.250+y,0.250+x
-z,0.500+x,0.500-y
-z,0.500-x,0.500-y
-z,0.500-y,0.500-x
-z,0.750+x,0.750+y
-z,0.750+y,0.750+x
-z,x+0.5,-y+0.5
-z,x+1,-y+1
-z,y+0.5,-x+0.5
-z,y+1,-x+1/2
-z,y+1/2,-x+1
-z,y+1/2,1.0-x
-z,y+1/2,x+1
-z,y+3/4,x+5/4
-z,y+5/4,x+3/4
-z,y+5/4,x+5/4
0.25+y,0.25-x,0.25+z
0.25+y,0.75-x,0.75-z
0.25-y,0.25+x,0.25-z
0.25-y,0.75+x,0.75+z
0.250+x,-y,0.250+z
0.250+x,-z,0.250+y
0.250+x,0.250+y,-z
0.250+x,0.250+z,-y
0.250+x,0.500-y,0.750+z
0.250+x,0.500-z,0.750+y
0.250+x,0.750+y,0.500-z
0.250+x,0.750+z,0.500-y
0.250+y,-x,0.250+z
0.250+y,-z,0.250+x
0.250+y,0.250+x,-z
0.250+y,0.250+z,-x
0.250+y,0.500-x,0.750+z
0.250+y,0.500-z,0.750+x
0.250+y,0.750+x,0.500-z
0.250+y,0.750+z,0.500-x
0.250+z,-x,0.250+y
0.250+z,-y,0.250+x
0.250+z,0.250+x,-y
0.250+z,0.250+y,-x
0.250+z,0.500-x,0.750+y
0.250+z,0.500-y,0.750+x
0.250+z,0.750+x,0.500-y
0.250+z,0.750+y,0.500-x
0.250-x,0.250-y,z
0.250-x,0.250-z,y
0.250-x,0.500+y,0.750-z
0.250-x,0.500+z,0.750-y
0.250-x,0.750-y,0.500+z
0.250-x,0.750-z,0.500+y
0.250-x,y,0.250-z
0.250-x,z,0.250-y
0.250-y,0.250-x,z
0.250-y,0.250-z,x
0.250-y,0.500+x,0.750-z
0.250-y,0.500+z,0.750-x
0.250-y,0.750-x,0.500+z
0.250-y,0.750-z,0.500+x
0.250-y,x,0.250-z
0.250-y,z,0.250-x
0.250-z,0.250-x,y
0.250-z,0.250-y,x
0.250-z,0.500+x,0.750-y
0.250-z,0.500+y,0.750-x
0.250-z,0.750-x,0.500+y
0.250-z,0.750-y,0.500+x
0.250-z,x,0.250-y
0.250-z,y,0.250-x
0.5+x,-y,0.5+z
0.5+x,-y,0.5-z
0.5+x,0.5+y,+z
0.5+x,0.5+y,0.5+z
0.5+x,0.5+y,z
0.5+x,0.5-y,-z
0.5+x,0.5-y,0.5+z
0.5+x,0.5-y,0.5-z
0.5+x,0.5-y,1/2+z
0.5+x,0.5-y,z
0.5+x,y,-z
0.5+x,y,0.5-z
0.5+y,0.5+x,0.5+z
0.5+y,0.5-x,0.5-z
0.5-x,-y,0.5+z
0.5-x,-y,z
0.5-x,0.5+y,-z
0.5-x,0.5+y,0.5+z
0.5-x,0.5+y,0.5-z
0.5-x,0.5+y,z
0.5-x,0.5-y,-z
0.5-x,0.5-y,0.5+z
0.5-x,0.5-y,0.5-z
0.5-x,0.5-y,1-z
0.5-x,0.5-y,z+0.5
0.5-x,y,0.5+z
0.5-x,y,0.5-z
0.5-y,0.5+x,0.5-z
0.5-y,0.5-x,0.5+z
0.5-y,x+0.5,z+0.5
0.5-y,x-0.5,0.5-z
0.50+x,0.50-y,-z
0.50-x,-y,0.50+z
0.500+x,-y,0.500-z
0.500+x,0.250-y,0.750-z
0.500+x,0.250-z,0.750-y
0.500+x,0.500+y,0.500+z
0.500+x,0.500+y,0.500-z
0.500+x,0.500+y,1.000-z
0.500+x,0.500+y,z
0.500+x,0.500+z,0.500+y
0.500+x,0.500+z,y
0.500+x,0.500-y,-z
0.500+x,0.500-y,0.250-z
0.500+x,0.500-y,0.500+z
0.500+x,0.500-y,0.500-z
0.500+x,0.500-y,0.750-z
0.500+x,0.500-y,1.000+z
0.500+x,0.500-y,z
0.500+x,0.500-z,0.500-y
0.500+x,0.750-y,0.250-z
0.500+x,0.750-z,0.250-y
0.500+x,1.000+y,0.500-z
0.500+x,1.000-y,0.500+z
0.500+x,y,0.500+z
0.500+x,y,0.500-z
0.500+x,z,0.500+y
0.500+y,0.250-x,0.750-z
0.500+y,0.250-z,0.750-x
0.500+y,0.500+x,0.500+z
0.500+y,0.500+x,z
0.500+y,0.500+z,0.500+x
0.500+y,0.500+z,x
0.500+y,0.500-x,0.250+z
0.500+y,0.500-x,0.500-z
0.500+y,0.500-x,0.750+z
0.500+y,0.500-z,-x
0.500+y,0.500-z,0.500-x
0.500+y,0.750-x,0.250-z
0.500+y,0.750-z,0.250-x
0.500+y,x,0.500+z
0.500+y,z,0.500+x
0.500+z,0.250-x,0.750-y
0.500+z,0.250-y,0.750-x
0.500+z,0.500+x,0.500+y
0.500+z,0.500+x,y
0.500+z,0.500+y,0.500+x
0.500+z,0.500+y,x
0.500+z,0.500-x,-y
0.500+z,0.500-x,0.500-y
0.500+z,0.500-y,0.500-x
0.500+z,0.750-x,0.250-y
0.500+z,0.750-y,0.250-x
0.500+z,x,0.500+y
0.500+z,y,0.500+x
0.500-x,-y,0.500+z
0.500-x,-y,0.500-z
0.500-x,-z,0.500-y
0.500-x,0.250+y,0.750+z
0.500-x,0.250+z,0.750+y
0.500-x,0.500+y,-z
0.500-x,0.500+y,0.250-z
0.500-x,0.500+y,0.500-z
0.500-x,0.500+y,0.750-z
0.500-x,0.500+y,1.000+z
0.500-x,0.500+y,1.000-z
0.500-x,0.500+y,z
0.500-x,0.500+z,0.500-y
0.500-x,0.500-y,-z
0.500-x,0.500-y,0.500+z
0.500-x,0.500-y,1.000+z
0.500-x,0.500-z,-y
0.500-x,0.500-z,0.500+y
0.500-x,0.750+y,0.250+z
0.500-x,0.750+z,0.250+y
0.500-x,1.000+y,0.500-z
0.500-x,1.000-y,0.500+z
0.500-x,y,0.500+z
0.500-y,-x,0.500-z
0.500-y,-z,0.500+x
0.500-y,-z,0.500-x
0.500-y,0.250+x,0.750+z
0.500-y,0.250+z,0.750+x
0.500-y,0.500+x,0.250+z
0.500-y,0.500+x,0.500-z
0.500-y,0.500+x,0.750+z
0.500-y,0.500+z,0.500-x
0.500-y,0.500-x,-z
0.500-y,0.500-x,0.500+z
0.500-y,0.500-z,-x
0.500-y,0.500-z,0.500+x
0.500-y,0.750+x,0.250+z
0.500-y,0.750+z,0.250+x
0.500-z,-x,0.500+y
0.500-z,-x,0.500-y
0.500-z,-y,0.500-x
0.500-z,0.250+x,0.750+y
0.500-z,0.250+y,0.750+x
0.500-z,0.500+x,0.500-y
0.500-z,0.500+y,0.500-x
0.500-z,0.500-x,-y
0.500-z,0.500-x,0.500+y
0.500-z,0.500-y,-x
0.500-z,0.500-y,0.500+x
0.500-z,0.750+x,0.250+y
0.500-z,0.750+y,0.250+x
0.75+y,0.25-x,0.25-z
0.75+y,0.75-x,0.75+z
0.75-y,0.25+x,0.25+z
0.75-y,0.75+x,0.75-z
0.750+x,-y,0.750+z
0.750+x,-z,0.750+y
0.750+x,0.250+y,0.500-z
0.750+x,0.250+z,0.500-y
0.750+x,0.500-y,0.250+z
0.750+x,0.500-z,0.250+y
0.750+x,0.750+y,-z
0.750+x,0.750+z,-y
0.750+y,-x,0.750+z
0.750+y,-z,0.750+x
0.750+y,0.250+x,0.500-z
0.750+y,0.250+z,0.500-x
0.750+y,0.500-x,0.250+z
0.750+y,0.500-z,0.250+x
0.750+y,0.750+x,-z
0.750+y,0.750+z,-x
0.750+z,-x,0.750+y
0.750+z,-y,0.750+x
0.750+z,0.250+x,0.500-y
0.750+z,0.250+y,0.500-x
0.750+z,0.500-x,0.250+y
0.750+z,0.500-y,0.250+x
0.750+z,0.750+x,-y
0.750+z,0.750+y,-x
0.750-x,0.250-y,0.500+z
0.750-x,0.250-z,0.500+y
0.750-x,0.500+y,0.250-z
0.750-x,0.500+z,0.250-y
0.750-x,0.750-y,z
0.750-x,0.750-z,y
0.750-x,y,0.750-z
0.750-x,z,0.750-y
0.750-y,0.250-x,0.500+z
0.750-y,0.250-z,0.500+x
0.750-y,0.500+x,0.250-z
0.750-y,0.500+z,0.250-x
0.750-y,0.750-x,z
0.750-y,0.750-z,x
0.750-y,x,0.750-z
0.750-y,z,0.750-x
0.750-z,0.250-x,0.500+y
0.750-z,0.250-y,0.500+x
0.750-z,0.500+x,0.250-y
0.750-z,0.500+y,0.250-x
0.750-z,0.750-x,y
0.750-z,0.750-y,x
0.750-z,x,0.750-y
0.750-z,y,0.750-x
1+x,1-y,1/2+z
1+x,1-y,1/2-z
1+x,1/2+y,1-z
1+x,1/2-y,1/2+z
1+x,1/2-y,1/2-z
1+y,1-z,1/2-x
1+y,1/2-z,1/2+x
1+z,1-x,1/2-y
1+z,1/2-x,1/2+y
1-x,-y,-z
1-x,1-y,1-z
1-x,1-y,z
1-x,1/2+y,1/2+z
1-x,1/2+y,1/2-z
1-x,1/2-y,+z
1-x,1/2-y,1+z
1-x,1/2-y,1/2+z
1-y,1/2+z,1/2-x
1-y,1/2-z,1+x
1-z,1/2+x,1/2-y
1-z,1/2-x,1+y
1.00000-x,1/2+y,1/2-z
1.00000-y,1/2+z,1/2-x
1.00000-z,1/2+x,1/2-y
1.25000+y,3/4-x,3/4-z
1.25000-y,3/4+x,3/4+z
1/2+x,1+y,1/2-z
1/2+x,1-y,1/2+z
1/2+x,1.00000+y,1/2-z
1/2+x,1/2-y,1+z
1/2+x,1/2-y,1-z
1/2+x,1/2-y,1.00000+z
1/2+x,1/2-y,1.00000-z
1/2+y,1+x,3/4+z
1/2+y,1+z,1/2-x
1/2+y,1-x,3/4+z
1/2+y,1/2-z,1-x
1/2+y,1/2-z,1.00000-x
1/2+z,1+x,1/2-y
1/2+z,1/2-x,1-y
1/2+z,1/2-x,1.00000-y
1/2-x,-1/2-y,2-z
1/2-x,1+y,1-z
1/2-x,1-y,1/2+z
1/2-x,1-y,z
1/2-x,1.00000-y,1/2+z
1/2-x,1/2+y,1+z
1/2-x,1/2+y,1-z
1/2-x,1/2+y,1.00000+z
1/2-y,1+x,3/4+z
1/2-y,1+z,1-x
1/2-y,1-x,3/4+z
1/2-y,1-z,1/2+x
1/2-y,1.00000-z,1/2+x
1/2-y,1/2+z,1+x
1/2-z,1+x,1-y
1/2-z,1-x,1/2+y
1/2-z,1.00000-x,1/2+y
1/2-z,1/2+x,1+y
1/3+x,2/3+x-y,1+1/6+z
1/3+x,2/3+x-y,1.16667+z
1/3+x,2/3+x-y,7/6+z
1/3+x-y,2/3-y,1+1/6-z
1/3+x-y,2/3-y,1.16667-z
1/3+x-y,2/3-y,7/6-z
1/3+y,2/3+x,1+1/6-z
1/3+y,2/3+x,1.16667-z
1/3+y,2/3+x,7/6-z
1/3-x+y,2/3+y,1+1/6+z
1/3-x+y,2/3+y,1.16667+z
1/3-x+y,2/3+y,7/6+z
1/3-x,2/3-x+y,1+1/6-z
1/3-x,2/3-x+y,1.16667-z
1/3-x,2/3-x+y,7/6-z
1/3-y,2/3-x,1+1/6+z
1/3-y,2/3-x,1.16667+z
1/3-y,2/3-x,7/6+z
2-x,-y,-z
2-x,-y,1-z
2-x,1-y,1-z
2-x,y-0.5,2.5-z
2-x,y-1/2,-z
2.5+x,0.5-y,0.5+z
2.5-x,0.5+y,0.5-z
3/2-x,+y,-z
3/2-x,y,1/2-z
3/4+x,3/4-z,5/4+y
3/4+x,5/4-z,3/4-y
3/4+y,3/4-x,5/4+z
3/4+y,5/4-x,3/4-z
3/4+y,5/4-x,5/4-z
3/4+z,3/4-y,5/4+x
3/4+z,5/4-y,3/4-x
3/4-x,3/4+z,5/4-y
3/4-x,5/4+z,3/4+y
3/4-x,5/4-z,5/4+y
3/4-y,3/4+x,5/4-z
3/4-y,5/4+x,3/4+z
3/4-y,5/4-x,5/4+z
3/4-z,3/4+y,5/4-x
3/4-z,5/4+y,3/4+x
3/4-z,5/4-y,5/4+x
5/4+x,3/4+z,3/4-y
5/4+x,3/4-z,5/4-y
5/4+y,3/4+x,3/4-z
5/4+y,3/4-x,5/4-z
5/4+y,5/4-x,3/4+z
5/4+y,5/4-x,5/4+z
5/4+z,3/4+y,3/4-x
5/4+z,3/4-y,5/4-x
5/4-x,3/4-z,3/4+y
5/4-x,5/4+z,3/4-y
5/4-y,3/4+x,3/4+z
5/4-y,3/4+x,5/4+z
5/4-y,3/4-x,3/4+z
5/4-y,5/4+x,3/4-z
5/4-z,3/4-y,3/4+x
5/4-z,5/4+y,3/4-x
x+.5,-y+.5,-z
x+.5,-y+.5,z
x+.5,-y+.5,z+.5
x+.5,-y,-z
x+.5,y+.5,z
x+.5,y+.5,z+.5
x+.5,y,-z+.5
x+0.25,-y+0.25,z+0.25
x+0.25,-y+0.75,z+0.75
x+0.25,-z+0.25,y+0.25
x+0.25,-z+0.25,y+0.75
x+0.25,-z+0.75,y+0.75
x+0.25,y+0.25,-z+0.25
x+0.25,y+0.5,z
x+0.25,y+0.75,-z+0.75
x+0.25,y,-z+0.5
x+0.25,z+0.25,-y+0.25
x+0.25,z+0.75,-y+0.75
x+0.3333333333,x-y+0.6666666667,z+0.6666666667
x+0.3333333333,y+0.6666666667,z+0.6666666667
x+0.5,-y+0.5,-z
x+0.5,-y+0.5,-z+0.5
x+0.5,-y+0.5,z
x+0.5,-y+0.5,z+0.5
x+0.5,-y+0.666666666666667,-z+0.5
x+0.5,-y+0.666666666666667,z+0.5
x+0.5,-y,-z
x+0.5,-y,-z+0.5
x+0.5,-y,-z+0.75
x+0.5,-y,z
x+0.5,-y,z+0.5
x+0.5,-z+0.5,-y
x+0.5,-z,-y+0.5
x+0.5,y+0.5,-z
x+0.5,y+0.5,-z+0.5
x+0.5,y+0.5,0.5-z
x+0.5,y+0.5,z
x+0.5,y+0.5,z+0.5
x+0.5,y,-z
x+0.5,y,-z+0.5
x+0.5,y,-z+0.75
x+0.5,y,z
x+0.5,y,z+0.5
x+0.5,z+0.5,y
x+0.5,z,y+0.5
x+0.6666666667,x-y+0.3333333333,z+0.3333333333
x+0.6666666667,y+0.3333333333,z+0.3333333333
x+0.75,-y+0.25,z+0.75
x+0.75,-y+0.75,z+0.25
x+0.75,-z+0.25,y+0.75
x+0.75,-z+0.75,y+0.25
x+0.75,y+0.25,-z+0.75
x+0.75,y+0.5,z
x+0.75,y+0.75,-z+0.25
x+0.75,y,-z+0.5
x+0.75,z+0.25,-y+0.25
x+0.75,z+0.25,-y+0.75
x+0.75,z+0.75,-y+0.25
x+1,-y+1,-z
x+1,-y+1,-z+1/2
x+1,-y+1,z+1
x+1,-y+1,z+1/2
x+1,-y+1/2,-z+1/2
x+1,-y+1/2,-z+3/4
x+1,-y+1/2,-z+5/4
x+1,-y+1/2,z+1
x+1,-y+1/2,z+1/2
x+1,-y+1/4,-z+5/4
x+1,-y+3/4,-z+3/4
x+1,-y+5/4,-z+1/4
x+1,-y,-z+1
x+1,-z+1,-y+1/2
x+1,-z+1,y+1/2
x+1,-z+1/2,-y
x+1,-z+1/2,-y+1
x+1,-z+1/2,y+1
x+1,-z+1/4,-y+3/4
x+1,-z+1/4,-y+5/4
x+1,-z+3/4,-y+1/4
x+1,-z+3/4,-y+3/4
x+1,-z,-y+1/2
x+1,y+1/2,-z
x+1,y+1/2,-z+1
x+1,y+1/2,-z+1/2
x+1,y+1/2,-z+5/4
x+1,y,z
x+1,z+1,-y+1/2
x+1,z+1,y+1/2
x+1,z+1/2,-y
x+1,z+1/2,-y+1
x+1,z+1/2,y
x+1,z+1/2,y+1
x+1,z,-y+1/2
x+1,z,y+1/2
x+1/2,-y+1,-z+1/2
x+1/2,-y+1,-z+3/4
x+1/2,-y+1,-z+5/4
x+1/2,-y+1,z+1
x+1/2,-y+1,z+1/2
x+1/2,-y+1,z-1/2
x+1/2,-y+1/2,-z+1
x+1/2,-y+1/2,1+z
x+1/2,-y+1/2,z+1
x+1/2,-y+1/2,z-3/2
x+1/2,-y+3/2,z+1/2
x+1/2,-y+3/4,-z+5/4
x+1/2,-y+5/4,-z+3/4
x+1/2,-y+7/4,-z+1/4
x+1/2,-y,-z+1
x+1/2,-z+1,-y
x+1/2,-z+1,-y+1
x+1/2,-z+1,y
x+1/2,-z+1,y+1
x+1/2,-z+3/4,-y+5/4
x+1/2,-z,-y+1
x+1/2,-z,1.0-y
x+1/2,-z,y+1
x+1/2,y+1,-z+1
x+1/2,y+1,-z+1/2
x+1/2,y+1,-z+3/4
x+1/2,y+1/2,-z+1
x+1/2,z+1,-y
x+1/2,z+1,-y+1
x+1/2,z+1,y
x+1/2,z+1,y+1
x+1/2,z,-y+1
x+1/2,z,1.0+y
x+1/2,z,y+1
x+1/3,x-y+2/3,z+7/6
x+1/4,-y+1,z+5/4
x+1/4,-y+5/4,z+5/4
x+1/4,-z+1,y+3/4
x+1/4,-z+1,y+5/4
x+1/4,-z+1/2,y+5/4
x+1/4,-z+5/4,y+5/4
x+1/4,y+5/4,-z+1
x+1/4,y+5/4,-z+5/4
x+1/4,z+3/4,-y+1
x+1/4,z+5/4,-y+1/2
x+3/4,-y+1,z+3/4
x+3/4,-y+1/2,z+5/4
x+3/4,-y+3/4,z+5/4
x+3/4,-y+5/4,z+3/4
x+3/4,-z+1,y+1/4
x+3/4,-z+1,y+3/4
x+3/4,-z+1,y+5/4
x+3/4,-z+1/2,y+5/4
x+3/4,-z+3/4,y+5/4
x+3/4,-z+3/4,y+9/4
x+3/4,-z+5/4,-y+3/4
x+3/4,-z+5/4,y+3/4
x+3/4,-z,y+5/4
x+3/4,y+3/4,-z+1
x+3/4,y+3/4,-z+5/4
x+3/4,y+5/4,-z+1/2
x+3/4,y+5/4,-z+3/4
x+3/4,z+1/4,-y+1
x+3/4,z+3/4,-y+1
x+3/4,z+3/4,-y+5/4
x+3/4,z+5/4,-y
x+3/4,z+5/4,-y+1
x+3/4,z+5/4,-y+1/2
x+3/4,z+5/4,-y+3/4
x+3/4,z+5/4,-y+5/4
x+5/4,-y+1/2,z+3/4
x+5/4,-y+3/4,z+3/4
x+5/4,-y+5/4,z+1/4
x+5/4,-y,z+5/4
x+5/4,-z+1,y+3/4
x+5/4,-z+1/2,y+1/4
x+5/4,-z+1/2,y+3/4
x+5/4,-z+1/2,y+5/4
x+5/4,-z+1/4,y+5/4
x+5/4,-z+3/4,-y+5/4
x+5/4,-z+3/4,y+3/4
x+5/4,-z+5/4,y+3/4
x+5/4,-z,y+3/4
x+5/4,-z,y+5/4
x+5/4,y+1/4,-z+5/4
x+5/4,y+3/4,-z+3/4
x+5/4,z+1/4,-y+1
x+5/4,z+1/4,-y+1/2
x+5/4,z+1/4,-y+5/4
x+5/4,z+3/4,-y
x+5/4,z+3/4,-y+1
x+5/4,z+3/4,-y+1/2
x+5/4,z+3/4,-y+3/4
x+5/4,z+5/4,-y
x+5/4,z+5/4,-y+1/2
x+5/4,z+5/4,-y+1/4
x+5/4,z+5/4,y+5/4
x+9/4,z+3/4,-y+3/4
x,-0.5-y,-0.5+z
x,-0.5-y,0.5+z
x,-y+0.5,-z
x,-y+0.5,-z+0.25
x,-y+0.5,-z+0.5
x,-y+0.5,z
x,-y+0.5,z+0.5
x,-y+0.666666666666667,-z+0.5
x,-y+0.666666666666667,z+0.5
x,-y+1,-z+1
x,-y+1,-z+1/2
x,-y+1,z
x,-y+1,z+1/2
x,-y+1/2,-z+1
x,-y+1/2,z+1
x,-y+5/4,-z+1/4
x,-y+5/4,-z+5/4
x,-y+7/4,-z+3/4
x,-y,-z+0.5
x,-y,0.5+z
x,-y,0.500+z
x,-y,0.500-z
x,-y,z+.5
x,-y,z+0.5
x,-y,z-0.5
x,-y,z-3/2
x,-z+0.5,-y+0.5
x,-z+1,-y+1/2
x,-z+1,y+1/2
x,-z+1/2,-y+1
x,-z+1/2,1.0-y
x,-z+1/2,y+1
x,.5-y,.5+z
x,0.250-y,0.250-z
x,0.250-z,0.250-y
x,0.5+y,-z
x,0.5+y,0.5+z
x,0.5-y,0.5+z
x,0.5-y,z
x,0.500+y,0.500+z
x,0.500+y,0.500-z
x,0.500+z,0.500+y
x,0.500-y,0.500+z
x,0.500-y,z
x,0.750-y,0.750-z
x,0.750-z,0.750-y
x,1+y,z
x,3/2-y,1/2+z
x,x-y,-z+0.5
x,x-y,0.500-z
x,x-y,z-1
x,y+.5,-z
x,y+.5,-z+.5
x,y+0.5,-z
x,y+0.5,-z+0.25
x,y+0.5,-z+0.5
x,y+0.5,z
x,y+0.5,z+0.5
x,y,-z+0.5
x,y,0.500-z
x,y,1+z
x,y,z+0.5
x,z+0.5,y+0.5
x,z+1,-y+1/2
x,z+1,y+1/2
x,z+1/2,-y+1
x,z+1/2,1.0+y
x,z+1/2,y+1
x-0.5,0.5+y,z
x-0.5,0.5-y,z-0.5
x-1,-y-1/2,z-1/2
x-1,-y-3/2,z-5/2
x-1,y,z
x-1,y-1,z
x-1/2,y-1,-z-1/2
x-2,-y,z-1/2
x-3/2,-y+1/2,z-1/2
x-3/4,y-5/4,-z+1/2
x-5/4,-y+1/2,z+1/4
x-5/4,-y,z-1/4
x-5/4,y-3/4,-z+1/2
x-5/4,y-5/4,-z
x-y+0.3333333333,-y+0.6666666667,-z+0.6666666667
x-y+0.3333333333,x+0.6666666667,-z+0.6666666667
x-y+0.6666666667,-y+0.3333333333,-z+0.3333333333
x-y+0.6666666667,x+0.3333333333,-z+0.3333333333
x-y+1/3,-y+2/3,-z+5/3
x-y+1/3,-y+2/3,-z+7/6
x-y+2/3,-y+1/3,-z+4/3
x-y,-y,-z+1
x-y,-y,0.500+z
x-y,-y,z+.5
x-y,-y,z+0.5
x-y,x,0.500+z
x-y,x,z+.5
x-y,x,z+0.5
y+.25,-x+.25,z+.25
y+.25,-x+.75,-z+.75
y+.75,-x+.25,-z+.25
y+.75,-x+.75,z+.75
y+0.25,-x+0.25,z+0.25
y+0.25,-x+0.25,z+0.75
y+0.25,-x+0.75,-z+0.25
y+0.25,-x+0.75,z+0.75
y+0.25,-z+0.25,x+0.25
y+0.25,-z+0.75,x+0.75
y+0.25,x+0.25,-z+0.25
y+0.25,x+0.25,z+0.75
y+0.25,x+0.75,-z+0.25
y+0.25,x+0.75,-z+0.75
y+0.25,z+0.25,-x+0.25
y+0.25,z+0.75,-x+0.75
y+0.3333333333,-x+y+0.6666666667,-z+0.6666666667
y+0.3333333333,x+0.6666666667,-z+0.6666666667
y+0.5,-x+0.5,-z
y+0.5,-x+0.5,-z+0.5
y+0.5,-x+0.5,z+0.5
y+0.5,-x,-z+0.5
y+0.5,-x,z+0.75
y+0.5,-z+0.5,-x
y+0.5,-z,-x+0.5
y+0.5,0.5-x,0.5-z
y+0.5,0.5-x,z+0.5
y+0.5,x+0.5,-z+0.5
y+0.5,x+0.5,z
y+0.5,x+0.5,z+0.5
y+0.5,x,z+0.5
y+0.5,x,z+0.75
y+0.5,z+0.5,x
y+0.5,z,x+0.5
y+0.6666666667,-x+y+0.3333333333,-z+0.3333333333
y+0.6666666667,x+0.3333333333,-z+0.3333333333
y+0.75,-x+0.25,-z+0.75
y+0.75,-x+0.25,z+0.75
y+0.75,-x+0.75,z+0.25
y+0.75,-z+0.25,x+0.75
y+0.75,-z+0.75,x+0.25
y+0.75,x+0.25,-z+0.25
y+0.75,x+0.25,-z+0.75
y+0.75,x+0.75,-z+0.25
y+0.75,x+0.75,z+0.25
y+0.75,z+0.25,-x+0.75
y+0.75,z+0.75,-x+0.25
y+1,-x+1,-z+1
y+1,-x+1,-z+1/2
y+1,-x+1,z+1/2
y+1,-x+1/2,-z
y+1,-x+1/2,-z+1
y+1,-x+1/2,z+1
y+1,-x+1/2,z+3/4
y+1,-x+1/2,z+5/4
y+1,-x+1/4,-z+3/4
y+1,-x+1/4,-z+5/4
y+1,-x+3/4,-z+1/4
y+1,-x+3/4,-z+3/4
y+1,-x,-z+1/2
y+1,-z+1,-x
y+1,-z+1,-x+1/2
y+1,-z+1/2,-x+1/2
y+1,-z+1/4,-x+5/4
y+1,-z+3/4,-x+3/4
y+1,-z+5/4,-x+1/4
y+1,-z,-x+1
y+1,x+1,-z+1
y+1,x+1,-z+1/2
y+1,x+1,z+1/2
y+1,x+1/2,-z
y+1,x+1/2,-z+1
y+1,x+1/2,z
y+1,x+1/2,z+1
y+1,x+1/2,z+3/4
y+1,x+1/2,z+5/4
y+1,x,-z+1/2
y+1,x,z+1/2
y+1,z+1/2,-x+1
y+1/2,-x+1,-z
y+1/2,-x+1,-z+1
y+1/2,-x+1,z
y+1/2,-x+1,z+1
y+1/2,-x+1,z+3/4
y+1/2,-x+3/4,-z+5/4
y+1/2,-x,-z+1
y+1/2,-x,1.0-z
y+1/2,-x,z+1
y+1/2,-z+1,-x+1/2
y+1/2,-z+1,x+1
y+1/2,-z+1/2,-x+1
y+1/2,-z+3/4,-x+5/4
y+1/2,-z+5/4,-x+3/4
y+1/2,x+1,-z+1
y+1/2,x+1,z
y+1/2,x+1,z+1
y+1/2,x+1,z+1/4
y+1/2,x+1,z+3/4
y+1/2,x+1,z+5/4
y+1/2,x+1/2,-z+1
y+1/2,x+1/2,z+1
y+1/2,x,-z+1
y+1/2,x,1.0+z
y+1/2,x,z+1
y+1/2,x,z+5/4
y+1/3,x+2/3,-z+5/3
y+1/3,x+2/3,-z+7/6
y+1/4,-x+1,z+5/4
y+1/4,-x+1/2,z+5/4
y+1/4,-x+5/4,z+5/4
y+1/4,-z+1,x+5/4
y+1/4,x+3/4,-z+1
y+1/4,x+5/4,-z+1/2
y+2/3,x+1/3,-z+4/3
y+3/2,-x+1/2,-z+1/2
y+3/4,-x+1,z+3/4
y+3/4,-x+1,z+5/4
y+3/4,-x+1/2,z+5/4
y+3/4,-x+3/4,z+5/4
y+3/4,-x+3/4,z+9/4
y+3/4,-x+5/4,-z+3/4
y+3/4,-x+5/4,z+3/4
y+3/4,-x,z+5/4
y+3/4,-z+1,x+3/4
y+3/4,-z+1/2,x+5/4
y+3/4,x+1/4,-z+1
y+3/4,x+3/4,-z+1
y+3/4,x+3/4,-z+5/4
y+3/4,x+3/4,z+5/4
y+3/4,x+5/4,-z
y+3/4,x+5/4,-z+1/2
y+3/4,x+5/4,-z+3/4
y+3/4,x+5/4,-z+5/4
y+5/4,-x+1,z+3/4
y+5/4,-x+1/2,z+1/4
y+5/4,-x+1/2,z+3/4
y+5/4,-x+1/2,z+5/4
y+5/4,-x+1/4,z+5/4
y+5/4,-x+3/4,-z+3/4
y+5/4,-x+3/4,-z+5/4
y+5/4,-x+3/4,z+3/4
y+5/4,-x+5/4,z+5/4
y+5/4,-x,z+3/4
y+5/4,-x,z+5/4
y+5/4,x+1/4,-z+1
y+5/4,x+1/4,-z+1/2
y+5/4,x+1/4,-z+5/4
y+5/4,x+3/4,-z
y+5/4,x+3/4,-z+1/2
y+5/4,x+3/4,-z+3/4
y+5/4,x+3/4,-z+5/4
y+5/4,x+5/4,-z
y+5/4,x+5/4,-z+1/4
y+5/4,x+5/4,z+3/4
y+5/4,x+5/4,z+5/4
y+9/4,x+3/4,-z+3/4
y,-x+0.5,-z+0.5
y,-x+0.5,z+0.25
y,-x+1,-z+1/2
y,-x+1,z+1/2
y,-x+1/2,-z+1
y,-x+1/2,1.0-z
y,-x+1/2,z+1
y,-x+1/2,z+5/4
y,-x+3/2,z
y,-x+y,0.500+z
y,-x+y,z+.5
y,-x+y,z+0.5
y,-x,0.500+z
y,-x,0.500-z
y,-x,z+0.5
y,-z+0.5,-x+0.5
y,-z+1,-x+1
y,-z+5/4,-x+5/4
y,0.250-x,0.250-z
y,0.250-z,0.250-x
y,0.500+x,0.500+z
y,0.500+z,0.500+x
y,0.750-x,0.750-z
y,0.750-z,0.750-x
y,x+0.5,z+0.25
y,x+0.5,z+0.5
y,x+1,z+1/2
y,x+1/2,-z+1
y,x+1/2,1.0+z
y,x+1/2,z+1
y,x,-z+1
y,x,0.500+z
y,x,z+.5
y,x,z+0.5
y,z+0.5,x+0.5
z+0.25,-x+0.25,y+0.25
z+0.25,-x+0.75,y+0.75
z+0.25,-y+0.25,x+0.25
z+0.25,-y+0.25,x+0.75
z+0.25,-y+0.75,x+0.75
z+0.25,x+0.25,-y+0.25
z+0.25,x+0.75,-y+0.75
z+0.25,y+0.25,-x+0.25
z+0.25,y+0.75,-x+0.75
z+0.5,-x+0.5,-y
z+0.5,-x,-y+0.5
z+0.5,-y+0.5,-x
z+0.5,-y,-x+0.5
z+0.5,x+0.5,y
z+0.5,x,y+0.5
z+0.5,y+0.5,x
z+0.5,y,x+0.5
z+0.75,-x+0.25,y+0.75
z+0.75,-x+0.75,y+0.25
z+0.75,-y+0.25,x+0.75
z+0.75,-y+0.75,x+0.25
z+0.75,x+0.25,-y+0.75
z+0.75,x+0.75,-y+0.25
z+0.75,y+0.25,-x+0.25
z+0.75,y+0.25,-x+0.75
z+0.75,y+0.75,-x+0.25
z+1,-x+1,-y+1/2
z+1,-x+1/2,-y+1/2
z+1,-x+1/4,-y+5/4
z+1,-x+3/4,-y+3/4
z+1,-x+5/4,-y+1/4
z+1,-x,-y+1
z+1,-y+1,-x+1/2
z+1,-y+1,x+1/2
z+1,-y+1/2,-x
z+1,-y+1/2,-x+1
z+1,-y+1/2,x
z+1,-y+1/2,x+1
z+1,-y+1/4,-x+5/4
z+1,-y+3/4,-x+3/4
z+1,-y,-x+1/2
z+1,-y,x+1/2
z+1,x+1/2,-y+1
z+1,y+1,-x+1/2
z+1,y+1,x+1/2
z+1,y+1/2,-x
z+1,y+1/2,-x+1
z+1,y+1/2,x
z+1,y+1/2,x+1
z+1,y,-x+1/2
z+1,y,x+1/2
z+1/2,-x+1,-y+1/2
z+1/2,-x+1/2,-y+1
z+1/2,-x+3/4,-y+5/4
z+1/2,-x+5/4,-y+3/4
z+1/2,-y+1,-x+1
z+1/2,-y+1,x
z+1/2,-y+1,x+1
z+1/2,-y+3/4,-x+5/4
z+1/2,-y,-x+1
z+1/2,-y,1.0-x
z+1/2,-y,x+1
z+1/2,y+1,-x
z+1/2,y+1,-x+1
z+1/2,y+1,x+1
z+1/2,y,-x+1
z+1/2,y,1.0+x
z+1/2,y,x+1
z+1/4,-x+1,y+5/4
z+1/4,-y+1,x+5/4
z+1/4,-y+1/2,x+5/4
z+1/4,-y+5/4,x+5/4
z+1/4,y+5/4,-x+1
z+1/4,y+5/4,-x+1/2
z+1/4,y+5/4,-x+5/4
z+3/4,-x+1,y+3/4
z+3/4,-x+1/2,y+5/4
z+3/4,-y+1,x+3/4
z+3/4,-y+1,x+5/4
z+3/4,-y+1/2,x+5/4
z+3/4,-y+3/4,x+5/4
z+3/4,-y+3/4,x+9/4
z+3/4,-y+5/4,-x+3/4
z+3/4,-y+5/4,x+3/4
z+3/4,-y,x+5/4
z+3/4,y+3/4,-x+1
z+3/4,y+3/4,-x+5/4
z+3/4,y+5/4,-x
z+3/4,y+5/4,-x+1
z+3/4,y+5/4,-x+1/2
z+3/4,y+5/4,-x+3/4
z+3/4,y+5/4,-x+5/4
z+5/4,-y+1,x+3/4
z+5/4,-y+1/2,x+1/4
z+5/4,-y+1/2,x+3/4
z+5/4,-y+1/2,x+5/4
z+5/4,-y+1/4,x+5/4
z+5/4,-y+3/4,-x+5/4
z+5/4,-y+3/4,x+3/4
z+5/4,-y+5/4,x+3/4
z+5/4,-y,x+3/4
z+5/4,-y,x+5/4
z+5/4,y+1/4,-x+1
z+5/4,y+1/4,-x+1/2
z+5/4,y+1/4,-x+5/4
z+5/4,y+3/4,-x
z+5/4,y+3/4,-x+1
z+5/4,y+3/4,-x+1/2
z+5/4,y+3/4,-x+3/4
z+5/4,y+5/4,-x
z+5/4,y+5/4,-x+1/2
z+5/4,y+5/4,-x+1/4
z+5/4,y+5/4,x+5/4
z+9/4,y+3/4,-x+3/4
z,-x+0.5,-y+0.5
z,-x+1,-y+1
z,-x+5/4,-y+5/4
z,-y+0.5,-x+0.5
z,-y+1,x+1/2
z,-y+1/2,-x+1
z,-y+1/2,1.0-x
z,-y+1/2,x+1
z,0.250-x,0.250-y
z,0.250-y,0.250-x
z,0.500+x,0.500+y
z,0.500+y,0.500+x
z,0.750-x,0.750-y
z,0.750-y,0.750-x
z,x+0.5,y+0.5
z,y+0.5,x+0.5
z,y+1,-x+1/2
z,y+1/2,-x+1
z,y+1/2,1.0+x
z,y+1/2,x+1
