-1.23e12
-1.23E12
-.23e12
-.23E12
-111
-12
-11.1
-1e1
-1E1
-1.23
-1
-1.
-.1e1
-.1E1
-.23
-.1
-1.23e-12
-1.23E-12
-.23e-12
-.23E-12
-.0
.0
+.0
0.23e-12
0.23E-12
.23e-12
+.23e-12
.23E-12
+.23E-12
1.e-12
1.E-12
+1.23e-12
+1.23E-12
.123
0.23
.23
+.23
1
+1
1.
.1e1
.1E1
1.1
1.2
+1.23
1.23
1.234
2
+2.2
3
4
5
6
1e1
+1.e1
1.e1
1E1
+1.E1
1.E1
11.1
12
21
23
+.23e2
+.23E2
33
111
+111
113
123
2.34e4
2.34E4
+10000000
+10000000.
0.23e12
0.23E12
.23e12
.23E12
1.e12
1.E12
1.1e12
1.1E12
+1.23e12
+1.23E12
1.234e12
1.234E12
1000000000.e1000000000
1000000000.E1000000000
